/scratch/hutzig/tcc_mixed_precision/envs/ai_nvidia/lib/python3.11/site-packages/torch/cuda/__init__.py:61: FutureWarning: The pynvml package is deprecated. Please install nvidia-ml-py instead. If you did not install pynvml directly, please report this to the maintainers of the package that installed pynvml for you.
  import pynvml  # type: ignore[import]
Traceback (most recent call last):
  File "/scratch/hutzig/tcc_mixed_precision/src/inference_pytorch.py", line 196, in <module>
    main()
  File "/scratch/hutzig/tcc_mixed_precision/src/inference_pytorch.py", line 175, in main
    metrics = benchmark_inference(
              ^^^^^^^^^^^^^^^^^^^^
  File "/scratch/hutzig/tcc_mixed_precision/src/inference_pytorch.py", line 112, in benchmark_inference
    _ = model(**batch)
        ^^^^^^^^^^^^^^
  File "/scratch/hutzig/tcc_mixed_precision/envs/ai_nvidia/lib/python3.11/site-packages/torch/nn/modules/module.py", line 1736, in _wrapped_call_impl
    return self._call_impl(*args, **kwargs)
           ^^^^^^^^^^^^^^^^^^^^^^^^^^^^^^^^
  File "/scratch/hutzig/tcc_mixed_precision/envs/ai_nvidia/lib/python3.11/site-packages/torch/nn/modules/module.py", line 1747, in _call_impl
    return forward_call(*args, **kwargs)
           ^^^^^^^^^^^^^^^^^^^^^^^^^^^^^
  File "/scratch/hutzig/tcc_mixed_precision/envs/ai_nvidia/lib/python3.11/site-packages/transformers/models/gpt2/modeling_gpt2.py", line 1092, in forward
    logits = self.lm_head(hidden_states[:, slice_indices, :])
             ^^^^^^^^^^^^^^^^^^^^^^^^^^^^^^^^^^^^^^^^^^^^^^^^
  File "/scratch/hutzig/tcc_mixed_precision/envs/ai_nvidia/lib/python3.11/site-packages/torch/nn/modules/module.py", line 1736, in _wrapped_call_impl
    return self._call_impl(*args, **kwargs)
           ^^^^^^^^^^^^^^^^^^^^^^^^^^^^^^^^
  File "/scratch/hutzig/tcc_mixed_precision/envs/ai_nvidia/lib/python3.11/site-packages/torch/nn/modules/module.py", line 1747, in _call_impl
    return forward_call(*args, **kwargs)
           ^^^^^^^^^^^^^^^^^^^^^^^^^^^^^
  File "/scratch/hutzig/tcc_mixed_precision/envs/ai_nvidia/lib/python3.11/site-packages/torch/nn/modules/linear.py", line 125, in forward
    return F.linear(input, self.weight, self.bias)
           ^^^^^^^^^^^^^^^^^^^^^^^^^^^^^^^^^^^^^^^
torch.OutOfMemoryError: CUDA out of memory. Tried to allocate 18.41 GiB. GPU 0 has a total capacity of 44.52 GiB of which 9.05 GiB is free. Including non-PyTorch memory, this process has 35.46 GiB memory in use. Of the allocated memory 32.67 GiB is allocated by PyTorch, and 2.30 GiB is reserved by PyTorch but unallocated. If reserved but unallocated memory is large try setting PYTORCH_CUDA_ALLOC_CONF=expandable_segments:True to avoid fragmentation.  See documentation for Memory Management  (https://pytorch.org/docs/stable/notes/cuda.html#environment-variables)
