Running on device: NVIDIA L40S
--- Training PyTorch Model: resnet50 | Precision: fp32 | Batch: 4 ---
Epoch 1/1
Epoch 1 time: 3.221s | Last loss: 2.1452

--- Benchmark Complete ---
timestamp: 2025-10-18T08:30:21.400312
gpu_vendor: nvidia
gpu_name: NVIDIA L40S
model: resnet50
precision: fp32
batch_size: 4
epochs: 1
total_time_sec: 3.2213
avg_throughput_samples_per_sec: 124.1716
final_loss: 2.1452
nan_inf_count: 0
skipped_steps: 0
peak_memory_mb: 1733.7500
avg_utilization_percent: 18
avg_power_watts: 123.0733
Results saved to results_precision_batch/nvidia_train_resnet50_fp32_bs4_e1_r1.csv
Raw GPU metrics saved to results_precision_batch/nvidia_train_resnet50_fp32_bs4_e1_r1_raw_metrics.csv
