Running on device: NVIDIA L40S
--- Training PyTorch Model: resnet50 | Precision: fp32 | Batch: 256 ---
Epoch 1/1
Epoch 1 time: 44.942s | Last loss: 2.3124

--- Benchmark Complete ---
timestamp: 2025-10-18T08:27:51.244345
gpu_vendor: nvidia
gpu_name: NVIDIA L40S
model: resnet50
precision: fp32
batch_size: 256
epochs: 1
total_time_sec: 44.9422
avg_throughput_samples_per_sec: 569.6203
final_loss: 2.3124
nan_inf_count: 0
skipped_steps: 0
peak_memory_mb: 25661.7500
avg_utilization_percent: 97.3478
avg_power_watts: 300.1224
Results saved to results_precision_batch/nvidia_train_resnet50_fp32_bs256_e1_r1.csv
Raw GPU metrics saved to results_precision_batch/nvidia_train_resnet50_fp32_bs256_e1_r1_raw_metrics.csv
