Running on device: NVIDIA L40S
--- Training PyTorch Model: resnet50 | Precision: fp32 | Batch: 384 ---
Epoch 1/1
Epoch 1 time: 68.256s | Last loss: 2.3074

--- Benchmark Complete ---
timestamp: 2025-10-18T08:27:02.361359
gpu_vendor: nvidia
gpu_name: NVIDIA L40S
model: resnet50
precision: fp32
batch_size: 384
epochs: 1
total_time_sec: 68.2562
avg_throughput_samples_per_sec: 562.5861
final_loss: 2.3074
nan_inf_count: 0
skipped_steps: 0
peak_memory_mb: 37841.7500
avg_utilization_percent: 97.8696
avg_power_watts: 301.8081
Results saved to results_precision_batch/nvidia_train_resnet50_fp32_bs384_e1_r1.csv
Raw GPU metrics saved to results_precision_batch/nvidia_train_resnet50_fp32_bs384_e1_r1_raw_metrics.csv
