Running on device: NVIDIA L40S
--- Training PyTorch Model: resnet50 | Precision: fp32 | Batch: 512 ---
Epoch 1/1
Epoch 1 time: 91.838s | Last loss: 2.3010

--- Benchmark Complete ---
timestamp: 2025-10-18T08:25:50.438382
gpu_vendor: nvidia
gpu_name: NVIDIA L40S
model: resnet50
precision: fp32
batch_size: 512
epochs: 1
total_time_sec: 91.8390
avg_throughput_samples_per_sec: 557.4974
final_loss: 2.3010
nan_inf_count: 0
skipped_steps: 0
peak_memory_mb: 45401.7500
avg_utilization_percent: 98.6559
avg_power_watts: 297.8023
Results saved to results_precision_batch/nvidia_train_resnet50_fp32_bs512_e1_r1.csv
Raw GPU metrics saved to results_precision_batch/nvidia_train_resnet50_fp32_bs512_e1_r1_raw_metrics.csv
