Running on device: NVIDIA L40S
--- Training PyTorch Model: bert-large | Precision: fp32 | Batch: 2 ---
Epoch 1/1
Epoch 1 time: 8.716s | Last loss: 0.8039

--- Benchmark Complete ---
timestamp: 2025-10-18T08:52:18.994364
gpu_vendor: nvidia
gpu_name: NVIDIA L40S
model: bert-large
precision: fp32
batch_size: 2
epochs: 1
total_time_sec: 8.7169
avg_throughput_samples_per_sec: 22.9439
final_loss: 0.8039
nan_inf_count: 0
skipped_steps: 0
peak_memory_mb: 7629.7500
avg_utilization_percent: 35.8571
avg_power_watts: 149.4906
Results saved to results_precision_batch/nvidia_train_bert-large_fp32_bs2_e1_r1.csv
Raw GPU metrics saved to results_precision_batch/nvidia_train_bert-large_fp32_bs2_e1_r1_raw_metrics.csv
