Running on device: NVIDIA L40S
--- Training PyTorch Model: bert-large | Precision: fp16 | Batch: 1 ---
Epoch 1/1
Epoch 1 time: 10.055s | Last loss: 0.7637

--- Benchmark Complete ---
timestamp: 2025-10-18T09:00:08.974812
gpu_vendor: nvidia
gpu_name: NVIDIA L40S
model: bert-large
precision: fp16
batch_size: 1
epochs: 1
total_time_sec: 10.0558
avg_throughput_samples_per_sec: 9.9445
final_loss: 0.7637
nan_inf_count: 0
skipped_steps: 0
peak_memory_mb: 7621.7500
avg_utilization_percent: 33.8667
avg_power_watts: 141.0085
Results saved to results_precision_batch/nvidia_train_bert-large_fp16_bs1_e1_r1.csv
Raw GPU metrics saved to results_precision_batch/nvidia_train_bert-large_fp16_bs1_e1_r1_raw_metrics.csv
