Running on device: NVIDIA L40S
--- Training PyTorch Model: gpt2 | Precision: fp16 | Batch: 128 ---
Epoch 1/1
Epoch 1 time: 36.418s | Last loss: 10.8893

--- Benchmark Complete ---
timestamp: 2025-10-18T09:13:57.567872
gpu_vendor: nvidia
gpu_name: NVIDIA L40S
model: gpt2
precision: fp16
batch_size: 128
epochs: 1
total_time_sec: 36.4181
avg_throughput_samples_per_sec: 351.4732
final_loss: 10.8893
nan_inf_count: 0
skipped_steps: 0
peak_memory_mb: 32303.7500
avg_utilization_percent: 91.7949
avg_power_watts: 285.6281
Results saved to results_precision_batch/nvidia_train_gpt2_fp16_bs128_e1_r1.csv
Raw GPU metrics saved to results_precision_batch/nvidia_train_gpt2_fp16_bs128_e1_r1_raw_metrics.csv
