Running on device: NVIDIA L40S
--- Training PyTorch Model: resnet50 | Precision: bf16 | Batch: 256 ---
Epoch 1/1
Epoch 1 time: 24.616s | Last loss: 2.3129

--- Benchmark Complete ---
timestamp: 2025-10-18T08:43:00.689705
gpu_vendor: nvidia
gpu_name: NVIDIA L40S
model: resnet50
precision: bf16
batch_size: 256
epochs: 1
total_time_sec: 24.6164
avg_throughput_samples_per_sec: 1039.9558
final_loss: 2.3129
nan_inf_count: 0
skipped_steps: 0
peak_memory_mb: 14165.7500
avg_utilization_percent: 94.6800
avg_power_watts: 299.4055
Results saved to results_precision_batch/nvidia_train_resnet50_bf16_bs256_e1_r1.csv
Raw GPU metrics saved to results_precision_batch/nvidia_train_resnet50_bf16_bs256_e1_r1_raw_metrics.csv
