Running on device: NVIDIA L40S
--- Training PyTorch Model: bert-large | Precision: bf16 | Batch: 1 ---
Epoch 1/1
Epoch 1 time: 10.683s | Last loss: 0.5859

--- Benchmark Complete ---
timestamp: 2025-10-18T09:07:34.866666
gpu_vendor: nvidia
gpu_name: NVIDIA L40S
model: bert-large
precision: bf16
batch_size: 1
epochs: 1
total_time_sec: 10.6838
avg_throughput_samples_per_sec: 9.3600
final_loss: 0.5859
nan_inf_count: 0
skipped_steps: 0
peak_memory_mb: 7581.7500
avg_utilization_percent: 31.6875
avg_power_watts: 150.9291
Results saved to results_precision_batch/nvidia_train_bert-large_bf16_bs1_e1_r1.csv
Raw GPU metrics saved to results_precision_batch/nvidia_train_bert-large_bf16_bs1_e1_r1_raw_metrics.csv
