Running on device: NVIDIA L40S
--- Training PyTorch Model: resnet50 | Precision: fp16 | Batch: 64 ---
Epoch 1/1
Epoch 1 time: 5.553s | Last loss: 2.3036

--- Benchmark Complete ---
timestamp: 2025-10-18T08:36:36.006940
gpu_vendor: nvidia
gpu_name: NVIDIA L40S
model: resnet50
precision: fp16
batch_size: 64
epochs: 1
total_time_sec: 5.5541
avg_throughput_samples_per_sec: 1152.3098
final_loss: 2.3036
nan_inf_count: 0
skipped_steps: 0
peak_memory_mb: 4433.7500
avg_utilization_percent: 72.3333
avg_power_watts: 246.5625
Results saved to results_precision_batch/nvidia_train_resnet50_fp16_bs64_e1_r1.csv
Raw GPU metrics saved to results_precision_batch/nvidia_train_resnet50_fp16_bs64_e1_r1_raw_metrics.csv
