Running on device: NVIDIA L40S
--- Training PyTorch Model: bert-large | Precision: bf16 | Batch: 2 ---
Epoch 1/1
Epoch 1 time: 9.954s | Last loss: 0.6777

--- Benchmark Complete ---
timestamp: 2025-10-18T09:07:16.118270
gpu_vendor: nvidia
gpu_name: NVIDIA L40S
model: bert-large
precision: bf16
batch_size: 2
epochs: 1
total_time_sec: 9.9551
avg_throughput_samples_per_sec: 20.0902
final_loss: 0.6777
nan_inf_count: 0
skipped_steps: 0
peak_memory_mb: 7629.7500
avg_utilization_percent: 32.9333
avg_power_watts: 139.9683
Results saved to results_precision_batch/nvidia_train_bert-large_bf16_bs2_e1_r1.csv
Raw GPU metrics saved to results_precision_batch/nvidia_train_bert-large_bf16_bs2_e1_r1_raw_metrics.csv
