Running on device: NVIDIA L40S
--- Training PyTorch Model: resnet50 | Precision: bf16 | Batch: 8 ---
Epoch 1/1
Epoch 1 time: 3.566s | Last loss: 2.2197

--- Benchmark Complete ---
timestamp: 2025-10-18T08:44:44.931449
gpu_vendor: nvidia
gpu_name: NVIDIA L40S
model: resnet50
precision: bf16
batch_size: 8
epochs: 1
total_time_sec: 3.5664
avg_throughput_samples_per_sec: 224.3166
final_loss: 2.2197
nan_inf_count: 0
skipped_steps: 0
peak_memory_mb: 1773.7500
avg_utilization_percent: 17.2500
avg_power_watts: 120.6820
Results saved to results_precision_batch/nvidia_train_resnet50_bf16_bs8_e1_r1.csv
Raw GPU metrics saved to results_precision_batch/nvidia_train_resnet50_bf16_bs8_e1_r1_raw_metrics.csv
