Running on device: NVIDIA L40S
--- Training PyTorch Model: bert-large | Precision: bf16 | Batch: 48 ---
Epoch 1/1
Epoch 1 time: 14.368s | Last loss: 0.6858

--- Benchmark Complete ---
timestamp: 2025-10-18T09:05:09.292730
gpu_vendor: nvidia
gpu_name: NVIDIA L40S
model: bert-large
precision: bf16
batch_size: 48
epochs: 1
total_time_sec: 14.3687
avg_throughput_samples_per_sec: 334.0584
final_loss: 0.6858
nan_inf_count: 0
skipped_steps: 0
peak_memory_mb: 11851.7500
avg_utilization_percent: 69.6500
avg_power_watts: 240.5723
Results saved to results_precision_batch/nvidia_train_bert-large_bf16_bs48_e1_r1.csv
Raw GPU metrics saved to results_precision_batch/nvidia_train_bert-large_bf16_bs48_e1_r1_raw_metrics.csv
