Running on device: NVIDIA L40S
--- Training PyTorch Model: bert-large | Precision: fp32 | Batch: 8 ---
Epoch 1/1
Epoch 1 time: 8.538s | Last loss: 1.0063

--- Benchmark Complete ---
timestamp: 2025-10-18T08:51:45.106639
gpu_vendor: nvidia
gpu_name: NVIDIA L40S
model: bert-large
precision: fp32
batch_size: 8
epochs: 1
total_time_sec: 8.5395
avg_throughput_samples_per_sec: 93.6821
final_loss: 1.0063
nan_inf_count: 0
skipped_steps: 0
peak_memory_mb: 7479.7500
avg_utilization_percent: 45.9286
avg_power_watts: 188.7185
Results saved to results_precision_batch/nvidia_train_bert-large_fp32_bs8_e1_r1.csv
Raw GPU metrics saved to results_precision_batch/nvidia_train_bert-large_fp32_bs8_e1_r1_raw_metrics.csv
