Running on device: NVIDIA L40S
--- Training PyTorch Model: bert-large | Precision: fp32 | Batch: 16 ---
Epoch 1/1
Epoch 1 time: 10.127s | Last loss: 0.6303

--- Benchmark Complete ---
timestamp: 2025-10-18T08:51:11.273736
gpu_vendor: nvidia
gpu_name: NVIDIA L40S
model: bert-large
precision: fp32
batch_size: 16
epochs: 1
total_time_sec: 10.1288
avg_throughput_samples_per_sec: 157.9659
final_loss: 0.6303
nan_inf_count: 0
skipped_steps: 0
peak_memory_mb: 8737.7500
avg_utilization_percent: 56.9333
avg_power_watts: 207.9805
Results saved to results_precision_batch/nvidia_train_bert-large_fp32_bs16_e1_r1.csv
Raw GPU metrics saved to results_precision_batch/nvidia_train_bert-large_fp32_bs16_e1_r1_raw_metrics.csv
