Running on device: NVIDIA L40S
--- Training PyTorch Model: gpt2 | Precision: fp32 | Batch: 64 ---
Epoch 1/1
Epoch 1 time: 20.555s | Last loss: 10.8927

--- Benchmark Complete ---
timestamp: 2025-10-18T09:09:55.199765
gpu_vendor: nvidia
gpu_name: NVIDIA L40S
model: gpt2
precision: fp32
batch_size: 64
epochs: 1
total_time_sec: 20.5554
avg_throughput_samples_per_sec: 311.3533
final_loss: 10.8927
nan_inf_count: 0
skipped_steps: 0
peak_memory_mb: 19875.7500
avg_utilization_percent: 86.0870
avg_power_watts: 275.9693
Results saved to results_precision_batch/nvidia_train_gpt2_fp32_bs64_e1_r1.csv
Raw GPU metrics saved to results_precision_batch/nvidia_train_gpt2_fp32_bs64_e1_r1_raw_metrics.csv
