Running on device: NVIDIA L40S
--- Training PyTorch Model: bert-large | Precision: fp32 | Batch: 96 ---
Epoch 1/1
Epoch 1 time: 40.914s | Last loss: 0.7284

--- Benchmark Complete ---
timestamp: 2025-10-18T08:49:04.897522
gpu_vendor: nvidia
gpu_name: NVIDIA L40S
model: bert-large
precision: fp32
batch_size: 96
epochs: 1
total_time_sec: 40.9149
avg_throughput_samples_per_sec: 234.6336
final_loss: 0.7284
nan_inf_count: 0
skipped_steps: 0
peak_memory_mb: 24357.7500
avg_utilization_percent: 86.7609
avg_power_watts: 299.7178
Results saved to results_precision_batch/nvidia_train_bert-large_fp32_bs96_e1_r1.csv
Raw GPU metrics saved to results_precision_batch/nvidia_train_bert-large_fp32_bs96_e1_r1_raw_metrics.csv
