Running on device: NVIDIA L40S
--- Training PyTorch Model: bert-large | Precision: bf16 | Batch: 96 ---
Epoch 1/1
Epoch 1 time: 26.242s | Last loss: 0.6830

--- Benchmark Complete ---
timestamp: 2025-10-18T09:04:20.380223
gpu_vendor: nvidia
gpu_name: NVIDIA L40S
model: bert-large
precision: bf16
batch_size: 96
epochs: 1
total_time_sec: 26.2428
avg_throughput_samples_per_sec: 365.8149
final_loss: 0.6830
nan_inf_count: 0
skipped_steps: 0
peak_memory_mb: 18171.7500
avg_utilization_percent: 81.0625
avg_power_watts: 273.5839
Results saved to results_precision_batch/nvidia_train_bert-large_bf16_bs96_e1_r1.csv
Raw GPU metrics saved to results_precision_batch/nvidia_train_bert-large_bf16_bs96_e1_r1_raw_metrics.csv
