Running on device: NVIDIA L40S
--- Training PyTorch Model: resnet50 | Precision: bf16 | Batch: 12 ---
Epoch 1/1
Epoch 1 time: 3.624s | Last loss: 2.2969

--- Benchmark Complete ---
timestamp: 2025-10-18T08:44:38.151327
gpu_vendor: nvidia
gpu_name: NVIDIA L40S
model: resnet50
precision: bf16
batch_size: 12
epochs: 1
total_time_sec: 3.6246
avg_throughput_samples_per_sec: 331.0688
final_loss: 2.2969
nan_inf_count: 0
skipped_steps: 0
peak_memory_mb: 2003.7500
avg_utilization_percent: 23.6000
avg_power_watts: 142.4676
Results saved to results_precision_batch/nvidia_train_resnet50_bf16_bs12_e1_r1.csv
Raw GPU metrics saved to results_precision_batch/nvidia_train_resnet50_bf16_bs12_e1_r1_raw_metrics.csv
