Running on device: NVIDIA L40S
--- Training PyTorch Model: gpt2 | Precision: fp32 | Batch: 96 ---
Epoch 1/1
Epoch 1 time: 31.090s | Last loss: 10.8938

--- Benchmark Complete ---
timestamp: 2025-10-18T09:09:29.423185
gpu_vendor: nvidia
gpu_name: NVIDIA L40S
model: gpt2
precision: fp32
batch_size: 96
epochs: 1
total_time_sec: 31.0904
avg_throughput_samples_per_sec: 308.7774
final_loss: 10.8938
nan_inf_count: 0
skipped_steps: 0
peak_memory_mb: 26673.7500
avg_utilization_percent: 90.5588
avg_power_watts: 283.3864
Results saved to results_precision_batch/nvidia_train_gpt2_fp32_bs96_e1_r1.csv
Raw GPU metrics saved to results_precision_batch/nvidia_train_gpt2_fp32_bs96_e1_r1_raw_metrics.csv
