Running on device: NVIDIA L40S
--- Training PyTorch Model: bert-large | Precision: fp32 | Batch: 128 ---
Epoch 1/1
Epoch 1 time: 54.813s | Last loss: 0.6915

--- Benchmark Complete ---
timestamp: 2025-10-18T08:48:16.160214
gpu_vendor: nvidia
gpu_name: NVIDIA L40S
model: bert-large
precision: fp32
batch_size: 128
epochs: 1
total_time_sec: 54.8142
avg_throughput_samples_per_sec: 233.5163
final_loss: 0.6915
nan_inf_count: 0
skipped_steps: 0
peak_memory_mb: 30985.7500
avg_utilization_percent: 90.0667
avg_power_watts: 307.2100
Results saved to results_precision_batch/nvidia_train_bert-large_fp32_bs128_e1_r1.csv
Raw GPU metrics saved to results_precision_batch/nvidia_train_bert-large_fp32_bs128_e1_r1_raw_metrics.csv
