Running on device: NVIDIA L40S
--- Training PyTorch Model: resnet50 | Precision: fp32 | Batch: 128 ---
Epoch 1/1
Epoch 1 time: 21.569s | Last loss: 2.3250

--- Benchmark Complete ---
timestamp: 2025-10-18T08:28:52.931742
gpu_vendor: nvidia
gpu_name: NVIDIA L40S
model: resnet50
precision: fp32
batch_size: 128
epochs: 1
total_time_sec: 21.5692
avg_throughput_samples_per_sec: 593.4377
final_loss: 2.3250
nan_inf_count: 0
skipped_steps: 0
peak_memory_mb: 13557.7500
avg_utilization_percent: 93.9545
avg_power_watts: 294.9678
Results saved to results_precision_batch/nvidia_train_resnet50_fp32_bs128_e1_r1.csv
Raw GPU metrics saved to results_precision_batch/nvidia_train_resnet50_fp32_bs128_e1_r1_raw_metrics.csv
