Running on device: NVIDIA L40S
--- Training PyTorch Model: bert-large | Precision: fp16 | Batch: 4 ---
Epoch 1/1
Epoch 1 time: 11.345s | Last loss: 0.6798

--- Benchmark Complete ---
timestamp: 2025-10-18T08:59:31.968632
gpu_vendor: nvidia
gpu_name: NVIDIA L40S
model: bert-large
precision: fp16
batch_size: 4
epochs: 1
total_time_sec: 11.3460
avg_throughput_samples_per_sec: 35.2546
final_loss: 0.6798
nan_inf_count: 0
skipped_steps: 0
peak_memory_mb: 7689.7500
avg_utilization_percent: 34.4118
avg_power_watts: 150.5949
Results saved to results_precision_batch/nvidia_train_bert-large_fp16_bs4_e1_r1.csv
Raw GPU metrics saved to results_precision_batch/nvidia_train_bert-large_fp16_bs4_e1_r1_raw_metrics.csv
