Running on device: NVIDIA L40S
--- Training PyTorch Model: bert-large | Precision: fp16 | Batch: 192 ---
Epoch 1/1
Epoch 1 time: 54.510s | Last loss: 0.7025

--- Benchmark Complete ---
timestamp: 2025-10-18T08:55:29.252125
gpu_vendor: nvidia
gpu_name: NVIDIA L40S
model: bert-large
precision: fp16
batch_size: 192
epochs: 1
total_time_sec: 54.5114
avg_throughput_samples_per_sec: 352.2200
final_loss: 0.7025
nan_inf_count: 0
skipped_steps: 0
peak_memory_mb: 30595.7500
avg_utilization_percent: 89.9000
avg_power_watts: 292.3253
Results saved to results_precision_batch/nvidia_train_bert-large_fp16_bs192_e1_r1.csv
Raw GPU metrics saved to results_precision_batch/nvidia_train_bert-large_fp16_bs192_e1_r1_raw_metrics.csv
