Running on device: NVIDIA L40S
--- Training PyTorch Model: bert-large | Precision: fp32 | Batch: 4 ---
Epoch 1/1
Epoch 1 time: 8.967s | Last loss: 1.0765

--- Benchmark Complete ---
timestamp: 2025-10-18T08:52:01.906876
gpu_vendor: nvidia
gpu_name: NVIDIA L40S
model: bert-large
precision: fp32
batch_size: 4
epochs: 1
total_time_sec: 8.9684
avg_throughput_samples_per_sec: 44.6010
final_loss: 1.0765
nan_inf_count: 0
skipped_steps: 0
peak_memory_mb: 7483.7500
avg_utilization_percent: 37.7143
avg_power_watts: 159.7270
Results saved to results_precision_batch/nvidia_train_bert-large_fp32_bs4_e1_r1.csv
Raw GPU metrics saved to results_precision_batch/nvidia_train_bert-large_fp32_bs4_e1_r1_raw_metrics.csv
