Running on device: NVIDIA L40S
--- Training PyTorch Model: resnet50 | Precision: fp32 | Batch: 32 ---
Epoch 1/1
Epoch 1 time: 4.868s | Last loss: 2.3780

--- Benchmark Complete ---
timestamp: 2025-10-18T08:29:46.375792
gpu_vendor: nvidia
gpu_name: NVIDIA L40S
model: resnet50
precision: fp32
batch_size: 32
epochs: 1
total_time_sec: 4.8689
avg_throughput_samples_per_sec: 657.2355
final_loss: 2.3780
nan_inf_count: 0
skipped_steps: 0
peak_memory_mb: 4327.7500
avg_utilization_percent: 78.8333
avg_power_watts: 243.4178
Results saved to results_precision_batch/nvidia_train_resnet50_fp32_bs32_e1_r1.csv
Raw GPU metrics saved to results_precision_batch/nvidia_train_resnet50_fp32_bs32_e1_r1_raw_metrics.csv
