Running on device: NVIDIA L40S
--- Training PyTorch Model: bert-large | Precision: bf16 | Batch: 16 ---
Epoch 1/1
Epoch 1 time: 9.308s | Last loss: 0.6847

--- Benchmark Complete ---
timestamp: 2025-10-18T09:06:04.537052
gpu_vendor: nvidia
gpu_name: NVIDIA L40S
model: bert-large
precision: bf16
batch_size: 16
epochs: 1
total_time_sec: 9.3092
avg_throughput_samples_per_sec: 171.8729
final_loss: 0.6847
nan_inf_count: 0
skipped_steps: 0
peak_memory_mb: 7843.7500
avg_utilization_percent: 49.0667
avg_power_watts: 192.2923
Results saved to results_precision_batch/nvidia_train_bert-large_bf16_bs16_e1_r1.csv
Raw GPU metrics saved to results_precision_batch/nvidia_train_bert-large_bf16_bs16_e1_r1_raw_metrics.csv
