Running on device: NVIDIA L40S
--- Training PyTorch Model: resnet50 | Precision: fp32 | Batch: 24 ---
Epoch 1/1
Epoch 1 time: 4.003s | Last loss: 2.3300

--- Benchmark Complete ---
timestamp: 2025-10-18T08:29:54.195765
gpu_vendor: nvidia
gpu_name: NVIDIA L40S
model: resnet50
precision: fp32
batch_size: 24
epochs: 1
total_time_sec: 4.0037
avg_throughput_samples_per_sec: 599.4400
final_loss: 2.3300
nan_inf_count: 0
skipped_steps: 0
peak_memory_mb: 3553.7500
avg_utilization_percent: 64.4000
avg_power_watts: 225.7998
Results saved to results_precision_batch/nvidia_train_resnet50_fp32_bs24_e1_r1.csv
Raw GPU metrics saved to results_precision_batch/nvidia_train_resnet50_fp32_bs24_e1_r1_raw_metrics.csv
