Running on device: NVIDIA L40S
--- Training PyTorch Model: resnet50 | Precision: fp16 | Batch: 1024 ---
Epoch 1/1
Epoch 1 time: 101.289s | Last loss: 2.3064

--- Benchmark Complete ---
timestamp: 2025-10-18T08:32:19.847295
gpu_vendor: nvidia
gpu_name: NVIDIA L40S
model: resnet50
precision: fp16
batch_size: 1024
epochs: 1
total_time_sec: 101.2898
avg_throughput_samples_per_sec: 1010.9604
final_loss: 2.3064
nan_inf_count: 0
skipped_steps: 0
peak_memory_mb: 45915.7500
avg_utilization_percent: 98.6667
avg_power_watts: 299.1724
Results saved to results_precision_batch/nvidia_train_resnet50_fp16_bs1024_e1_r1.csv
Raw GPU metrics saved to results_precision_batch/nvidia_train_resnet50_fp16_bs1024_e1_r1_raw_metrics.csv
