Running on device: NVIDIA L40S
--- Training PyTorch Model: resnet50 | Precision: bf16 | Batch: 64 ---
Epoch 1/1
Epoch 1 time: 5.634s | Last loss: 2.3037

--- Benchmark Complete ---
timestamp: 2025-10-18T08:44:00.064975
gpu_vendor: nvidia
gpu_name: NVIDIA L40S
model: resnet50
precision: bf16
batch_size: 64
epochs: 1
total_time_sec: 5.6341
avg_throughput_samples_per_sec: 1135.9312
final_loss: 2.3037
nan_inf_count: 0
skipped_steps: 0
peak_memory_mb: 4583.7500
avg_utilization_percent: 82.5714
avg_power_watts: 259.3869
Results saved to results_precision_batch/nvidia_train_resnet50_bf16_bs64_e1_r1.csv
Raw GPU metrics saved to results_precision_batch/nvidia_train_resnet50_bf16_bs64_e1_r1_raw_metrics.csv
