Running on device: NVIDIA L40S
--- Training PyTorch Model: bert-large | Precision: fp16 | Batch: 32 ---
Epoch 1/1
Epoch 1 time: 11.495s | Last loss: 0.7165

--- Benchmark Complete ---
timestamp: 2025-10-18T08:57:57.829309
gpu_vendor: nvidia
gpu_name: NVIDIA L40S
model: bert-large
precision: fp16
batch_size: 32
epochs: 1
total_time_sec: 11.4960
avg_throughput_samples_per_sec: 278.3572
final_loss: 0.7165
nan_inf_count: 0
skipped_steps: 0
peak_memory_mb: 9999.7500
avg_utilization_percent: 62.5882
avg_power_watts: 214.1881
Results saved to results_precision_batch/nvidia_train_bert-large_fp16_bs32_e1_r1.csv
Raw GPU metrics saved to results_precision_batch/nvidia_train_bert-large_fp16_bs32_e1_r1_raw_metrics.csv
