Running on device: NVIDIA L40S
--- Training PyTorch Model: resnet50 | Precision: fp32 | Batch: 64 ---
Epoch 1/1
Epoch 1 time: 10.043s | Last loss: 2.3039

--- Benchmark Complete ---
timestamp: 2025-10-18T08:29:26.724067
gpu_vendor: nvidia
gpu_name: NVIDIA L40S
model: resnet50
precision: fp32
batch_size: 64
epochs: 1
total_time_sec: 10.0436
avg_throughput_samples_per_sec: 637.2195
final_loss: 2.3039
nan_inf_count: 0
skipped_steps: 0
peak_memory_mb: 7425.7500
avg_utilization_percent: 89.5455
avg_power_watts: 276.6517
Results saved to results_precision_batch/nvidia_train_resnet50_fp32_bs64_e1_r1.csv
Raw GPU metrics saved to results_precision_batch/nvidia_train_resnet50_fp32_bs64_e1_r1_raw_metrics.csv
