Running on device: NVIDIA L40S
--- Training PyTorch Model: resnet50 | Precision: bf16 | Batch: 384 ---
Epoch 1/1
Epoch 1 time: 37.815s | Last loss: 2.3076

--- Benchmark Complete ---
timestamp: 2025-10-18T08:42:32.864341
gpu_vendor: nvidia
gpu_name: NVIDIA L40S
model: resnet50
precision: bf16
batch_size: 384
epochs: 1
total_time_sec: 37.8153
avg_throughput_samples_per_sec: 1015.4630
final_loss: 2.3076
nan_inf_count: 0
skipped_steps: 0
peak_memory_mb: 20619.7500
avg_utilization_percent: 96.5641
avg_power_watts: 303.6524
Results saved to results_precision_batch/nvidia_train_resnet50_bf16_bs384_e1_r1.csv
Raw GPU metrics saved to results_precision_batch/nvidia_train_resnet50_bf16_bs384_e1_r1_raw_metrics.csv
