Running on device: NVIDIA L40S
--- Training PyTorch Model: gpt2 | Precision: fp32 | Batch: 4 ---
Epoch 1/1
Epoch 1 time: 4.081s | Last loss: 10.9598

--- Benchmark Complete ---
timestamp: 2025-10-18T09:11:29.399500
gpu_vendor: nvidia
gpu_name: NVIDIA L40S
model: gpt2
precision: fp32
batch_size: 4
epochs: 1
total_time_sec: 4.0813
avg_throughput_samples_per_sec: 98.0087
final_loss: 10.9598
nan_inf_count: 0
skipped_steps: 0
peak_memory_mb: 4137.7500
avg_utilization_percent: 39.4286
avg_power_watts: 155.2227
Results saved to results_precision_batch/nvidia_train_gpt2_fp32_bs4_e1_r1.csv
Raw GPU metrics saved to results_precision_batch/nvidia_train_gpt2_fp32_bs4_e1_r1_raw_metrics.csv
