Running on device: NVIDIA L40S
--- Training PyTorch Model: resnet50 | Precision: bf16 | Batch: 512 ---
Epoch 1/1
Epoch 1 time: 51.083s | Last loss: 2.3008

--- Benchmark Complete ---
timestamp: 2025-10-18T08:41:51.024063
gpu_vendor: nvidia
gpu_name: NVIDIA L40S
model: resnet50
precision: bf16
batch_size: 512
epochs: 1
total_time_sec: 51.0837
avg_throughput_samples_per_sec: 1002.2759
final_loss: 2.3008
nan_inf_count: 0
skipped_steps: 0
peak_memory_mb: 27057.7500
avg_utilization_percent: 97.4231
avg_power_watts: 306.0945
Results saved to results_precision_batch/nvidia_train_resnet50_bf16_bs512_e1_r1.csv
Raw GPU metrics saved to results_precision_batch/nvidia_train_resnet50_bf16_bs512_e1_r1_raw_metrics.csv
