Running on device: NVIDIA L40S
--- Training PyTorch Model: resnet50 | Precision: bf16 | Batch: 192 ---
Epoch 1/1
Epoch 1 time: 18.115s | Last loss: 2.2998

--- Benchmark Complete ---
timestamp: 2025-10-18T08:43:22.535869
gpu_vendor: nvidia
gpu_name: NVIDIA L40S
model: resnet50
precision: bf16
batch_size: 192
epochs: 1
total_time_sec: 18.1160
avg_throughput_samples_per_sec: 1059.8392
final_loss: 2.2998
nan_inf_count: 0
skipped_steps: 0
peak_memory_mb: 11399.7500
avg_utilization_percent: 92.5263
avg_power_watts: 295.0530
Results saved to results_precision_batch/nvidia_train_resnet50_bf16_bs192_e1_r1.csv
Raw GPU metrics saved to results_precision_batch/nvidia_train_resnet50_bf16_bs192_e1_r1_raw_metrics.csv
