Running on device: NVIDIA L40S
--- Training PyTorch Model: resnet50 | Precision: fp16 | Batch: 32 ---
Epoch 1/1
Epoch 1 time: 4.052s | Last loss: 2.3782

--- Benchmark Complete ---
timestamp: 2025-10-18T08:36:52.701558
gpu_vendor: nvidia
gpu_name: NVIDIA L40S
model: resnet50
precision: fp16
batch_size: 32
epochs: 1
total_time_sec: 4.0526
avg_throughput_samples_per_sec: 789.6173
final_loss: 2.3782
nan_inf_count: 0
skipped_steps: 0
peak_memory_mb: 3103.7500
avg_utilization_percent: 39.8000
avg_power_watts: 182.4350
Results saved to results_precision_batch/nvidia_train_resnet50_fp16_bs32_e1_r1.csv
Raw GPU metrics saved to results_precision_batch/nvidia_train_resnet50_fp16_bs32_e1_r1_raw_metrics.csv
