Running on device: NVIDIA L40S
--- Training PyTorch Model: resnet50 | Precision: fp16 | Batch: 192 ---
Epoch 1/1
Epoch 1 time: 17.473s | Last loss: 2.2999

--- Benchmark Complete ---
timestamp: 2025-10-18T08:36:00.199889
gpu_vendor: nvidia
gpu_name: NVIDIA L40S
model: resnet50
precision: fp16
batch_size: 192
epochs: 1
total_time_sec: 17.4741
avg_throughput_samples_per_sec: 1098.7709
final_loss: 2.2999
nan_inf_count: 0
skipped_steps: 0
peak_memory_mb: 10951.7500
avg_utilization_percent: 92.0556
avg_power_watts: 286.8154
Results saved to results_precision_batch/nvidia_train_resnet50_fp16_bs192_e1_r1.csv
Raw GPU metrics saved to results_precision_batch/nvidia_train_resnet50_fp16_bs192_e1_r1_raw_metrics.csv
