Running on device: NVIDIA L40S
--- Training PyTorch Model: bert-large | Precision: bf16 | Batch: 256 ---
Epoch 1/1
Epoch 1 time: 70.421s | Last loss: 0.7091

--- Benchmark Complete ---
timestamp: 2025-10-18T09:01:59.691478
gpu_vendor: nvidia
gpu_name: NVIDIA L40S
model: bert-large
precision: bf16
batch_size: 256
epochs: 1
total_time_sec: 70.4218
avg_throughput_samples_per_sec: 363.5236
final_loss: 0.7091
nan_inf_count: 0
skipped_steps: 0
peak_memory_mb: 38837.7500
avg_utilization_percent: 91.8158
avg_power_watts: 300.2252
Results saved to results_precision_batch/nvidia_train_bert-large_bf16_bs256_e1_r1.csv
Raw GPU metrics saved to results_precision_batch/nvidia_train_bert-large_bf16_bs256_e1_r1_raw_metrics.csv
