/scratch/hutzig/tcc_mixed_precision/envs/ai_nvidia/lib/python3.11/site-packages/torch/cuda/__init__.py:61: FutureWarning: The pynvml package is deprecated. Please install nvidia-ml-py instead. If you did not install pynvml directly, please report this to the maintainers of the package that installed pynvml for you.
  import pynvml  # type: ignore[import]
/scratch/hutzig/tcc_mixed_precision/src/train_pytorch.py:89: FutureWarning: `torch.cuda.amp.GradScaler(args...)` is deprecated. Please use `torch.amp.GradScaler('cuda', args...)` instead.
  scaler = torch.cuda.amp.GradScaler(enabled=scaler_enabled)
`loss_type=None` was set in the config but it is unrecognized. Using the default loss: `ForCausalLMLoss`.
Traceback (most recent call last):
  File "/scratch/hutzig/tcc_mixed_precision/src/main.py", line 83, in <module>
    main(args)
  File "/scratch/hutzig/tcc_mixed_precision/src/main.py", line 26, in main
    training_results = train_pytorch.train_model(
                       ^^^^^^^^^^^^^^^^^^^^^^^^^^
  File "/scratch/hutzig/tcc_mixed_precision/src/train_pytorch.py", line 107, in train_model
    output = model(**batch_inputs, labels=labels)
             ^^^^^^^^^^^^^^^^^^^^^^^^^^^^^^^^^^^^
  File "/scratch/hutzig/tcc_mixed_precision/envs/ai_nvidia/lib/python3.11/site-packages/torch/nn/modules/module.py", line 1736, in _wrapped_call_impl
    return self._call_impl(*args, **kwargs)
           ^^^^^^^^^^^^^^^^^^^^^^^^^^^^^^^^
  File "/scratch/hutzig/tcc_mixed_precision/envs/ai_nvidia/lib/python3.11/site-packages/torch/nn/modules/module.py", line 1747, in _call_impl
    return forward_call(*args, **kwargs)
           ^^^^^^^^^^^^^^^^^^^^^^^^^^^^^
  File "/scratch/hutzig/tcc_mixed_precision/envs/ai_nvidia/lib/python3.11/site-packages/transformers/models/gpt2/modeling_gpt2.py", line 1097, in forward
    loss = self.loss_function(
           ^^^^^^^^^^^^^^^^^^^
  File "/scratch/hutzig/tcc_mixed_precision/envs/ai_nvidia/lib/python3.11/site-packages/transformers/loss/loss_utils.py", line 67, in ForCausalLMLoss
    loss = fixed_cross_entropy(logits, shift_labels, num_items_in_batch, ignore_index, **kwargs)
           ^^^^^^^^^^^^^^^^^^^^^^^^^^^^^^^^^^^^^^^^^^^^^^^^^^^^^^^^^^^^^^^^^^^^^^^^^^^^^^^^^^^^^
  File "/scratch/hutzig/tcc_mixed_precision/envs/ai_nvidia/lib/python3.11/site-packages/transformers/loss/loss_utils.py", line 36, in fixed_cross_entropy
    loss = nn.functional.cross_entropy(source, target, ignore_index=ignore_index, reduction=reduction)
           ^^^^^^^^^^^^^^^^^^^^^^^^^^^^^^^^^^^^^^^^^^^^^^^^^^^^^^^^^^^^^^^^^^^^^^^^^^^^^^^^^^^^^^^^^^^
  File "/scratch/hutzig/tcc_mixed_precision/envs/ai_nvidia/lib/python3.11/site-packages/torch/nn/functional.py", line 3479, in cross_entropy
    return torch._C._nn.cross_entropy_loss(
           ^^^^^^^^^^^^^^^^^^^^^^^^^^^^^^^^
torch.OutOfMemoryError: CUDA out of memory. Tried to allocate 6.14 GiB. GPU 0 has a total capacity of 44.52 GiB of which 2.83 GiB is free. Including non-PyTorch memory, this process has 41.69 GiB memory in use. Of the allocated memory 41.17 GiB is allocated by PyTorch, and 24.15 MiB is reserved by PyTorch but unallocated. If reserved but unallocated memory is large try setting PYTORCH_CUDA_ALLOC_CONF=expandable_segments:True to avoid fragmentation.  See documentation for Memory Management  (https://pytorch.org/docs/stable/notes/cuda.html#environment-variables)
