Running on device: NVIDIA L40S
--- Training PyTorch Model: gpt2 | Precision: fp32 | Batch: 128 ---
Epoch 1/1
Epoch 1 time: 40.476s | Last loss: 10.8893

--- Benchmark Complete ---
timestamp: 2025-10-18T09:08:52.676824
gpu_vendor: nvidia
gpu_name: NVIDIA L40S
model: gpt2
precision: fp32
batch_size: 128
epochs: 1
total_time_sec: 40.4763
avg_throughput_samples_per_sec: 316.2346
final_loss: 10.8893
nan_inf_count: 0
skipped_steps: 0
peak_memory_mb: 35035.7500
avg_utilization_percent: 92.6047
avg_power_watts: 288.1659
Results saved to results_precision_batch/nvidia_train_gpt2_fp32_bs128_e1_r1.csv
Raw GPU metrics saved to results_precision_batch/nvidia_train_gpt2_fp32_bs128_e1_r1_raw_metrics.csv
