Running on device: NVIDIA L40S
--- Training PyTorch Model: bert-large | Precision: fp16 | Batch: 64 ---
Epoch 1/1
Epoch 1 time: 18.562s | Last loss: 0.6710

--- Benchmark Complete ---
timestamp: 2025-10-18T08:57:14.602400
gpu_vendor: nvidia
gpu_name: NVIDIA L40S
model: bert-large
precision: fp16
batch_size: 64
epochs: 1
total_time_sec: 18.5631
avg_throughput_samples_per_sec: 344.7709
final_loss: 0.6710
nan_inf_count: 0
skipped_steps: 0
peak_memory_mb: 14079.7500
avg_utilization_percent: 74.2917
avg_power_watts: 250.4217
Results saved to results_precision_batch/nvidia_train_bert-large_fp16_bs64_e1_r1.csv
Raw GPU metrics saved to results_precision_batch/nvidia_train_bert-large_fp16_bs64_e1_r1_raw_metrics.csv
