Running on device: NVIDIA L40S
--- Training PyTorch Model: bert-large | Precision: fp32 | Batch: 64 ---
Epoch 1/1
Epoch 1 time: 27.794s | Last loss: 0.6524

--- Benchmark Complete ---
timestamp: 2025-10-18T08:49:40.787817
gpu_vendor: nvidia
gpu_name: NVIDIA L40S
model: bert-large
precision: fp32
batch_size: 64
epochs: 1
total_time_sec: 27.7954
avg_throughput_samples_per_sec: 230.2541
final_loss: 0.6524
nan_inf_count: 0
skipped_steps: 0
peak_memory_mb: 17965.7500
avg_utilization_percent: 81.6061
avg_power_watts: 277.5115
Results saved to results_precision_batch/nvidia_train_bert-large_fp32_bs64_e1_r1.csv
Raw GPU metrics saved to results_precision_batch/nvidia_train_bert-large_fp32_bs64_e1_r1_raw_metrics.csv
