Running on device: NVIDIA L40S
--- Training PyTorch Model: resnet50 | Precision: fp16 | Batch: 4 ---
Epoch 1/1
Epoch 1 time: 3.727s | Last loss: 2.1455

--- Benchmark Complete ---
timestamp: 2025-10-18T08:37:31.758948
gpu_vendor: nvidia
gpu_name: NVIDIA L40S
model: resnet50
precision: fp16
batch_size: 4
epochs: 1
total_time_sec: 3.7278
avg_throughput_samples_per_sec: 107.3031
final_loss: 2.1455
nan_inf_count: 0
skipped_steps: 0
peak_memory_mb: 1587.7500
avg_utilization_percent: 16.4000
avg_power_watts: 120.6946
Results saved to results_precision_batch/nvidia_train_resnet50_fp16_bs4_e1_r1.csv
Raw GPU metrics saved to results_precision_batch/nvidia_train_resnet50_fp16_bs4_e1_r1_raw_metrics.csv
