Running on device: NVIDIA L40S
--- Training PyTorch Model: resnet50 | Precision: fp32 | Batch: 96 ---
Epoch 1/1
Epoch 1 time: 15.818s | Last loss: 2.3066

--- Benchmark Complete ---
timestamp: 2025-10-18T08:29:12.814039
gpu_vendor: nvidia
gpu_name: NVIDIA L40S
model: resnet50
precision: fp32
batch_size: 96
epochs: 1
total_time_sec: 15.8190
avg_throughput_samples_per_sec: 606.8665
final_loss: 2.3066
nan_inf_count: 0
skipped_steps: 0
peak_memory_mb: 10499.7500
avg_utilization_percent: 92.1176
avg_power_watts: 290.2884
Results saved to results_precision_batch/nvidia_train_resnet50_fp32_bs96_e1_r1.csv
Raw GPU metrics saved to results_precision_batch/nvidia_train_resnet50_fp32_bs96_e1_r1_raw_metrics.csv
