Running on device: NVIDIA L40S
--- Training PyTorch Model: gpt2 | Precision: bf16 | Batch: 48 ---
Epoch 1/1
Epoch 1 time: 13.841s | Last loss: 10.8964

--- Benchmark Complete ---
timestamp: 2025-10-18T09:20:14.807874
gpu_vendor: nvidia
gpu_name: NVIDIA L40S
model: gpt2
precision: bf16
batch_size: 48
epochs: 1
total_time_sec: 13.8412
avg_throughput_samples_per_sec: 346.7906
final_loss: 10.8964
nan_inf_count: 0
skipped_steps: 0
peak_memory_mb: 13303.7500
avg_utilization_percent: 81.1176
avg_power_watts: 261.6734
Results saved to results_precision_batch/nvidia_train_gpt2_bf16_bs48_e1_r1.csv
Raw GPU metrics saved to results_precision_batch/nvidia_train_gpt2_bf16_bs48_e1_r1_raw_metrics.csv
