Running on device: NVIDIA L40S
--- Training PyTorch Model: resnet50 | Precision: fp16 | Batch: 48 ---
Epoch 1/1
Epoch 1 time: 4.701s | Last loss: 2.3423

--- Benchmark Complete ---
timestamp: 2025-10-18T08:36:44.887142
gpu_vendor: nvidia
gpu_name: NVIDIA L40S
model: resnet50
precision: fp16
batch_size: 48
epochs: 1
total_time_sec: 4.7014
avg_throughput_samples_per_sec: 1020.9662
final_loss: 2.3423
nan_inf_count: 0
skipped_steps: 0
peak_memory_mb: 3773.7500
avg_utilization_percent: 60.8333
avg_power_watts: 224.5463
Results saved to results_precision_batch/nvidia_train_resnet50_fp16_bs48_e1_r1.csv
Raw GPU metrics saved to results_precision_batch/nvidia_train_resnet50_fp16_bs48_e1_r1_raw_metrics.csv
