Running on device: NVIDIA L40S
--- Training PyTorch Model: resnet50 | Precision: fp16 | Batch: 512 ---
Epoch 1/1
Epoch 1 time: 49.481s | Last loss: 2.3011

--- Benchmark Complete ---
timestamp: 2025-10-18T08:34:31.636919
gpu_vendor: nvidia
gpu_name: NVIDIA L40S
model: resnet50
precision: fp16
batch_size: 512
epochs: 1
total_time_sec: 49.4812
avg_throughput_samples_per_sec: 1034.7363
final_loss: 2.3011
nan_inf_count: 0
skipped_steps: 0
peak_memory_mb: 27057.7500
avg_utilization_percent: 97.0400
avg_power_watts: 302.6597
Results saved to results_precision_batch/nvidia_train_resnet50_fp16_bs512_e1_r1.csv
Raw GPU metrics saved to results_precision_batch/nvidia_train_resnet50_fp16_bs512_e1_r1_raw_metrics.csv
