Running on device: NVIDIA L40S
--- Training PyTorch Model: gpt2 | Precision: bf16 | Batch: 4 ---
Epoch 1/1
Epoch 1 time: 4.652s | Last loss: 10.9322

--- Benchmark Complete ---
timestamp: 2025-10-18T09:21:25.322222
gpu_vendor: nvidia
gpu_name: NVIDIA L40S
model: gpt2
precision: bf16
batch_size: 4
epochs: 1
total_time_sec: 4.6526
avg_throughput_samples_per_sec: 85.9731
final_loss: 10.9322
nan_inf_count: 0
skipped_steps: 0
peak_memory_mb: 4033.7500
avg_utilization_percent: 32.7143
avg_power_watts: 135.9171
Results saved to results_precision_batch/nvidia_train_gpt2_bf16_bs4_e1_r1.csv
Raw GPU metrics saved to results_precision_batch/nvidia_train_gpt2_bf16_bs4_e1_r1_raw_metrics.csv
