Running on device: NVIDIA L40S
--- Training PyTorch Model: bert-large | Precision: fp16 | Batch: 2 ---
Epoch 1/1
Epoch 1 time: 10.674s | Last loss: 0.6792

--- Benchmark Complete ---
timestamp: 2025-10-18T08:59:50.824515
gpu_vendor: nvidia
gpu_name: NVIDIA L40S
model: bert-large
precision: fp16
batch_size: 2
epochs: 1
total_time_sec: 10.6752
avg_throughput_samples_per_sec: 18.7351
final_loss: 0.6792
nan_inf_count: 0
skipped_steps: 0
peak_memory_mb: 7629.7500
avg_utilization_percent: 35.1875
avg_power_watts: 158.0269
Results saved to results_precision_batch/nvidia_train_bert-large_fp16_bs2_e1_r1.csv
Raw GPU metrics saved to results_precision_batch/nvidia_train_bert-large_fp16_bs2_e1_r1_raw_metrics.csv
