Running on device: NVIDIA L40S
--- Training PyTorch Model: gpt2 | Precision: bf16 | Batch: 1 ---
Epoch 1/1
Epoch 1 time: 4.831s | Last loss: 11.1269

--- Benchmark Complete ---
timestamp: 2025-10-18T09:21:44.855534
gpu_vendor: nvidia
gpu_name: NVIDIA L40S
model: gpt2
precision: bf16
batch_size: 1
epochs: 1
total_time_sec: 4.8313
avg_throughput_samples_per_sec: 20.6985
final_loss: 11.1269
nan_inf_count: 0
skipped_steps: 0
peak_memory_mb: 3657.7500
avg_utilization_percent: 29.4286
avg_power_watts: 134.1769
Results saved to results_precision_batch/nvidia_train_gpt2_bf16_bs1_e1_r1.csv
Raw GPU metrics saved to results_precision_batch/nvidia_train_gpt2_bf16_bs1_e1_r1_raw_metrics.csv
