Running on device: NVIDIA L40S
--- Training PyTorch Model: resnet50 | Precision: fp32 | Batch: 2 ---
Epoch 1/1
Epoch 1 time: 3.322s | Last loss: 2.0639

--- Benchmark Complete ---
timestamp: 2025-10-18T08:30:28.178949
gpu_vendor: nvidia
gpu_name: NVIDIA L40S
model: resnet50
precision: fp32
batch_size: 2
epochs: 1
total_time_sec: 3.3223
avg_throughput_samples_per_sec: 60.1994
final_loss: 2.0639
nan_inf_count: 0
skipped_steps: 0
peak_memory_mb: 1555.7500
avg_utilization_percent: 15
avg_power_watts: 112.4777
Results saved to results_precision_batch/nvidia_train_resnet50_fp32_bs2_e1_r1.csv
Raw GPU metrics saved to results_precision_batch/nvidia_train_resnet50_fp32_bs2_e1_r1_raw_metrics.csv
