Running on device: NVIDIA L40S
--- Training PyTorch Model: bert-large | Precision: fp32 | Batch: 48 ---
Epoch 1/1
Epoch 1 time: 21.235s | Last loss: 0.7081

--- Benchmark Complete ---
timestamp: 2025-10-18T08:50:09.651281
gpu_vendor: nvidia
gpu_name: NVIDIA L40S
model: bert-large
precision: fp32
batch_size: 48
epochs: 1
total_time_sec: 21.2359
avg_throughput_samples_per_sec: 226.0322
final_loss: 0.7081
nan_inf_count: 0
skipped_steps: 0
peak_memory_mb: 14789.7500
avg_utilization_percent: 77
avg_power_watts: 267.3746
Results saved to results_precision_batch/nvidia_train_bert-large_fp32_bs48_e1_r1.csv
Raw GPU metrics saved to results_precision_batch/nvidia_train_bert-large_fp32_bs48_e1_r1_raw_metrics.csv
