Running on device: NVIDIA L40S
--- Training PyTorch Model: gpt2 | Precision: bf16 | Batch: 192 ---
Epoch 1/1
Epoch 1 time: 54.705s | Last loss: 10.8864

--- Benchmark Complete ---
timestamp: 2025-10-18T09:18:16.418159
gpu_vendor: nvidia
gpu_name: NVIDIA L40S
model: gpt2
precision: bf16
batch_size: 192
epochs: 1
total_time_sec: 54.7055
avg_throughput_samples_per_sec: 350.9702
final_loss: 10.8864
nan_inf_count: 0
skipped_steps: 0
peak_memory_mb: 42873.7500
avg_utilization_percent: 94.5263
avg_power_watts: 282.2911
Results saved to results_precision_batch/nvidia_train_gpt2_bf16_bs192_e1_r1.csv
Raw GPU metrics saved to results_precision_batch/nvidia_train_gpt2_bf16_bs192_e1_r1_raw_metrics.csv
