Running on device: NVIDIA L40S
--- Training PyTorch Model: gpt2 | Precision: fp32 | Batch: 2 ---
Epoch 1/1
Epoch 1 time: 4.203s | Last loss: 11.0048

--- Benchmark Complete ---
timestamp: 2025-10-18T09:11:39.102322
gpu_vendor: nvidia
gpu_name: NVIDIA L40S
model: gpt2
precision: fp32
batch_size: 2
epochs: 1
total_time_sec: 4.2036
avg_throughput_samples_per_sec: 47.5780
final_loss: 11.0048
nan_inf_count: 0
skipped_steps: 0
peak_memory_mb: 3889.7500
avg_utilization_percent: 32.4286
avg_power_watts: 133.9680
Results saved to results_precision_batch/nvidia_train_gpt2_fp32_bs2_e1_r1.csv
Raw GPU metrics saved to results_precision_batch/nvidia_train_gpt2_fp32_bs2_e1_r1_raw_metrics.csv
