/scratch/hutzig/tcc_mixed_precision/envs/ai_nvidia/lib/python3.11/site-packages/torch/cuda/__init__.py:61: FutureWarning: The pynvml package is deprecated. Please install nvidia-ml-py instead. If you did not install pynvml directly, please report this to the maintainers of the package that installed pynvml for you.
  import pynvml  # type: ignore[import]
/scratch/hutzig/tcc_mixed_precision/src/train_pytorch.py:89: FutureWarning: `torch.cuda.amp.GradScaler(args...)` is deprecated. Please use `torch.amp.GradScaler('cuda', args...)` instead.
  scaler = torch.cuda.amp.GradScaler(enabled=scaler_enabled)
Traceback (most recent call last):
  File "/scratch/hutzig/tcc_mixed_precision/src/main.py", line 83, in <module>
    main(args)
  File "/scratch/hutzig/tcc_mixed_precision/src/main.py", line 26, in main
    training_results = train_pytorch.train_model(
                       ^^^^^^^^^^^^^^^^^^^^^^^^^^
  File "/scratch/hutzig/tcc_mixed_precision/src/train_pytorch.py", line 110, in train_model
    output = model(batch_inputs)
             ^^^^^^^^^^^^^^^^^^^
  File "/scratch/hutzig/tcc_mixed_precision/envs/ai_nvidia/lib/python3.11/site-packages/torch/nn/modules/module.py", line 1736, in _wrapped_call_impl
    return self._call_impl(*args, **kwargs)
           ^^^^^^^^^^^^^^^^^^^^^^^^^^^^^^^^
  File "/scratch/hutzig/tcc_mixed_precision/envs/ai_nvidia/lib/python3.11/site-packages/torch/nn/modules/module.py", line 1747, in _call_impl
    return forward_call(*args, **kwargs)
           ^^^^^^^^^^^^^^^^^^^^^^^^^^^^^
  File "/scratch/hutzig/tcc_mixed_precision/envs/ai_nvidia/lib/python3.11/site-packages/transformers/models/bert/modeling_bert.py", line 1482, in forward
    outputs = self.bert(
              ^^^^^^^^^^
  File "/scratch/hutzig/tcc_mixed_precision/envs/ai_nvidia/lib/python3.11/site-packages/torch/nn/modules/module.py", line 1736, in _wrapped_call_impl
    return self._call_impl(*args, **kwargs)
           ^^^^^^^^^^^^^^^^^^^^^^^^^^^^^^^^
  File "/scratch/hutzig/tcc_mixed_precision/envs/ai_nvidia/lib/python3.11/site-packages/torch/nn/modules/module.py", line 1747, in _call_impl
    return forward_call(*args, **kwargs)
           ^^^^^^^^^^^^^^^^^^^^^^^^^^^^^
  File "/scratch/hutzig/tcc_mixed_precision/envs/ai_nvidia/lib/python3.11/site-packages/transformers/models/bert/modeling_bert.py", line 1000, in forward
    encoder_outputs = self.encoder(
                      ^^^^^^^^^^^^^
  File "/scratch/hutzig/tcc_mixed_precision/envs/ai_nvidia/lib/python3.11/site-packages/torch/nn/modules/module.py", line 1736, in _wrapped_call_impl
    return self._call_impl(*args, **kwargs)
           ^^^^^^^^^^^^^^^^^^^^^^^^^^^^^^^^
  File "/scratch/hutzig/tcc_mixed_precision/envs/ai_nvidia/lib/python3.11/site-packages/torch/nn/modules/module.py", line 1747, in _call_impl
    return forward_call(*args, **kwargs)
           ^^^^^^^^^^^^^^^^^^^^^^^^^^^^^
  File "/scratch/hutzig/tcc_mixed_precision/envs/ai_nvidia/lib/python3.11/site-packages/transformers/models/bert/modeling_bert.py", line 650, in forward
    layer_outputs = layer_module(
                    ^^^^^^^^^^^^^
  File "/scratch/hutzig/tcc_mixed_precision/envs/ai_nvidia/lib/python3.11/site-packages/transformers/modeling_layers.py", line 94, in __call__
    return super().__call__(*args, **kwargs)
           ^^^^^^^^^^^^^^^^^^^^^^^^^^^^^^^^^
  File "/scratch/hutzig/tcc_mixed_precision/envs/ai_nvidia/lib/python3.11/site-packages/torch/nn/modules/module.py", line 1736, in _wrapped_call_impl
    return self._call_impl(*args, **kwargs)
           ^^^^^^^^^^^^^^^^^^^^^^^^^^^^^^^^
  File "/scratch/hutzig/tcc_mixed_precision/envs/ai_nvidia/lib/python3.11/site-packages/torch/nn/modules/module.py", line 1747, in _call_impl
    return forward_call(*args, **kwargs)
           ^^^^^^^^^^^^^^^^^^^^^^^^^^^^^
  File "/scratch/hutzig/tcc_mixed_precision/envs/ai_nvidia/lib/python3.11/site-packages/transformers/utils/deprecation.py", line 172, in wrapped_func
    return func(*args, **kwargs)
           ^^^^^^^^^^^^^^^^^^^^^
  File "/scratch/hutzig/tcc_mixed_precision/envs/ai_nvidia/lib/python3.11/site-packages/transformers/models/bert/modeling_bert.py", line 588, in forward
    layer_output = apply_chunking_to_forward(
                   ^^^^^^^^^^^^^^^^^^^^^^^^^^
  File "/scratch/hutzig/tcc_mixed_precision/envs/ai_nvidia/lib/python3.11/site-packages/transformers/pytorch_utils.py", line 257, in apply_chunking_to_forward
    return forward_fn(*input_tensors)
           ^^^^^^^^^^^^^^^^^^^^^^^^^^
  File "/scratch/hutzig/tcc_mixed_precision/envs/ai_nvidia/lib/python3.11/site-packages/transformers/models/bert/modeling_bert.py", line 597, in feed_forward_chunk
    layer_output = self.output(intermediate_output, attention_output)
                   ^^^^^^^^^^^^^^^^^^^^^^^^^^^^^^^^^^^^^^^^^^^^^^^^^^
  File "/scratch/hutzig/tcc_mixed_precision/envs/ai_nvidia/lib/python3.11/site-packages/torch/nn/modules/module.py", line 1736, in _wrapped_call_impl
    return self._call_impl(*args, **kwargs)
           ^^^^^^^^^^^^^^^^^^^^^^^^^^^^^^^^
  File "/scratch/hutzig/tcc_mixed_precision/envs/ai_nvidia/lib/python3.11/site-packages/torch/nn/modules/module.py", line 1747, in _call_impl
    return forward_call(*args, **kwargs)
           ^^^^^^^^^^^^^^^^^^^^^^^^^^^^^
  File "/scratch/hutzig/tcc_mixed_precision/envs/ai_nvidia/lib/python3.11/site-packages/transformers/models/bert/modeling_bert.py", line 526, in forward
    hidden_states = self.dropout(hidden_states)
                    ^^^^^^^^^^^^^^^^^^^^^^^^^^^
  File "/scratch/hutzig/tcc_mixed_precision/envs/ai_nvidia/lib/python3.11/site-packages/torch/nn/modules/module.py", line 1736, in _wrapped_call_impl
    return self._call_impl(*args, **kwargs)
           ^^^^^^^^^^^^^^^^^^^^^^^^^^^^^^^^
  File "/scratch/hutzig/tcc_mixed_precision/envs/ai_nvidia/lib/python3.11/site-packages/torch/nn/modules/module.py", line 1747, in _call_impl
    return forward_call(*args, **kwargs)
           ^^^^^^^^^^^^^^^^^^^^^^^^^^^^^
  File "/scratch/hutzig/tcc_mixed_precision/envs/ai_nvidia/lib/python3.11/site-packages/torch/nn/modules/dropout.py", line 70, in forward
    return F.dropout(input, self.p, self.training, self.inplace)
           ^^^^^^^^^^^^^^^^^^^^^^^^^^^^^^^^^^^^^^^^^^^^^^^^^^^^^
  File "/scratch/hutzig/tcc_mixed_precision/envs/ai_nvidia/lib/python3.11/site-packages/torch/nn/functional.py", line 1425, in dropout
    _VF.dropout_(input, p, training) if inplace else _VF.dropout(input, p, training)
                                                     ^^^^^^^^^^^^^^^^^^^^^^^^^^^^^^^
torch.OutOfMemoryError: CUDA out of memory. Tried to allocate 96.00 MiB. GPU 0 has a total capacity of 44.52 GiB of which 94.25 MiB is free. Including non-PyTorch memory, this process has 44.42 GiB memory in use. Of the allocated memory 43.88 GiB is allocated by PyTorch, and 49.06 MiB is reserved by PyTorch but unallocated. If reserved but unallocated memory is large try setting PYTORCH_CUDA_ALLOC_CONF=expandable_segments:True to avoid fragmentation.  See documentation for Memory Management  (https://pytorch.org/docs/stable/notes/cuda.html#environment-variables)
