Running on device: NVIDIA L40S
--- Training PyTorch Model: gpt2 | Precision: fp32 | Batch: 24 ---
Epoch 1/1
Epoch 1 time: 8.126s | Last loss: 10.9089

--- Benchmark Complete ---
timestamp: 2025-10-18T09:10:46.533005
gpu_vendor: nvidia
gpu_name: NVIDIA L40S
model: gpt2
precision: fp32
batch_size: 24
epochs: 1
total_time_sec: 8.1271
avg_throughput_samples_per_sec: 295.3085
final_loss: 10.9089
nan_inf_count: 0
skipped_steps: 0
peak_memory_mb: 8517.7500
avg_utilization_percent: 70.9091
avg_power_watts: 230.6105
Results saved to results_precision_batch/nvidia_train_gpt2_fp32_bs24_e1_r1.csv
Raw GPU metrics saved to results_precision_batch/nvidia_train_gpt2_fp32_bs24_e1_r1_raw_metrics.csv
