Running on device: NVIDIA L40S
--- Training PyTorch Model: resnet50 | Precision: fp16 | Batch: 2 ---
Epoch 1/1
Epoch 1 time: 3.741s | Last loss: 2.0630

--- Benchmark Complete ---
timestamp: 2025-10-18T08:37:39.554420
gpu_vendor: nvidia
gpu_name: NVIDIA L40S
model: resnet50
precision: fp16
batch_size: 2
epochs: 1
total_time_sec: 3.7414
avg_throughput_samples_per_sec: 53.4563
final_loss: 2.0630
nan_inf_count: 0
skipped_steps: 0
peak_memory_mb: 1531.7500
avg_utilization_percent: 14.4000
avg_power_watts: 112.3644
Results saved to results_precision_batch/nvidia_train_resnet50_fp16_bs2_e1_r1.csv
Raw GPU metrics saved to results_precision_batch/nvidia_train_resnet50_fp16_bs2_e1_r1_raw_metrics.csv
