Running on device: NVIDIA L40S
--- Training PyTorch Model: resnet50 | Precision: fp32 | Batch: 12 ---
Epoch 1/1
Epoch 1 time: 3.261s | Last loss: 2.2961

--- Benchmark Complete ---
timestamp: 2025-10-18T08:30:07.784353
gpu_vendor: nvidia
gpu_name: NVIDIA L40S
model: resnet50
precision: fp32
batch_size: 12
epochs: 1
total_time_sec: 3.2621
avg_throughput_samples_per_sec: 367.8636
final_loss: 2.2961
nan_inf_count: 0
skipped_steps: 0
peak_memory_mb: 2509.7500
avg_utilization_percent: 34.5000
avg_power_watts: 163.5850
Results saved to results_precision_batch/nvidia_train_resnet50_fp32_bs12_e1_r1.csv
Raw GPU metrics saved to results_precision_batch/nvidia_train_resnet50_fp32_bs12_e1_r1_raw_metrics.csv
