Running on device: NVIDIA L40S
--- Training PyTorch Model: bert-large | Precision: bf16 | Batch: 4 ---
Epoch 1/1
Epoch 1 time: 9.910s | Last loss: 0.6802

--- Benchmark Complete ---
timestamp: 2025-10-18T09:06:58.073734
gpu_vendor: nvidia
gpu_name: NVIDIA L40S
model: bert-large
precision: bf16
batch_size: 4
epochs: 1
total_time_sec: 9.9109
avg_throughput_samples_per_sec: 40.3597
final_loss: 0.6802
nan_inf_count: 0
skipped_steps: 0
peak_memory_mb: 7689.7500
avg_utilization_percent: 35.6667
avg_power_watts: 147.9349
Results saved to results_precision_batch/nvidia_train_bert-large_bf16_bs4_e1_r1.csv
Raw GPU metrics saved to results_precision_batch/nvidia_train_bert-large_bf16_bs4_e1_r1_raw_metrics.csv
