Running on device: NVIDIA L40S
--- Training PyTorch Model: gpt2 | Precision: fp16 | Batch: 64 ---
Epoch 1/1
Epoch 1 time: 18.779s | Last loss: 10.8948

--- Benchmark Complete ---
timestamp: 2025-10-18T09:14:56.657443
gpu_vendor: nvidia
gpu_name: NVIDIA L40S
model: gpt2
precision: fp16
batch_size: 64
epochs: 1
total_time_sec: 18.7799
avg_throughput_samples_per_sec: 340.7893
final_loss: 10.8948
nan_inf_count: 0
skipped_steps: 0
peak_memory_mb: 17101.7500
avg_utilization_percent: 84.4545
avg_power_watts: 267.6856
Results saved to results_precision_batch/nvidia_train_gpt2_fp16_bs64_e1_r1.csv
Raw GPU metrics saved to results_precision_batch/nvidia_train_gpt2_fp16_bs64_e1_r1_raw_metrics.csv
