Running on device: NVIDIA L40S
--- Training PyTorch Model: gpt2 | Precision: bf16 | Batch: 24 ---
Epoch 1/1
Epoch 1 time: 7.108s | Last loss: 10.9064

--- Benchmark Complete ---
timestamp: 2025-10-18T09:20:43.031703
gpu_vendor: nvidia
gpu_name: NVIDIA L40S
model: gpt2
precision: bf16
batch_size: 24
epochs: 1
total_time_sec: 7.1090
avg_throughput_samples_per_sec: 337.5998
final_loss: 10.9064
nan_inf_count: 0
skipped_steps: 0
peak_memory_mb: 8169.7500
avg_utilization_percent: 65.9000
avg_power_watts: 217.9466
Results saved to results_precision_batch/nvidia_train_gpt2_bf16_bs24_e1_r1.csv
Raw GPU metrics saved to results_precision_batch/nvidia_train_gpt2_bf16_bs24_e1_r1_raw_metrics.csv
