Running on device: NVIDIA L40S
--- Training PyTorch Model: bert-large | Precision: bf16 | Batch: 32 ---
Epoch 1/1
Epoch 1 time: 11.167s | Last loss: 0.7139

--- Benchmark Complete ---
timestamp: 2025-10-18T09:05:28.486289
gpu_vendor: nvidia
gpu_name: NVIDIA L40S
model: bert-large
precision: bf16
batch_size: 32
epochs: 1
total_time_sec: 11.1677
avg_throughput_samples_per_sec: 286.5407
final_loss: 0.7139
nan_inf_count: 0
skipped_steps: 0
peak_memory_mb: 9999.7500
avg_utilization_percent: 59.4375
avg_power_watts: 208.1412
Results saved to results_precision_batch/nvidia_train_bert-large_bf16_bs32_e1_r1.csv
Raw GPU metrics saved to results_precision_batch/nvidia_train_bert-large_bf16_bs32_e1_r1_raw_metrics.csv
