Running on device: NVIDIA L40S
--- Training PyTorch Model: bert-large | Precision: bf16 | Batch: 192 ---
Epoch 1/1
Epoch 1 time: 53.952s | Last loss: 0.7026

--- Benchmark Complete ---
timestamp: 2025-10-18T09:03:01.768190
gpu_vendor: nvidia
gpu_name: NVIDIA L40S
model: bert-large
precision: bf16
batch_size: 192
epochs: 1
total_time_sec: 53.9534
avg_throughput_samples_per_sec: 355.8627
final_loss: 0.7026
nan_inf_count: 0
skipped_steps: 0
peak_memory_mb: 30595.7500
avg_utilization_percent: 89.6441
avg_power_watts: 291.2553
Results saved to results_precision_batch/nvidia_train_bert-large_bf16_bs192_e1_r1.csv
Raw GPU metrics saved to results_precision_batch/nvidia_train_bert-large_bf16_bs192_e1_r1_raw_metrics.csv
