Running on device: NVIDIA L40S
--- Training PyTorch Model: resnet50 | Precision: bf16 | Batch: 96 ---
Epoch 1/1
Epoch 1 time: 8.605s | Last loss: 2.3063

--- Benchmark Complete ---
timestamp: 2025-10-18T08:43:50.255871
gpu_vendor: nvidia
gpu_name: NVIDIA L40S
model: resnet50
precision: bf16
batch_size: 96
epochs: 1
total_time_sec: 8.6057
avg_throughput_samples_per_sec: 1115.5385
final_loss: 2.3063
nan_inf_count: 0
skipped_steps: 0
peak_memory_mb: 6277.7500
avg_utilization_percent: 87.2000
avg_power_watts: 273.7527
Results saved to results_precision_batch/nvidia_train_resnet50_bf16_bs96_e1_r1.csv
Raw GPU metrics saved to results_precision_batch/nvidia_train_resnet50_bf16_bs96_e1_r1_raw_metrics.csv
