Running on device: NVIDIA L40S
--- Training PyTorch Model: resnet50 | Precision: bf16 | Batch: 1024 ---
Epoch 1/1
Epoch 1 time: 104.651s | Last loss: 2.3066

--- Benchmark Complete ---
timestamp: 2025-10-18T08:39:35.333317
gpu_vendor: nvidia
gpu_name: NVIDIA L40S
model: resnet50
precision: bf16
batch_size: 1024
epochs: 1
total_time_sec: 104.6513
avg_throughput_samples_per_sec: 978.4875
final_loss: 2.3066
nan_inf_count: 0
skipped_steps: 0
peak_memory_mb: 45559.7500
avg_utilization_percent: 98.8190
avg_power_watts: 303.2578
Results saved to results_precision_batch/nvidia_train_resnet50_bf16_bs1024_e1_r1.csv
Raw GPU metrics saved to results_precision_batch/nvidia_train_resnet50_bf16_bs1024_e1_r1_raw_metrics.csv
