Running on device: NVIDIA L40S
--- Training PyTorch Model: resnet50 | Precision: fp16 | Batch: 96 ---
Epoch 1/1
Epoch 1 time: 8.227s | Last loss: 2.3066

--- Benchmark Complete ---
timestamp: 2025-10-18T08:36:27.207221
gpu_vendor: nvidia
gpu_name: NVIDIA L40S
model: resnet50
precision: fp16
batch_size: 96
epochs: 1
total_time_sec: 8.2281
avg_throughput_samples_per_sec: 1166.7327
final_loss: 2.3066
nan_inf_count: 0
skipped_steps: 0
peak_memory_mb: 6053.7500
avg_utilization_percent: 84.8889
avg_power_watts: 266.5451
Results saved to results_precision_batch/nvidia_train_resnet50_fp16_bs96_e1_r1.csv
Raw GPU metrics saved to results_precision_batch/nvidia_train_resnet50_fp16_bs96_e1_r1_raw_metrics.csv
