Running on device: NVIDIA L40S
--- Training PyTorch Model: resnet50 | Precision: fp32 | Batch: 1 ---
Epoch 1/1
Epoch 1 time: 3.295s | Last loss: 2.4737

--- Benchmark Complete ---
timestamp: 2025-10-18T08:30:35.003128
gpu_vendor: nvidia
gpu_name: NVIDIA L40S
model: resnet50
precision: fp32
batch_size: 1
epochs: 1
total_time_sec: 3.2955
avg_throughput_samples_per_sec: 30.3442
final_loss: 2.4737
nan_inf_count: 0
skipped_steps: 0
peak_memory_mb: 1495.7500
avg_utilization_percent: 13
avg_power_watts: 108.6068
Results saved to results_precision_batch/nvidia_train_resnet50_fp32_bs1_e1_r1.csv
Raw GPU metrics saved to results_precision_batch/nvidia_train_resnet50_fp32_bs1_e1_r1_raw_metrics.csv
