Running on device: NVIDIA L40S
--- Training PyTorch Model: bert-large | Precision: fp16 | Batch: 24 ---
Epoch 1/1
Epoch 1 time: 10.926s | Last loss: 0.7267

--- Benchmark Complete ---
timestamp: 2025-10-18T08:58:16.585776
gpu_vendor: nvidia
gpu_name: NVIDIA L40S
model: bert-large
precision: fp16
batch_size: 24
epochs: 1
total_time_sec: 10.9274
avg_throughput_samples_per_sec: 219.6308
final_loss: 0.7267
nan_inf_count: 0
skipped_steps: 0
peak_memory_mb: 8741.7500
avg_utilization_percent: 55.8750
avg_power_watts: 201.4824
Results saved to results_precision_batch/nvidia_train_bert-large_fp16_bs24_e1_r1.csv
Raw GPU metrics saved to results_precision_batch/nvidia_train_bert-large_fp16_bs24_e1_r1_raw_metrics.csv
