Running on device: NVIDIA L40S
--- Training PyTorch Model: bert-large | Precision: fp32 | Batch: 24 ---
Epoch 1/1
Epoch 1 time: 12.626s | Last loss: 0.6900

--- Benchmark Complete ---
timestamp: 2025-10-18T08:50:53.526112
gpu_vendor: nvidia
gpu_name: NVIDIA L40S
model: bert-large
precision: fp32
batch_size: 24
epochs: 1
total_time_sec: 12.6271
avg_throughput_samples_per_sec: 190.0678
final_loss: 0.6900
nan_inf_count: 0
skipped_steps: 0
peak_memory_mb: 10135.7500
avg_utilization_percent: 66.2778
avg_power_watts: 231.0124
Results saved to results_precision_batch/nvidia_train_bert-large_fp32_bs24_e1_r1.csv
Raw GPU metrics saved to results_precision_batch/nvidia_train_bert-large_fp32_bs24_e1_r1_raw_metrics.csv
