Running on device: NVIDIA L40S
--- Training PyTorch Model: gpt2 | Precision: bf16 | Batch: 12 ---
Epoch 1/1
Epoch 1 time: 5.234s | Last loss: 10.9125

--- Benchmark Complete ---
timestamp: 2025-10-18T09:21:04.527350
gpu_vendor: nvidia
gpu_name: NVIDIA L40S
model: gpt2
precision: bf16
batch_size: 12
epochs: 1
total_time_sec: 5.2349
avg_throughput_samples_per_sec: 229.2294
final_loss: 10.9125
nan_inf_count: 0
skipped_steps: 0
peak_memory_mb: 5565.7500
avg_utilization_percent: 52.1250
avg_power_watts: 178.1430
Results saved to results_precision_batch/nvidia_train_gpt2_bf16_bs12_e1_r1.csv
Raw GPU metrics saved to results_precision_batch/nvidia_train_gpt2_bf16_bs12_e1_r1_raw_metrics.csv
