Running on device: NVIDIA L40S
--- Training PyTorch Model: gpt2 | Precision: fp16 | Batch: 192 ---
Epoch 1/1
Epoch 1 time: 55.358s | Last loss: 10.8856

--- Benchmark Complete ---
timestamp: 2025-10-18T09:13:15.710011
gpu_vendor: nvidia
gpu_name: NVIDIA L40S
model: gpt2
precision: fp16
batch_size: 192
epochs: 1
total_time_sec: 55.3587
avg_throughput_samples_per_sec: 346.8292
final_loss: 10.8856
nan_inf_count: 0
skipped_steps: 0
peak_memory_mb: 42873.7500
avg_utilization_percent: 94.4138
avg_power_watts: 286.9993
Results saved to results_precision_batch/nvidia_train_gpt2_fp16_bs192_e1_r1.csv
Raw GPU metrics saved to results_precision_batch/nvidia_train_gpt2_fp16_bs192_e1_r1_raw_metrics.csv
