Running on device: NVIDIA L40S
--- Training PyTorch Model: bert-large | Precision: fp16 | Batch: 96 ---
Epoch 1/1
Epoch 1 time: 26.972s | Last loss: 0.6849

--- Benchmark Complete ---
timestamp: 2025-10-18T08:56:47.804407
gpu_vendor: nvidia
gpu_name: NVIDIA L40S
model: bert-large
precision: fp16
batch_size: 96
epochs: 1
total_time_sec: 26.9735
avg_throughput_samples_per_sec: 355.9048
final_loss: 0.6849
nan_inf_count: 0
skipped_steps: 0
peak_memory_mb: 18171.7500
avg_utilization_percent: 80.6250
avg_power_watts: 267.5131
Results saved to results_precision_batch/nvidia_train_bert-large_fp16_bs96_e1_r1.csv
Raw GPU metrics saved to results_precision_batch/nvidia_train_bert-large_fp16_bs96_e1_r1_raw_metrics.csv
