Running on device: NVIDIA L40S
--- Training PyTorch Model: gpt2 | Precision: fp16 | Batch: 1 ---
Epoch 1/1
Epoch 1 time: 5.221s | Last loss: 11.0959

--- Benchmark Complete ---
timestamp: 2025-10-18T09:16:49.571989
gpu_vendor: nvidia
gpu_name: NVIDIA L40S
model: gpt2
precision: fp16
batch_size: 1
epochs: 1
total_time_sec: 5.2216
avg_throughput_samples_per_sec: 19.1511
final_loss: 11.0959
nan_inf_count: 0
skipped_steps: 0
peak_memory_mb: 3677.7500
avg_utilization_percent: 30.5000
avg_power_watts: 132.9503
Results saved to results_precision_batch/nvidia_train_gpt2_fp16_bs1_e1_r1.csv
Raw GPU metrics saved to results_precision_batch/nvidia_train_gpt2_fp16_bs1_e1_r1_raw_metrics.csv
