Running on device: NVIDIA L40S
--- Training PyTorch Model: resnet50 | Precision: bf16 | Batch: 48 ---
Epoch 1/1
Epoch 1 time: 4.527s | Last loss: 2.3431

--- Benchmark Complete ---
timestamp: 2025-10-18T08:44:07.902584
gpu_vendor: nvidia
gpu_name: NVIDIA L40S
model: resnet50
precision: bf16
batch_size: 48
epochs: 1
total_time_sec: 4.5274
avg_throughput_samples_per_sec: 1060.2169
final_loss: 2.3431
nan_inf_count: 0
skipped_steps: 0
peak_memory_mb: 3775.7500
avg_utilization_percent: 66
avg_power_watts: 225.8510
Results saved to results_precision_batch/nvidia_train_resnet50_bf16_bs48_e1_r1.csv
Raw GPU metrics saved to results_precision_batch/nvidia_train_resnet50_bf16_bs48_e1_r1_raw_metrics.csv
