Running on device: NVIDIA L40S
--- Training PyTorch Model: gpt2 | Precision: fp32 | Batch: 1 ---
Epoch 1/1
Epoch 1 time: 4.134s | Last loss: 10.9815

--- Benchmark Complete ---
timestamp: 2025-10-18T09:11:48.855702
gpu_vendor: nvidia
gpu_name: NVIDIA L40S
model: gpt2
precision: fp32
batch_size: 1
epochs: 1
total_time_sec: 4.1348
avg_throughput_samples_per_sec: 24.1847
final_loss: 10.9815
nan_inf_count: 0
skipped_steps: 0
peak_memory_mb: 3807.7500
avg_utilization_percent: 32.4286
avg_power_watts: 136.6697
Results saved to results_precision_batch/nvidia_train_gpt2_fp32_bs1_e1_r1.csv
Raw GPU metrics saved to results_precision_batch/nvidia_train_gpt2_fp32_bs1_e1_r1_raw_metrics.csv
