Running on device: NVIDIA L40S
--- Training PyTorch Model: gpt2 | Precision: fp16 | Batch: 8 ---
Epoch 1/1
Epoch 1 time: 5.235s | Last loss: 10.9636

--- Benchmark Complete ---
timestamp: 2025-10-18T09:16:17.258792
gpu_vendor: nvidia
gpu_name: NVIDIA L40S
model: gpt2
precision: fp16
batch_size: 8
epochs: 1
total_time_sec: 5.2358
avg_throughput_samples_per_sec: 152.7955
final_loss: 10.9636
nan_inf_count: 0
skipped_steps: 0
peak_memory_mb: 4467.7500
avg_utilization_percent: 43
avg_power_watts: 165.4996
Results saved to results_precision_batch/nvidia_train_gpt2_fp16_bs8_e1_r1.csv
Raw GPU metrics saved to results_precision_batch/nvidia_train_gpt2_fp16_bs8_e1_r1_raw_metrics.csv
