Running on device: NVIDIA L40S
--- Training PyTorch Model: gpt2 | Precision: bf16 | Batch: 32 ---
Epoch 1/1
Epoch 1 time: 8.780s | Last loss: 10.9068

--- Benchmark Complete ---
timestamp: 2025-10-18T09:20:29.879342
gpu_vendor: nvidia
gpu_name: NVIDIA L40S
model: gpt2
precision: bf16
batch_size: 32
epochs: 1
total_time_sec: 8.7812
avg_throughput_samples_per_sec: 364.4166
final_loss: 10.9068
nan_inf_count: 0
skipped_steps: 0
peak_memory_mb: 10283.7500
avg_utilization_percent: 73.1667
avg_power_watts: 241.0700
Results saved to results_precision_batch/nvidia_train_gpt2_bf16_bs32_e1_r1.csv
Raw GPU metrics saved to results_precision_batch/nvidia_train_gpt2_bf16_bs32_e1_r1_raw_metrics.csv
