Running on device: NVIDIA L40S
--- Training PyTorch Model: resnet50 | Precision: fp16 | Batch: 128 ---
Epoch 1/1
Epoch 1 time: 11.156s | Last loss: 2.3249

--- Benchmark Complete ---
timestamp: 2025-10-18T08:36:15.028778
gpu_vendor: nvidia
gpu_name: NVIDIA L40S
model: resnet50
precision: fp16
batch_size: 128
epochs: 1
total_time_sec: 11.1567
avg_throughput_samples_per_sec: 1147.2948
final_loss: 2.3249
nan_inf_count: 0
skipped_steps: 0
peak_memory_mb: 7597.7500
avg_utilization_percent: 88.2500
avg_power_watts: 275.4268
Results saved to results_precision_batch/nvidia_train_resnet50_fp16_bs128_e1_r1.csv
Raw GPU metrics saved to results_precision_batch/nvidia_train_resnet50_fp16_bs128_e1_r1_raw_metrics.csv
