Running on device: NVIDIA L40S
--- Training PyTorch Model: gpt2 | Precision: bf16 | Batch: 8 ---
Epoch 1/1
Epoch 1 time: 4.967s | Last loss: 10.9632

--- Benchmark Complete ---
timestamp: 2025-10-18T09:21:15.581120
gpu_vendor: nvidia
gpu_name: NVIDIA L40S
model: gpt2
precision: bf16
batch_size: 8
epochs: 1
total_time_sec: 4.9683
avg_throughput_samples_per_sec: 161.0196
final_loss: 10.9632
nan_inf_count: 0
skipped_steps: 0
peak_memory_mb: 4467.7500
avg_utilization_percent: 44.1250
avg_power_watts: 159.7914
Results saved to results_precision_batch/nvidia_train_gpt2_bf16_bs8_e1_r1.csv
Raw GPU metrics saved to results_precision_batch/nvidia_train_gpt2_bf16_bs8_e1_r1_raw_metrics.csv
