Running on device: NVIDIA L40S
--- Training PyTorch Model: resnet50 | Precision: fp32 | Batch: 48 ---
Epoch 1/1
Epoch 1 time: 7.365s | Last loss: 2.3424

--- Benchmark Complete ---
timestamp: 2025-10-18T08:29:37.553663
gpu_vendor: nvidia
gpu_name: NVIDIA L40S
model: resnet50
precision: fp32
batch_size: 48
epochs: 1
total_time_sec: 7.3660
avg_throughput_samples_per_sec: 651.6456
final_loss: 2.3424
nan_inf_count: 0
skipped_steps: 0
peak_memory_mb: 5953.7500
avg_utilization_percent: 85.7500
avg_power_watts: 268.9170
Results saved to results_precision_batch/nvidia_train_resnet50_fp32_bs48_e1_r1.csv
Raw GPU metrics saved to results_precision_batch/nvidia_train_resnet50_fp32_bs48_e1_r1_raw_metrics.csv
