Running on device: NVIDIA L40S
--- Training PyTorch Model: resnet50 | Precision: fp16 | Batch: 8 ---
Epoch 1/1
Epoch 1 time: 3.726s | Last loss: 2.2197

--- Benchmark Complete ---
timestamp: 2025-10-18T08:37:23.953804
gpu_vendor: nvidia
gpu_name: NVIDIA L40S
model: resnet50
precision: fp16
batch_size: 8
epochs: 1
total_time_sec: 3.7261
avg_throughput_samples_per_sec: 214.7001
final_loss: 2.2197
nan_inf_count: 0
skipped_steps: 0
peak_memory_mb: 1763.7500
avg_utilization_percent: 18.8000
avg_power_watts: 125.5116
Results saved to results_precision_batch/nvidia_train_resnet50_fp16_bs8_e1_r1.csv
Raw GPU metrics saved to results_precision_batch/nvidia_train_resnet50_fp16_bs8_e1_r1_raw_metrics.csv
