Running on device: NVIDIA L40S
--- Training PyTorch Model: resnet50 | Precision: fp16 | Batch: 256 ---
Epoch 1/1
Epoch 1 time: 23.780s | Last loss: 2.3125

--- Benchmark Complete ---
timestamp: 2025-10-18T08:35:39.297195
gpu_vendor: nvidia
gpu_name: NVIDIA L40S
model: resnet50
precision: fp16
batch_size: 256
epochs: 1
total_time_sec: 23.7806
avg_throughput_samples_per_sec: 1076.5086
final_loss: 2.3125
nan_inf_count: 0
skipped_steps: 0
peak_memory_mb: 14165.7500
avg_utilization_percent: 94.1600
avg_power_watts: 293.9108
Results saved to results_precision_batch/nvidia_train_resnet50_fp16_bs256_e1_r1.csv
Raw GPU metrics saved to results_precision_batch/nvidia_train_resnet50_fp16_bs256_e1_r1_raw_metrics.csv
