Running on device: NVIDIA L40S
--- Training PyTorch Model: bert-large | Precision: bf16 | Batch: 64 ---
Epoch 1/1
Epoch 1 time: 17.731s | Last loss: 0.6758

--- Benchmark Complete ---
timestamp: 2025-10-18T09:04:46.510004
gpu_vendor: nvidia
gpu_name: NVIDIA L40S
model: bert-large
precision: bf16
batch_size: 64
epochs: 1
total_time_sec: 17.7324
avg_throughput_samples_per_sec: 360.9221
final_loss: 0.6758
nan_inf_count: 0
skipped_steps: 0
peak_memory_mb: 14079.7500
avg_utilization_percent: 73.8696
avg_power_watts: 249.0145
Results saved to results_precision_batch/nvidia_train_bert-large_bf16_bs64_e1_r1.csv
Raw GPU metrics saved to results_precision_batch/nvidia_train_bert-large_bf16_bs64_e1_r1_raw_metrics.csv
