Running on device: NVIDIA L40S
--- Training PyTorch Model: gpt2 | Precision: bf16 | Batch: 2 ---
Epoch 1/1
Epoch 1 time: 4.601s | Last loss: 10.9563

--- Benchmark Complete ---
timestamp: 2025-10-18T09:21:35.095190
gpu_vendor: nvidia
gpu_name: NVIDIA L40S
model: gpt2
precision: bf16
batch_size: 2
epochs: 1
total_time_sec: 4.6014
avg_throughput_samples_per_sec: 43.4655
final_loss: 10.9563
nan_inf_count: 0
skipped_steps: 0
peak_memory_mb: 3761.7500
avg_utilization_percent: 29.5714
avg_power_watts: 133.1880
Results saved to results_precision_batch/nvidia_train_gpt2_bf16_bs2_e1_r1.csv
Raw GPU metrics saved to results_precision_batch/nvidia_train_gpt2_bf16_bs2_e1_r1_raw_metrics.csv
