Running on device: NVIDIA L40S
--- Training PyTorch Model: resnet50 | Precision: fp32 | Batch: 192 ---
Epoch 1/1
Epoch 1 time: 33.302s | Last loss: 2.2998

--- Benchmark Complete ---
timestamp: 2025-10-18T08:28:28.069999
gpu_vendor: nvidia
gpu_name: NVIDIA L40S
model: resnet50
precision: fp32
batch_size: 192
epochs: 1
total_time_sec: 33.3026
avg_throughput_samples_per_sec: 576.5321
final_loss: 2.2998
nan_inf_count: 0
skipped_steps: 0
peak_memory_mb: 19597.7500
avg_utilization_percent: 95.7647
avg_power_watts: 297.2726
Results saved to results_precision_batch/nvidia_train_resnet50_fp32_bs192_e1_r1.csv
Raw GPU metrics saved to results_precision_batch/nvidia_train_resnet50_fp32_bs192_e1_r1_raw_metrics.csv
