Running on device: NVIDIA L40S
--- Training PyTorch Model: gpt2 | Precision: bf16 | Batch: 16 ---
Epoch 1/1
Epoch 1 time: 5.803s | Last loss: 10.9246

--- Benchmark Complete ---
timestamp: 2025-10-18T09:20:53.753919
gpu_vendor: nvidia
gpu_name: NVIDIA L40S
model: gpt2
precision: bf16
batch_size: 16
epochs: 1
total_time_sec: 5.8042
avg_throughput_samples_per_sec: 275.6637
final_loss: 10.9246
nan_inf_count: 0
skipped_steps: 0
peak_memory_mb: 6199.7500
avg_utilization_percent: 54.5000
avg_power_watts: 190.5821
Results saved to results_precision_batch/nvidia_train_gpt2_bf16_bs16_e1_r1.csv
Raw GPU metrics saved to results_precision_batch/nvidia_train_gpt2_bf16_bs16_e1_r1_raw_metrics.csv
