Running on device: NVIDIA L40S
--- Training PyTorch Model: resnet50 | Precision: bf16 | Batch: 32 ---
Epoch 1/1
Epoch 1 time: 3.860s | Last loss: 2.3789

--- Benchmark Complete ---
timestamp: 2025-10-18T08:44:15.717178
gpu_vendor: nvidia
gpu_name: NVIDIA L40S
model: resnet50
precision: bf16
batch_size: 32
epochs: 1
total_time_sec: 3.8609
avg_throughput_samples_per_sec: 828.8251
final_loss: 2.3789
nan_inf_count: 0
skipped_steps: 0
peak_memory_mb: 3105.7500
avg_utilization_percent: 49.8000
avg_power_watts: 195.9912
Results saved to results_precision_batch/nvidia_train_resnet50_bf16_bs32_e1_r1.csv
Raw GPU metrics saved to results_precision_batch/nvidia_train_resnet50_bf16_bs32_e1_r1_raw_metrics.csv
