Running on device: NVIDIA L40S
--- Training PyTorch Model: bert-large | Precision: fp16 | Batch: 128 ---
Epoch 1/1
Epoch 1 time: 35.937s | Last loss: 0.7187

--- Benchmark Complete ---
timestamp: 2025-10-18T08:56:12.982120
gpu_vendor: nvidia
gpu_name: NVIDIA L40S
model: bert-large
precision: fp16
batch_size: 128
epochs: 1
total_time_sec: 35.9376
avg_throughput_samples_per_sec: 356.1727
final_loss: 0.7187
nan_inf_count: 0
skipped_steps: 0
peak_memory_mb: 22239.7500
avg_utilization_percent: 84.5610
avg_power_watts: 279.8869
Results saved to results_precision_batch/nvidia_train_bert-large_fp16_bs128_e1_r1.csv
Raw GPU metrics saved to results_precision_batch/nvidia_train_bert-large_fp16_bs128_e1_r1_raw_metrics.csv
