Running on device: NVIDIA L40S
--- Training PyTorch Model: gpt2 | Precision: fp16 | Batch: 16 ---
Epoch 1/1
Epoch 1 time: 6.062s | Last loss: 10.9229

--- Benchmark Complete ---
timestamp: 2025-10-18T09:15:55.784808
gpu_vendor: nvidia
gpu_name: NVIDIA L40S
model: gpt2
precision: fp16
batch_size: 16
epochs: 1
total_time_sec: 6.0628
avg_throughput_samples_per_sec: 263.9034
final_loss: 10.9229
nan_inf_count: 0
skipped_steps: 0
peak_memory_mb: 6199.7500
avg_utilization_percent: 57.5556
avg_power_watts: 197.1400
Results saved to results_precision_batch/nvidia_train_gpt2_fp16_bs16_e1_r1.csv
Raw GPU metrics saved to results_precision_batch/nvidia_train_gpt2_fp16_bs16_e1_r1_raw_metrics.csv
