Running on device: NVIDIA L40S
--- Training PyTorch Model: bert-large | Precision: bf16 | Batch: 12 ---
Epoch 1/1
Epoch 1 time: 9.966s | Last loss: 0.8739

--- Benchmark Complete ---
timestamp: 2025-10-18T09:06:22.264277
gpu_vendor: nvidia
gpu_name: NVIDIA L40S
model: bert-large
precision: bf16
batch_size: 12
epochs: 1
total_time_sec: 9.9668
avg_throughput_samples_per_sec: 120.3998
final_loss: 0.8739
nan_inf_count: 0
skipped_steps: 0
peak_memory_mb: 7831.7500
avg_utilization_percent: 43.1333
avg_power_watts: 171.0787
Results saved to results_precision_batch/nvidia_train_bert-large_bf16_bs12_e1_r1.csv
Raw GPU metrics saved to results_precision_batch/nvidia_train_bert-large_bf16_bs12_e1_r1_raw_metrics.csv
