Running on device: NVIDIA L40S
--- Training PyTorch Model: resnet50 | Precision: fp16 | Batch: 1 ---
Epoch 1/1
Epoch 1 time: 3.865s | Last loss: 2.4746

--- Benchmark Complete ---
timestamp: 2025-10-18T08:37:47.393379
gpu_vendor: nvidia
gpu_name: NVIDIA L40S
model: resnet50
precision: fp16
batch_size: 1
epochs: 1
total_time_sec: 3.8652
avg_throughput_samples_per_sec: 25.8716
final_loss: 2.4746
nan_inf_count: 0
skipped_steps: 0
peak_memory_mb: 1521.7500
avg_utilization_percent: 12.2000
avg_power_watts: 108.7310
Results saved to results_precision_batch/nvidia_train_resnet50_fp16_bs1_e1_r1.csv
Raw GPU metrics saved to results_precision_batch/nvidia_train_resnet50_fp16_bs1_e1_r1_raw_metrics.csv
