Running on device: NVIDIA L40S
--- Training PyTorch Model: resnet50 | Precision: fp16 | Batch: 384 ---
Epoch 1/1
Epoch 1 time: 36.639s | Last loss: 2.3073

--- Benchmark Complete ---
timestamp: 2025-10-18T08:35:11.473019
gpu_vendor: nvidia
gpu_name: NVIDIA L40S
model: resnet50
precision: fp16
batch_size: 384
epochs: 1
total_time_sec: 36.6399
avg_throughput_samples_per_sec: 1048.0384
final_loss: 2.3073
nan_inf_count: 0
skipped_steps: 0
peak_memory_mb: 20619.7500
avg_utilization_percent: 96.2162
avg_power_watts: 298.9616
Results saved to results_precision_batch/nvidia_train_resnet50_fp16_bs384_e1_r1.csv
Raw GPU metrics saved to results_precision_batch/nvidia_train_resnet50_fp16_bs384_e1_r1_raw_metrics.csv
