Running on device: NVIDIA L40S
--- Training PyTorch Model: gpt2 | Precision: fp16 | Batch: 24 ---
Epoch 1/1
Epoch 1 time: 7.499s | Last loss: 10.9042

--- Benchmark Complete ---
timestamp: 2025-10-18T09:15:43.991046
gpu_vendor: nvidia
gpu_name: NVIDIA L40S
model: gpt2
precision: fp16
batch_size: 24
epochs: 1
total_time_sec: 7.4996
avg_throughput_samples_per_sec: 320.0179
final_loss: 10.9042
nan_inf_count: 0
skipped_steps: 0
peak_memory_mb: 8169.7500
avg_utilization_percent: 64.5000
avg_power_watts: 219.7740
Results saved to results_precision_batch/nvidia_train_gpt2_fp16_bs24_e1_r1.csv
Raw GPU metrics saved to results_precision_batch/nvidia_train_gpt2_fp16_bs24_e1_r1_raw_metrics.csv
