Running on device: NVIDIA L40S
--- Training PyTorch Model: gpt2 | Precision: bf16 | Batch: 64 ---
Epoch 1/1
Epoch 1 time: 18.411s | Last loss: 10.8949

--- Benchmark Complete ---
timestamp: 2025-10-18T09:19:55.061481
gpu_vendor: nvidia
gpu_name: NVIDIA L40S
model: gpt2
precision: bf16
batch_size: 64
epochs: 1
total_time_sec: 18.4116
avg_throughput_samples_per_sec: 347.6071
final_loss: 10.8949
nan_inf_count: 0
skipped_steps: 0
peak_memory_mb: 17101.7500
avg_utilization_percent: 84.6667
avg_power_watts: 265.0579
Results saved to results_precision_batch/nvidia_train_gpt2_bf16_bs64_e1_r1.csv
Raw GPU metrics saved to results_precision_batch/nvidia_train_gpt2_bf16_bs64_e1_r1_raw_metrics.csv
