Running on device: NVIDIA L40S
--- Training PyTorch Model: gpt2 | Precision: bf16 | Batch: 128 ---
Epoch 1/1
Epoch 1 time: 35.859s | Last loss: 10.8907

--- Benchmark Complete ---
timestamp: 2025-10-18T09:18:58.536398
gpu_vendor: nvidia
gpu_name: NVIDIA L40S
model: gpt2
precision: bf16
batch_size: 128
epochs: 1
total_time_sec: 35.8596
avg_throughput_samples_per_sec: 356.9480
final_loss: 10.8907
nan_inf_count: 0
skipped_steps: 0
peak_memory_mb: 32303.7500
avg_utilization_percent: 91.6923
avg_power_watts: 281.0180
Results saved to results_precision_batch/nvidia_train_gpt2_bf16_bs128_e1_r1.csv
Raw GPU metrics saved to results_precision_batch/nvidia_train_gpt2_bf16_bs128_e1_r1_raw_metrics.csv
