Running on device: NVIDIA L40S
--- Training PyTorch Model: bert-large | Precision: fp32 | Batch: 1 ---
Epoch 1/1
Epoch 1 time: 9.059s | Last loss: 1.2931

--- Benchmark Complete ---
timestamp: 2025-10-18T08:52:35.736104
gpu_vendor: nvidia
gpu_name: NVIDIA L40S
model: bert-large
precision: fp32
batch_size: 1
epochs: 1
total_time_sec: 9.0596
avg_throughput_samples_per_sec: 11.0380
final_loss: 1.2931
nan_inf_count: 0
skipped_steps: 0
peak_memory_mb: 7549.7500
avg_utilization_percent: 32.5000
avg_power_watts: 141.7629
Results saved to results_precision_batch/nvidia_train_bert-large_fp32_bs1_e1_r1.csv
Raw GPU metrics saved to results_precision_batch/nvidia_train_bert-large_fp32_bs1_e1_r1_raw_metrics.csv
