Running on device: NVIDIA L40S
--- Training PyTorch Model: gpt2 | Precision: fp32 | Batch: 16 ---
Epoch 1/1
Epoch 1 time: 5.902s | Last loss: 10.9093

--- Benchmark Complete ---
timestamp: 2025-10-18T09:10:58.819879
gpu_vendor: nvidia
gpu_name: NVIDIA L40S
model: gpt2
precision: fp32
batch_size: 16
epochs: 1
total_time_sec: 5.9029
avg_throughput_samples_per_sec: 271.0530
final_loss: 10.9093
nan_inf_count: 0
skipped_steps: 0
peak_memory_mb: 6573.7500
avg_utilization_percent: 62.2222
avg_power_watts: 205.3808
Results saved to results_precision_batch/nvidia_train_gpt2_fp32_bs16_e1_r1.csv
Raw GPU metrics saved to results_precision_batch/nvidia_train_gpt2_fp32_bs16_e1_r1_raw_metrics.csv
