Running on device: NVIDIA L40S
--- Training PyTorch Model: gpt2 | Precision: fp16 | Batch: 32 ---
Epoch 1/1
Epoch 1 time: 9.076s | Last loss: 10.9039

--- Benchmark Complete ---
timestamp: 2025-10-18T09:15:31.201286
gpu_vendor: nvidia
gpu_name: NVIDIA L40S
model: gpt2
precision: fp16
batch_size: 32
epochs: 1
total_time_sec: 9.0771
avg_throughput_samples_per_sec: 352.5370
final_loss: 10.9039
nan_inf_count: 0
skipped_steps: 0
peak_memory_mb: 10283.7500
avg_utilization_percent: 71.9167
avg_power_watts: 242.0234
Results saved to results_precision_batch/nvidia_train_gpt2_fp16_bs32_e1_r1.csv
Raw GPU metrics saved to results_precision_batch/nvidia_train_gpt2_fp16_bs32_e1_r1_raw_metrics.csv
