Running on device: NVIDIA L40S
--- Training PyTorch Model: resnet50 | Precision: fp32 | Batch: 8 ---
Epoch 1/1
Epoch 1 time: 3.303s | Last loss: 2.2201

--- Benchmark Complete ---
timestamp: 2025-10-18T08:30:14.570035
gpu_vendor: nvidia
gpu_name: NVIDIA L40S
model: resnet50
precision: fp32
batch_size: 8
epochs: 1
total_time_sec: 3.3035
avg_throughput_samples_per_sec: 242.1656
final_loss: 2.2201
nan_inf_count: 0
skipped_steps: 0
peak_memory_mb: 2161.7500
avg_utilization_percent: 24.7500
avg_power_watts: 133.5640
Results saved to results_precision_batch/nvidia_train_resnet50_fp32_bs8_e1_r1.csv
Raw GPU metrics saved to results_precision_batch/nvidia_train_resnet50_fp32_bs8_e1_r1_raw_metrics.csv
