Running on device: NVIDIA L40S
--- Training PyTorch Model: bert-large | Precision: fp16 | Batch: 16 ---
Epoch 1/1
Epoch 1 time: 10.250s | Last loss: 0.6817

--- Benchmark Complete ---
timestamp: 2025-10-18T08:58:35.357975
gpu_vendor: nvidia
gpu_name: NVIDIA L40S
model: bert-large
precision: fp16
batch_size: 16
epochs: 1
total_time_sec: 10.2512
avg_throughput_samples_per_sec: 156.0798
final_loss: 0.6817
nan_inf_count: 0
skipped_steps: 0
peak_memory_mb: 7843.7500
avg_utilization_percent: 49.0625
avg_power_watts: 183.0276
Results saved to results_precision_batch/nvidia_train_bert-large_fp16_bs16_e1_r1.csv
Raw GPU metrics saved to results_precision_batch/nvidia_train_bert-large_fp16_bs16_e1_r1_raw_metrics.csv
