Running on device: NVIDIA L40S
--- Training PyTorch Model: resnet50 | Precision: fp16 | Batch: 16 ---
Epoch 1/1
Epoch 1 time: 3.777s | Last loss: 2.3118

--- Benchmark Complete ---
timestamp: 2025-10-18T08:37:08.342081
gpu_vendor: nvidia
gpu_name: NVIDIA L40S
model: resnet50
precision: fp16
batch_size: 16
epochs: 1
total_time_sec: 3.7779
avg_throughput_samples_per_sec: 423.5111
final_loss: 2.3118
nan_inf_count: 0
skipped_steps: 0
peak_memory_mb: 2157.7500
avg_utilization_percent: 23
avg_power_watts: 141.5086
Results saved to results_precision_batch/nvidia_train_resnet50_fp16_bs16_e1_r1.csv
Raw GPU metrics saved to results_precision_batch/nvidia_train_resnet50_fp16_bs16_e1_r1_raw_metrics.csv
