Running on device: NVIDIA L40S
--- Training PyTorch Model: bert-large | Precision: fp16 | Batch: 256 ---
Epoch 1/1
Epoch 1 time: 71.277s | Last loss: 0.7098

--- Benchmark Complete ---
timestamp: 2025-10-18T08:54:26.137200
gpu_vendor: nvidia
gpu_name: NVIDIA L40S
model: bert-large
precision: fp16
batch_size: 256
epochs: 1
total_time_sec: 71.2784
avg_throughput_samples_per_sec: 359.1549
final_loss: 0.7098
nan_inf_count: 0
skipped_steps: 0
peak_memory_mb: 38837.7500
avg_utilization_percent: 91.7105
avg_power_watts: 296.0553
Results saved to results_precision_batch/nvidia_train_bert-large_fp16_bs256_e1_r1.csv
Raw GPU metrics saved to results_precision_batch/nvidia_train_bert-large_fp16_bs256_e1_r1_raw_metrics.csv
