Running on device: NVIDIA L40S
--- Training PyTorch Model: bert-large | Precision: fp32 | Batch: 192 ---
Epoch 1/1
Epoch 1 time: 80.948s | Last loss: 0.7025

--- Benchmark Complete ---
timestamp: 2025-10-18T08:47:12.954214
gpu_vendor: nvidia
gpu_name: NVIDIA L40S
model: bert-large
precision: fp32
batch_size: 192
epochs: 1
total_time_sec: 80.9496
avg_throughput_samples_per_sec: 237.1847
final_loss: 0.7025
nan_inf_count: 0
skipped_steps: 0
peak_memory_mb: 43817.7500
avg_utilization_percent: 92.8837
avg_power_watts: 315.3146
Results saved to results_precision_batch/nvidia_train_bert-large_fp32_bs192_e1_r1.csv
Raw GPU metrics saved to results_precision_batch/nvidia_train_bert-large_fp32_bs192_e1_r1_raw_metrics.csv
