Running on device: NVIDIA L40S
--- Training PyTorch Model: bert-large | Precision: fp16 | Batch: 12 ---
Epoch 1/1
Epoch 1 time: 10.107s | Last loss: 0.8751

--- Benchmark Complete ---
timestamp: 2025-10-18T08:58:53.425206
gpu_vendor: nvidia
gpu_name: NVIDIA L40S
model: bert-large
precision: fp16
batch_size: 12
epochs: 1
total_time_sec: 10.1084
avg_throughput_samples_per_sec: 118.7132
final_loss: 0.8751
nan_inf_count: 0
skipped_steps: 0
peak_memory_mb: 7831.7500
avg_utilization_percent: 45.4000
avg_power_watts: 175.4813
Results saved to results_precision_batch/nvidia_train_bert-large_fp16_bs12_e1_r1.csv
Raw GPU metrics saved to results_precision_batch/nvidia_train_bert-large_fp16_bs12_e1_r1_raw_metrics.csv
