/scratch/hutzig/tcc_mixed_precision/envs/ai_nvidia/lib/python3.11/site-packages/torch/cuda/__init__.py:61: FutureWarning: The pynvml package is deprecated. Please install nvidia-ml-py instead. If you did not install pynvml directly, please report this to the maintainers of the package that installed pynvml for you.
  import pynvml  # type: ignore[import]
/scratch/hutzig/tcc_mixed_precision/src/train_pytorch.py:89: FutureWarning: `torch.cuda.amp.GradScaler(args...)` is deprecated. Please use `torch.amp.GradScaler('cuda', args...)` instead.
  scaler = torch.cuda.amp.GradScaler(enabled=scaler_enabled)
`loss_type=None` was set in the config but it is unrecognized. Using the default loss: `ForCausalLMLoss`.
Traceback (most recent call last):
  File "/scratch/hutzig/tcc_mixed_precision/src/main.py", line 83, in <module>
    main(args)
  File "/scratch/hutzig/tcc_mixed_precision/src/main.py", line 26, in main
    training_results = train_pytorch.train_model(
                       ^^^^^^^^^^^^^^^^^^^^^^^^^^
  File "/scratch/hutzig/tcc_mixed_precision/src/train_pytorch.py", line 120, in train_model
    scaler.scale(loss).backward()
  File "/scratch/hutzig/tcc_mixed_precision/envs/ai_nvidia/lib/python3.11/site-packages/torch/_tensor.py", line 581, in backward
    torch.autograd.backward(
  File "/scratch/hutzig/tcc_mixed_precision/envs/ai_nvidia/lib/python3.11/site-packages/torch/autograd/__init__.py", line 347, in backward
    _engine_run_backward(
  File "/scratch/hutzig/tcc_mixed_precision/envs/ai_nvidia/lib/python3.11/site-packages/torch/autograd/graph.py", line 825, in _engine_run_backward
    return Variable._execution_engine.run_backward(  # Calls into the C++ engine to run the backward pass
           ^^^^^^^^^^^^^^^^^^^^^^^^^^^^^^^^^^^^^^^^^^^^^^^^^^^^^^^^^^^^^^^^^^^^^^^^^^^^^^^^^^^^^^^^^^^^^^
torch.OutOfMemoryError: CUDA out of memory. Tried to allocate 6.14 GiB. GPU 0 has a total capacity of 44.52 GiB of which 2.19 GiB is free. Including non-PyTorch memory, this process has 42.32 GiB memory in use. Of the allocated memory 41.57 GiB is allocated by PyTorch, and 263.91 MiB is reserved by PyTorch but unallocated. If reserved but unallocated memory is large try setting PYTORCH_CUDA_ALLOC_CONF=expandable_segments:True to avoid fragmentation.  See documentation for Memory Management  (https://pytorch.org/docs/stable/notes/cuda.html#environment-variables)
