Running on device: NVIDIA GeForce RTX 4090
--- Training PyTorch Model: bert-large | Precision: fp16 | Batch: 64 ---
Epoch 1/1
Epoch 1 time: 18.500s | Last loss: 0.6887

--- Benchmark Complete ---
timestamp: 2025-10-18T11:10:10.567667
gpu_vendor: nvidia
gpu_name: NVIDIA GeForce RTX 4090
model: bert-large
precision: fp16
batch_size: 64
epochs: 1
total_time_sec: 18.5012
avg_throughput_samples_per_sec: 345.9243
final_loss: 0.6887
nan_inf_count: 0
skipped_steps: 0
peak_memory_mb: 13895.1875
avg_utilization_percent: 63.5714
avg_power_watts: 242.2484
Results saved to results_precision_batch/nvidia_train_bert-large_fp16_bs64_e1_r1.csv
Raw GPU metrics saved to results_precision_batch/nvidia_train_bert-large_fp16_bs64_e1_r1_raw_metrics.csv
