Running on device: NVIDIA GeForce RTX 4090
--- Training PyTorch Model: resnet50 | Precision: bf16 | Batch: 2 ---
Epoch 1/1
Epoch 1 time: 3.728s | Last loss: 2.0547

--- Benchmark Complete ---
timestamp: 2025-10-18T08:52:32.071985
gpu_vendor: nvidia
gpu_name: NVIDIA GeForce RTX 4090
model: resnet50
precision: bf16
batch_size: 2
epochs: 1
total_time_sec: 3.7290
avg_throughput_samples_per_sec: 53.6331
final_loss: 2.0547
nan_inf_count: 0
skipped_steps: 0
peak_memory_mb: 1573.1875
avg_utilization_percent: 13.2000
avg_power_watts: 60.9492
Results saved to results_precision_batch/nvidia_train_resnet50_bf16_bs2_e1_r1.csv
Raw GPU metrics saved to results_precision_batch/nvidia_train_resnet50_bf16_bs2_e1_r1_raw_metrics.csv
