Running on device: NVIDIA GeForce RTX 4090
--- Training PyTorch Model: resnet50 | Precision: fp16 | Batch: 64 ---
Epoch 1/1
Epoch 1 time: 5.372s | Last loss: 2.2903

--- Benchmark Complete ---
timestamp: 2025-10-18T08:46:18.711491
gpu_vendor: nvidia
gpu_name: NVIDIA GeForce RTX 4090
model: resnet50
precision: fp16
batch_size: 64
epochs: 1
total_time_sec: 5.3730
avg_throughput_samples_per_sec: 1191.1341
final_loss: 2.2903
nan_inf_count: 0
skipped_steps: 0
peak_memory_mb: 4291.1875
avg_utilization_percent: 67.2857
avg_power_watts: 223.7207
Results saved to results_precision_batch/nvidia_train_resnet50_fp16_bs64_e1_r1.csv
Raw GPU metrics saved to results_precision_batch/nvidia_train_resnet50_fp16_bs64_e1_r1_raw_metrics.csv
