Running on device: NVIDIA GeForce RTX 4090
--- Training PyTorch Model: gpt2 | Precision: fp16 | Batch: 16 ---
Epoch 1/1
Epoch 1 time: 5.880s | Last loss: 10.9265

--- Benchmark Complete ---
timestamp: 2025-10-18T10:52:47.382146
gpu_vendor: nvidia
gpu_name: NVIDIA GeForce RTX 4090
model: gpt2
precision: fp16
batch_size: 16
epochs: 1
total_time_sec: 5.8805
avg_throughput_samples_per_sec: 272.0859
final_loss: 10.9265
nan_inf_count: 0
skipped_steps: 0
peak_memory_mb: 6035.1875
avg_utilization_percent: 46.1000
avg_power_watts: 150.5681
Results saved to results_precision_batch/nvidia_train_gpt2_fp16_bs16_e1_r1.csv
Raw GPU metrics saved to results_precision_batch/nvidia_train_gpt2_fp16_bs16_e1_r1_raw_metrics.csv
