Running on device: NVIDIA GeForce RTX 4090
--- Training PyTorch Model: gpt2 | Precision: fp16 | Batch: 2 ---
Epoch 1/1
Epoch 1 time: 5.441s | Last loss: 10.9609

--- Benchmark Complete ---
timestamp: 2025-10-18T10:53:47.838591
gpu_vendor: nvidia
gpu_name: NVIDIA GeForce RTX 4090
model: gpt2
precision: fp16
batch_size: 2
epochs: 1
total_time_sec: 5.4417
avg_throughput_samples_per_sec: 36.7529
final_loss: 10.9609
nan_inf_count: 0
skipped_steps: 0
peak_memory_mb: 3589.1875
avg_utilization_percent: 22.3000
avg_power_watts: 79.3577
Results saved to results_precision_batch/nvidia_train_gpt2_fp16_bs2_e1_r1.csv
Raw GPU metrics saved to results_precision_batch/nvidia_train_gpt2_fp16_bs2_e1_r1_raw_metrics.csv
