Running on device: NVIDIA GeForce RTX 4090
--- Training PyTorch Model: resnet50 | Precision: fp16 | Batch: 32 ---
Epoch 1/1
Epoch 1 time: 4.217s | Last loss: 2.2682

--- Benchmark Complete ---
timestamp: 2025-10-18T08:46:41.156618
gpu_vendor: nvidia
gpu_name: NVIDIA GeForce RTX 4090
model: resnet50
precision: fp16
batch_size: 32
epochs: 1
total_time_sec: 4.2183
avg_throughput_samples_per_sec: 758.6067
final_loss: 2.2682
nan_inf_count: 0
skipped_steps: 0
peak_memory_mb: 2771.1875
avg_utilization_percent: 38.4000
avg_power_watts: 141.9024
Results saved to results_precision_batch/nvidia_train_resnet50_fp16_bs32_e1_r1.csv
Raw GPU metrics saved to results_precision_batch/nvidia_train_resnet50_fp16_bs32_e1_r1_raw_metrics.csv
