Running on device: NVIDIA GeForce RTX 4090
--- Training PyTorch Model: gpt2 | Precision: fp32 | Batch: 64 ---
Epoch 1/1
Epoch 1 time: 19.442s | Last loss: 10.8943

--- Benchmark Complete ---
timestamp: 2025-10-18T10:45:22.955214
gpu_vendor: nvidia
gpu_name: NVIDIA GeForce RTX 4090
model: gpt2
precision: fp32
batch_size: 64
epochs: 1
total_time_sec: 19.4430
avg_throughput_samples_per_sec: 329.1679
final_loss: 10.8943
nan_inf_count: 0
skipped_steps: 0
peak_memory_mb: 19703.1875
avg_utilization_percent: 80.4783
avg_power_watts: 280.3833
Results saved to results_precision_batch/nvidia_train_gpt2_fp32_bs64_e1_r1.csv
Raw GPU metrics saved to results_precision_batch/nvidia_train_gpt2_fp32_bs64_e1_r1_raw_metrics.csv
