Running on device: NVIDIA GeForce RTX 4090
--- Training PyTorch Model: resnet50 | Precision: bf16 | Batch: 256 ---
Epoch 1/1
Epoch 1 time: 21.049s | Last loss: 2.3025

--- Benchmark Complete ---
timestamp: 2025-10-18T08:50:01.044860
gpu_vendor: nvidia
gpu_name: NVIDIA GeForce RTX 4090
model: resnet50
precision: bf16
batch_size: 256
epochs: 1
total_time_sec: 21.0494
avg_throughput_samples_per_sec: 1216.1892
final_loss: 2.3025
nan_inf_count: 0
skipped_steps: 0
peak_memory_mb: 13509.1875
avg_utilization_percent: 90.9091
avg_power_watts: 307.5818
Results saved to results_precision_batch/nvidia_train_resnet50_bf16_bs256_e1_r1.csv
Raw GPU metrics saved to results_precision_batch/nvidia_train_resnet50_bf16_bs256_e1_r1_raw_metrics.csv
