Running on device: NVIDIA GeForce RTX 4090
--- Training PyTorch Model: resnet50 | Precision: fp16 | Batch: 128 ---
Epoch 1/1
Epoch 1 time: 10.170s | Last loss: 2.3152

--- Benchmark Complete ---
timestamp: 2025-10-18T08:45:52.434978
gpu_vendor: nvidia
gpu_name: NVIDIA GeForce RTX 4090
model: resnet50
precision: fp16
batch_size: 128
epochs: 1
total_time_sec: 10.1712
avg_throughput_samples_per_sec: 1258.4610
final_loss: 2.3152
nan_inf_count: 0
skipped_steps: 0
peak_memory_mb: 7561.1875
avg_utilization_percent: 81.2727
avg_power_watts: 267.9295
Results saved to results_precision_batch/nvidia_train_resnet50_fp16_bs128_e1_r1.csv
Raw GPU metrics saved to results_precision_batch/nvidia_train_resnet50_fp16_bs128_e1_r1_raw_metrics.csv
