Running on device: NVIDIA GeForce RTX 4090
--- Training PyTorch Model: gpt2 | Precision: bf16 | Batch: 12 ---
Epoch 1/1
Epoch 1 time: 5.593s | Last loss: 10.9086

--- Benchmark Complete ---
timestamp: 2025-10-18T10:57:28.674377
gpu_vendor: nvidia
gpu_name: NVIDIA GeForce RTX 4090
model: gpt2
precision: bf16
batch_size: 12
epochs: 1
total_time_sec: 5.5939
avg_throughput_samples_per_sec: 214.5204
final_loss: 10.9086
nan_inf_count: 0
skipped_steps: 0
peak_memory_mb: 5393.1875
avg_utilization_percent: 37.2222
avg_power_watts: 118.6434
Results saved to results_precision_batch/nvidia_train_gpt2_bf16_bs12_e1_r1.csv
Raw GPU metrics saved to results_precision_batch/nvidia_train_gpt2_bf16_bs12_e1_r1_raw_metrics.csv
