Running on device: NVIDIA GeForce RTX 4090
--- Training PyTorch Model: bert-large | Precision: fp32 | Batch: 16 ---
Epoch 1/1
Epoch 1 time: 9.876s | Last loss: 0.6460

--- Benchmark Complete ---
timestamp: 2025-10-18T11:04:37.776597
gpu_vendor: nvidia
gpu_name: NVIDIA GeForce RTX 4090
model: bert-large
precision: fp32
batch_size: 16
epochs: 1
total_time_sec: 9.8777
avg_throughput_samples_per_sec: 161.9816
final_loss: 0.6460
nan_inf_count: 0
skipped_steps: 0
peak_memory_mb: 8565.1875
avg_utilization_percent: 46.0526
avg_power_watts: 182.7880
Results saved to results_precision_batch/nvidia_train_bert-large_fp32_bs16_e1_r1.csv
Raw GPU metrics saved to results_precision_batch/nvidia_train_bert-large_fp32_bs16_e1_r1_raw_metrics.csv
