Running on device: NVIDIA GeForce RTX 4090
--- Training PyTorch Model: resnet50 | Precision: fp32 | Batch: 256 ---
Epoch 1/1
Epoch 1 time: 36.929s | Last loss: 2.3029

--- Benchmark Complete ---
timestamp: 2025-10-18T08:39:59.472401
gpu_vendor: nvidia
gpu_name: NVIDIA GeForce RTX 4090
model: resnet50
precision: fp32
batch_size: 256
epochs: 1
total_time_sec: 36.9300
avg_throughput_samples_per_sec: 693.2037
final_loss: 2.3029
nan_inf_count: 0
skipped_steps: 0
peak_memory_mb: 23873.1875
avg_utilization_percent: 94.9474
avg_power_watts: 309.7164
Results saved to results_precision_batch/nvidia_train_resnet50_fp32_bs256_e1_r1.csv
Raw GPU metrics saved to results_precision_batch/nvidia_train_resnet50_fp32_bs256_e1_r1_raw_metrics.csv
