Running on device: NVIDIA GeForce RTX 4090
--- Training PyTorch Model: bert-large | Precision: fp16 | Batch: 48 ---
Epoch 1/1
Epoch 1 time: 14.668s | Last loss: 0.7175

--- Benchmark Complete ---
timestamp: 2025-10-18T11:10:40.820216
gpu_vendor: nvidia
gpu_name: NVIDIA GeForce RTX 4090
model: bert-large
precision: fp16
batch_size: 48
epochs: 1
total_time_sec: 14.6696
avg_throughput_samples_per_sec: 327.2066
final_loss: 0.7175
nan_inf_count: 0
skipped_steps: 0
peak_memory_mb: 11675.1875
avg_utilization_percent: 57.2083
avg_power_watts: 224.1163
Results saved to results_precision_batch/nvidia_train_bert-large_fp16_bs48_e1_r1.csv
Raw GPU metrics saved to results_precision_batch/nvidia_train_bert-large_fp16_bs48_e1_r1_raw_metrics.csv
