Running on device: NVIDIA GeForce RTX 4090
--- Training PyTorch Model: gpt2 | Precision: bf16 | Batch: 8 ---
Epoch 1/1
Epoch 1 time: 5.375s | Last loss: 10.9624

--- Benchmark Complete ---
timestamp: 2025-10-18T10:57:42.746733
gpu_vendor: nvidia
gpu_name: NVIDIA GeForce RTX 4090
model: gpt2
precision: bf16
batch_size: 8
epochs: 1
total_time_sec: 5.3757
avg_throughput_samples_per_sec: 148.8186
final_loss: 10.9624
nan_inf_count: 0
skipped_steps: 0
peak_memory_mb: 4323.1875
avg_utilization_percent: 31.2222
avg_power_watts: 107.8294
Results saved to results_precision_batch/nvidia_train_gpt2_bf16_bs8_e1_r1.csv
Raw GPU metrics saved to results_precision_batch/nvidia_train_gpt2_bf16_bs8_e1_r1_raw_metrics.csv
