Running on device: NVIDIA GeForce RTX 4090
--- Training PyTorch Model: bert-large | Precision: fp16 | Batch: 2 ---
Epoch 1/1
Epoch 1 time: 11.039s | Last loss: 0.6792

--- Benchmark Complete ---
timestamp: 2025-10-18T11:13:40.911399
gpu_vendor: nvidia
gpu_name: NVIDIA GeForce RTX 4090
model: bert-large
precision: fp16
batch_size: 2
epochs: 1
total_time_sec: 11.0403
avg_throughput_samples_per_sec: 18.1154
final_loss: 0.6792
nan_inf_count: 0
skipped_steps: 0
peak_memory_mb: 7477.1875
avg_utilization_percent: 20.5714
avg_power_watts: 90.1190
Results saved to results_precision_batch/nvidia_train_bert-large_fp16_bs2_e1_r1.csv
Raw GPU metrics saved to results_precision_batch/nvidia_train_bert-large_fp16_bs2_e1_r1_raw_metrics.csv
