Running on device: NVIDIA GeForce RTX 4090
--- Training PyTorch Model: resnet50 | Precision: fp16 | Batch: 96 ---
Epoch 1/1
Epoch 1 time: 7.744s | Last loss: 2.3346

--- Benchmark Complete ---
timestamp: 2025-10-18T08:46:06.609344
gpu_vendor: nvidia
gpu_name: NVIDIA GeForce RTX 4090
model: resnet50
precision: fp16
batch_size: 96
epochs: 1
total_time_sec: 7.7446
avg_throughput_samples_per_sec: 1239.5693
final_loss: 2.3346
nan_inf_count: 0
skipped_steps: 0
peak_memory_mb: 6059.1875
avg_utilization_percent: 76.2222
avg_power_watts: 251.0063
Results saved to results_precision_batch/nvidia_train_resnet50_fp16_bs96_e1_r1.csv
Raw GPU metrics saved to results_precision_batch/nvidia_train_resnet50_fp16_bs96_e1_r1_raw_metrics.csv
