Running on device: NVIDIA GeForce RTX 4090
--- Training PyTorch Model: resnet50 | Precision: bf16 | Batch: 512 ---
Epoch 1/1
Epoch 1 time: 42.107s | Last loss: 2.3028

--- Benchmark Complete ---
timestamp: 2025-10-18T08:48:54.437504
gpu_vendor: nvidia
gpu_name: NVIDIA GeForce RTX 4090
model: resnet50
precision: bf16
batch_size: 512
epochs: 1
total_time_sec: 42.1082
avg_throughput_samples_per_sec: 1215.9156
final_loss: 2.3028
nan_inf_count: 0
skipped_steps: 0
peak_memory_mb: 24549.1875
avg_utilization_percent: 95.3721
avg_power_watts: 316.8324
Results saved to results_precision_batch/nvidia_train_resnet50_bf16_bs512_e1_r1.csv
Raw GPU metrics saved to results_precision_batch/nvidia_train_resnet50_bf16_bs512_e1_r1_raw_metrics.csv
