Running on device: NVIDIA GeForce RTX 4090
--- Training PyTorch Model: bert-large | Precision: fp16 | Batch: 16 ---
Epoch 1/1
Epoch 1 time: 10.988s | Last loss: 0.7149

--- Benchmark Complete ---
timestamp: 2025-10-18T11:11:58.126503
gpu_vendor: nvidia
gpu_name: NVIDIA GeForce RTX 4090
model: bert-large
precision: fp16
batch_size: 16
epochs: 1
total_time_sec: 10.9896
avg_throughput_samples_per_sec: 145.5922
final_loss: 0.7149
nan_inf_count: 0
skipped_steps: 0
peak_memory_mb: 7659.1875
avg_utilization_percent: 33.3500
avg_power_watts: 136.2003
Results saved to results_precision_batch/nvidia_train_bert-large_fp16_bs16_e1_r1.csv
Raw GPU metrics saved to results_precision_batch/nvidia_train_bert-large_fp16_bs16_e1_r1_raw_metrics.csv
