Running on device: NVIDIA GeForce RTX 4090
--- Training PyTorch Model: gpt2 | Precision: fp32 | Batch: 1 ---
Epoch 1/1
Epoch 1 time: 4.371s | Last loss: 10.9815

--- Benchmark Complete ---
timestamp: 2025-10-18T10:49:35.140567
gpu_vendor: nvidia
gpu_name: NVIDIA GeForce RTX 4090
model: gpt2
precision: fp32
batch_size: 1
epochs: 1
total_time_sec: 4.3721
avg_throughput_samples_per_sec: 22.8723
final_loss: 10.9815
nan_inf_count: 0
skipped_steps: 0
peak_memory_mb: 3635.1875
avg_utilization_percent: 20.1250
avg_power_watts: 74.3226
Results saved to results_precision_batch/nvidia_train_gpt2_fp32_bs1_e1_r1.csv
Raw GPU metrics saved to results_precision_batch/nvidia_train_gpt2_fp32_bs1_e1_r1_raw_metrics.csv
