Running on device: NVIDIA GeForce RTX 4090
--- Training PyTorch Model: bert-large | Precision: bf16 | Batch: 8 ---
Epoch 1/1
Epoch 1 time: 10.647s | Last loss: 1.2406

--- Benchmark Complete ---
timestamp: 2025-10-18T11:20:17.749834
gpu_vendor: nvidia
gpu_name: NVIDIA GeForce RTX 4090
model: bert-large
precision: bf16
batch_size: 8
epochs: 1
total_time_sec: 10.6480
avg_throughput_samples_per_sec: 75.1312
final_loss: 1.2406
nan_inf_count: 0
skipped_steps: 0
peak_memory_mb: 7555.1875
avg_utilization_percent: 27.1000
avg_power_watts: 105.2394
Results saved to results_precision_batch/nvidia_train_bert-large_bf16_bs8_e1_r1.csv
Raw GPU metrics saved to results_precision_batch/nvidia_train_bert-large_bf16_bs8_e1_r1_raw_metrics.csv
