Running on device: NVIDIA GeForce RTX 4090
--- Training PyTorch Model: resnet50 | Precision: bf16 | Batch: 48 ---
Epoch 1/1
Epoch 1 time: 4.602s | Last loss: 2.2676

--- Benchmark Complete ---
timestamp: 2025-10-18T08:51:20.208326
gpu_vendor: nvidia
gpu_name: NVIDIA GeForce RTX 4090
model: resnet50
precision: bf16
batch_size: 48
epochs: 1
total_time_sec: 4.6027
avg_throughput_samples_per_sec: 1042.8652
final_loss: 2.2676
nan_inf_count: 0
skipped_steps: 0
peak_memory_mb: 3505.1875
avg_utilization_percent: 60.3333
avg_power_watts: 199.4420
Results saved to results_precision_batch/nvidia_train_resnet50_bf16_bs48_e1_r1.csv
Raw GPU metrics saved to results_precision_batch/nvidia_train_resnet50_bf16_bs48_e1_r1_raw_metrics.csv
