Running on device: NVIDIA GeForce RTX 4090
--- Training PyTorch Model: resnet50 | Precision: bf16 | Batch: 32 ---
Epoch 1/1
Epoch 1 time: 3.994s | Last loss: 2.2690

--- Benchmark Complete ---
timestamp: 2025-10-18T08:51:30.269593
gpu_vendor: nvidia
gpu_name: NVIDIA GeForce RTX 4090
model: resnet50
precision: bf16
batch_size: 32
epochs: 1
total_time_sec: 3.9950
avg_throughput_samples_per_sec: 800.9927
final_loss: 2.2690
nan_inf_count: 0
skipped_steps: 0
peak_memory_mb: 2773.1875
avg_utilization_percent: 42.8000
avg_power_watts: 158.1466
Results saved to results_precision_batch/nvidia_train_resnet50_bf16_bs32_e1_r1.csv
Raw GPU metrics saved to results_precision_batch/nvidia_train_resnet50_bf16_bs32_e1_r1_raw_metrics.csv
