Running on device: NVIDIA GeForce RTX 4090
--- Training PyTorch Model: gpt2 | Precision: fp32 | Batch: 12 ---
Epoch 1/1
Epoch 1 time: 5.315s | Last loss: 10.9350

--- Benchmark Complete ---
timestamp: 2025-10-18T10:46:55.336149
gpu_vendor: nvidia
gpu_name: NVIDIA GeForce RTX 4090
model: gpt2
precision: fp32
batch_size: 12
epochs: 1
total_time_sec: 5.3154
avg_throughput_samples_per_sec: 225.7600
final_loss: 10.9350
nan_inf_count: 0
skipped_steps: 0
peak_memory_mb: 5317.1875
avg_utilization_percent: 45.8889
avg_power_watts: 148.7157
Results saved to results_precision_batch/nvidia_train_gpt2_fp32_bs12_e1_r1.csv
Raw GPU metrics saved to results_precision_batch/nvidia_train_gpt2_fp32_bs12_e1_r1_raw_metrics.csv
