Running on device: NVIDIA GeForce RTX 4090
--- Training PyTorch Model: resnet50 | Precision: fp32 | Batch: 2 ---
Epoch 1/1
Epoch 1 time: 3.341s | Last loss: 2.0532

--- Benchmark Complete ---
timestamp: 2025-10-18T08:42:59.742608
gpu_vendor: nvidia
gpu_name: NVIDIA GeForce RTX 4090
model: resnet50
precision: fp32
batch_size: 2
epochs: 1
total_time_sec: 3.3417
avg_throughput_samples_per_sec: 59.8500
final_loss: 2.0532
nan_inf_count: 0
skipped_steps: 0
peak_memory_mb: 1545.1875
avg_utilization_percent: 12.7500
avg_power_watts: 58.1227
Results saved to results_precision_batch/nvidia_train_resnet50_fp32_bs2_e1_r1.csv
Raw GPU metrics saved to results_precision_batch/nvidia_train_resnet50_fp32_bs2_e1_r1_raw_metrics.csv
