Running on device: NVIDIA GeForce RTX 4090
--- Training PyTorch Model: resnet50 | Precision: fp32 | Batch: 32 ---
Epoch 1/1
Epoch 1 time: 4.763s | Last loss: 2.2684

--- Benchmark Complete ---
timestamp: 2025-10-18T08:42:00.043921
gpu_vendor: nvidia
gpu_name: NVIDIA GeForce RTX 4090
model: resnet50
precision: fp32
batch_size: 32
epochs: 1
total_time_sec: 4.7635
avg_throughput_samples_per_sec: 671.7799
final_loss: 2.2684
nan_inf_count: 0
skipped_steps: 0
peak_memory_mb: 4049.1875
avg_utilization_percent: 65.6667
avg_power_watts: 216.1618
Results saved to results_precision_batch/nvidia_train_resnet50_fp32_bs32_e1_r1.csv
Raw GPU metrics saved to results_precision_batch/nvidia_train_resnet50_fp32_bs32_e1_r1_raw_metrics.csv
