/home/users/hutzig/tcc_mixed_precision/envs/nvidia/lib/python3.11/site-packages/torch/cuda/__init__.py:54: FutureWarning: The pynvml package is deprecated. Please install nvidia-ml-py instead. If you did not install pynvml directly, please report this to the maintainers of the package that installed pynvml for you.
  import pynvml  # type: ignore[import]
Traceback (most recent call last):
  File "/scratch/hutzig/tcc_mixed_precision/src/main.py", line 82, in <module>
    main(args)
  File "/scratch/hutzig/tcc_mixed_precision/src/main.py", line 25, in main
    training_results = train_pytorch.train_model(
                       ^^^^^^^^^^^^^^^^^^^^^^^^^^
  File "/scratch/hutzig/tcc_mixed_precision/src/train_pytorch.py", line 110, in train_model
    output = model(**batch_inputs, labels=labels)
             ^^^^^^^^^^^^^^^^^^^^^^^^^^^^^^^^^^^^
  File "/home/users/hutzig/tcc_mixed_precision/envs/nvidia/lib/python3.11/site-packages/torch/nn/modules/module.py", line 1511, in _wrapped_call_impl
    return self._call_impl(*args, **kwargs)
           ^^^^^^^^^^^^^^^^^^^^^^^^^^^^^^^^
  File "/home/users/hutzig/tcc_mixed_precision/envs/nvidia/lib/python3.11/site-packages/torch/nn/modules/module.py", line 1520, in _call_impl
    return forward_call(*args, **kwargs)
           ^^^^^^^^^^^^^^^^^^^^^^^^^^^^^
  File "/home/users/hutzig/tcc_mixed_precision/envs/nvidia/lib/python3.11/site-packages/transformers/models/gpt2/modeling_gpt2.py", line 1068, in forward
    transformer_outputs = self.transformer(
                          ^^^^^^^^^^^^^^^^^
  File "/home/users/hutzig/tcc_mixed_precision/envs/nvidia/lib/python3.11/site-packages/torch/nn/modules/module.py", line 1511, in _wrapped_call_impl
    return self._call_impl(*args, **kwargs)
           ^^^^^^^^^^^^^^^^^^^^^^^^^^^^^^^^
  File "/home/users/hutzig/tcc_mixed_precision/envs/nvidia/lib/python3.11/site-packages/torch/nn/modules/module.py", line 1520, in _call_impl
    return forward_call(*args, **kwargs)
           ^^^^^^^^^^^^^^^^^^^^^^^^^^^^^
  File "/home/users/hutzig/tcc_mixed_precision/envs/nvidia/lib/python3.11/site-packages/transformers/models/gpt2/modeling_gpt2.py", line 925, in forward
    outputs = block(
              ^^^^^^
  File "/home/users/hutzig/tcc_mixed_precision/envs/nvidia/lib/python3.11/site-packages/transformers/modeling_layers.py", line 94, in __call__
    return super().__call__(*args, **kwargs)
           ^^^^^^^^^^^^^^^^^^^^^^^^^^^^^^^^^
  File "/home/users/hutzig/tcc_mixed_precision/envs/nvidia/lib/python3.11/site-packages/torch/nn/modules/module.py", line 1511, in _wrapped_call_impl
    return self._call_impl(*args, **kwargs)
           ^^^^^^^^^^^^^^^^^^^^^^^^^^^^^^^^
  File "/home/users/hutzig/tcc_mixed_precision/envs/nvidia/lib/python3.11/site-packages/torch/nn/modules/module.py", line 1520, in _call_impl
    return forward_call(*args, **kwargs)
           ^^^^^^^^^^^^^^^^^^^^^^^^^^^^^
  File "/home/users/hutzig/tcc_mixed_precision/envs/nvidia/lib/python3.11/site-packages/transformers/utils/deprecation.py", line 172, in wrapped_func
    return func(*args, **kwargs)
           ^^^^^^^^^^^^^^^^^^^^^
  File "/home/users/hutzig/tcc_mixed_precision/envs/nvidia/lib/python3.11/site-packages/transformers/models/gpt2/modeling_gpt2.py", line 413, in forward
    attn_output, self_attn_weights = self.attn(
                                     ^^^^^^^^^^
  File "/home/users/hutzig/tcc_mixed_precision/envs/nvidia/lib/python3.11/site-packages/torch/nn/modules/module.py", line 1511, in _wrapped_call_impl
    return self._call_impl(*args, **kwargs)
           ^^^^^^^^^^^^^^^^^^^^^^^^^^^^^^^^
  File "/home/users/hutzig/tcc_mixed_precision/envs/nvidia/lib/python3.11/site-packages/torch/nn/modules/module.py", line 1520, in _call_impl
    return forward_call(*args, **kwargs)
           ^^^^^^^^^^^^^^^^^^^^^^^^^^^^^
  File "/home/users/hutzig/tcc_mixed_precision/envs/nvidia/lib/python3.11/site-packages/transformers/utils/deprecation.py", line 172, in wrapped_func
    return func(*args, **kwargs)
           ^^^^^^^^^^^^^^^^^^^^^
  File "/home/users/hutzig/tcc_mixed_precision/envs/nvidia/lib/python3.11/site-packages/transformers/models/gpt2/modeling_gpt2.py", line 345, in forward
    attn_output, attn_weights = attention_interface(
                                ^^^^^^^^^^^^^^^^^^^^
  File "/home/users/hutzig/tcc_mixed_precision/envs/nvidia/lib/python3.11/site-packages/transformers/integrations/sdpa_attention.py", line 96, in sdpa_attention_forward
    attn_output = torch.nn.functional.scaled_dot_product_attention(
                  ^^^^^^^^^^^^^^^^^^^^^^^^^^^^^^^^^^^^^^^^^^^^^^^^^
torch.cuda.OutOfMemoryError: CUDA out of memory. Tried to allocate 144.00 MiB. GPU 0 has a total capacity of 23.65 GiB of which 32.81 MiB is free. Including non-PyTorch memory, this process has 23.61 GiB memory in use. Of the allocated memory 23.11 GiB is allocated by PyTorch, and 54.91 MiB is reserved by PyTorch but unallocated. If reserved but unallocated memory is large try setting PYTORCH_CUDA_ALLOC_CONF=expandable_segments:True to avoid fragmentation.  See documentation for Memory Management  (https://pytorch.org/docs/stable/notes/cuda.html#environment-variables)
