Running on device: NVIDIA GeForce RTX 4090
--- Training PyTorch Model: bert-large | Precision: fp32 | Batch: 12 ---
Epoch 1/1
Epoch 1 time: 9.158s | Last loss: 0.7289

--- Benchmark Complete ---
timestamp: 2025-10-18T11:05:01.879407
gpu_vendor: nvidia
gpu_name: NVIDIA GeForce RTX 4090
model: bert-large
precision: fp32
batch_size: 12
epochs: 1
total_time_sec: 9.1598
avg_throughput_samples_per_sec: 131.0076
final_loss: 0.7289
nan_inf_count: 0
skipped_steps: 0
peak_memory_mb: 8239.1875
avg_utilization_percent: 44.2632
avg_power_watts: 165.1935
Results saved to results_precision_batch/nvidia_train_bert-large_fp32_bs12_e1_r1.csv
Raw GPU metrics saved to results_precision_batch/nvidia_train_bert-large_fp32_bs12_e1_r1_raw_metrics.csv
