Running on device: NVIDIA GeForce RTX 4090
--- Training PyTorch Model: gpt2 | Precision: bf16 | Batch: 2 ---
Epoch 1/1
Epoch 1 time: 5.273s | Last loss: 10.9675

--- Benchmark Complete ---
timestamp: 2025-10-18T10:58:11.845222
gpu_vendor: nvidia
gpu_name: NVIDIA GeForce RTX 4090
model: gpt2
precision: bf16
batch_size: 2
epochs: 1
total_time_sec: 5.2733
avg_throughput_samples_per_sec: 37.9266
final_loss: 10.9675
nan_inf_count: 0
skipped_steps: 0
peak_memory_mb: 3589.1875
avg_utilization_percent: 20.8889
avg_power_watts: 69.7214
Results saved to results_precision_batch/nvidia_train_gpt2_bf16_bs2_e1_r1.csv
Raw GPU metrics saved to results_precision_batch/nvidia_train_gpt2_bf16_bs2_e1_r1_raw_metrics.csv
