Running on device: NVIDIA GeForce RTX 4090
--- Training PyTorch Model: resnet50 | Precision: fp16 | Batch: 384 ---
Epoch 1/1
Epoch 1 time: 30.558s | Last loss: 2.3085

--- Benchmark Complete ---
timestamp: 2025-10-18T08:44:47.750362
gpu_vendor: nvidia
gpu_name: NVIDIA GeForce RTX 4090
model: resnet50
precision: fp16
batch_size: 384
epochs: 1
total_time_sec: 30.5584
avg_throughput_samples_per_sec: 1256.6109
final_loss: 2.3085
nan_inf_count: 0
skipped_steps: 0
peak_memory_mb: 19505.1875
avg_utilization_percent: 93.3125
avg_power_watts: 313.3453
Results saved to results_precision_batch/nvidia_train_resnet50_fp16_bs384_e1_r1.csv
Raw GPU metrics saved to results_precision_batch/nvidia_train_resnet50_fp16_bs384_e1_r1_raw_metrics.csv
