Running on device: NVIDIA GeForce RTX 4090
--- Training PyTorch Model: gpt2 | Precision: bf16 | Batch: 96 ---
Epoch 1/1
Epoch 1 time: 23.208s | Last loss: 10.8962

--- Benchmark Complete ---
timestamp: 2025-10-18T10:55:36.817946
gpu_vendor: nvidia
gpu_name: NVIDIA GeForce RTX 4090
model: gpt2
precision: bf16
batch_size: 96
epochs: 1
total_time_sec: 23.2085
avg_throughput_samples_per_sec: 413.6414
final_loss: 10.8962
nan_inf_count: 0
skipped_steps: 0
peak_memory_mb: 24477.1875
avg_utilization_percent: 83.6667
avg_power_watts: 271.3837
Results saved to results_precision_batch/nvidia_train_gpt2_bf16_bs96_e1_r1.csv
Raw GPU metrics saved to results_precision_batch/nvidia_train_gpt2_bf16_bs96_e1_r1_raw_metrics.csv
