Running on device: NVIDIA GeForce RTX 4090
--- Training PyTorch Model: bert-large | Precision: fp16 | Batch: 1 ---
Epoch 1/1
Epoch 1 time: 11.171s | Last loss: 0.7632

--- Benchmark Complete ---
timestamp: 2025-10-18T11:14:06.123587
gpu_vendor: nvidia
gpu_name: NVIDIA GeForce RTX 4090
model: bert-large
precision: fp16
batch_size: 1
epochs: 1
total_time_sec: 11.1724
avg_throughput_samples_per_sec: 8.9506
final_loss: 0.7632
nan_inf_count: 0
skipped_steps: 0
peak_memory_mb: 7437.1875
avg_utilization_percent: 19.2500
avg_power_watts: 84.0481
Results saved to results_precision_batch/nvidia_train_bert-large_fp16_bs1_e1_r1.csv
Raw GPU metrics saved to results_precision_batch/nvidia_train_bert-large_fp16_bs1_e1_r1_raw_metrics.csv
