Running on device: NVIDIA GeForce RTX 4090
--- Training PyTorch Model: resnet50 | Precision: fp32 | Batch: 48 ---
Epoch 1/1
Epoch 1 time: 7.002s | Last loss: 2.2674

--- Benchmark Complete ---
timestamp: 2025-10-18T08:41:48.906795
gpu_vendor: nvidia
gpu_name: NVIDIA GeForce RTX 4090
model: resnet50
precision: fp32
batch_size: 48
epochs: 1
total_time_sec: 7.0024
avg_throughput_samples_per_sec: 685.4839
final_loss: 2.2674
nan_inf_count: 0
skipped_steps: 0
peak_memory_mb: 5811.1875
avg_utilization_percent: 75.1250
avg_power_watts: 252.3508
Results saved to results_precision_batch/nvidia_train_resnet50_fp32_bs48_e1_r1.csv
Raw GPU metrics saved to results_precision_batch/nvidia_train_resnet50_fp32_bs48_e1_r1_raw_metrics.csv
