Running on device: NVIDIA GeForce RTX 4090
--- Training PyTorch Model: bert-large | Precision: fp32 | Batch: 24 ---
Epoch 1/1
Epoch 1 time: 13.026s | Last loss: 0.7348

--- Benchmark Complete ---
timestamp: 2025-10-18T11:04:13.646020
gpu_vendor: nvidia
gpu_name: NVIDIA GeForce RTX 4090
model: bert-large
precision: fp32
batch_size: 24
epochs: 1
total_time_sec: 13.0273
avg_throughput_samples_per_sec: 184.2286
final_loss: 0.7348
nan_inf_count: 0
skipped_steps: 0
peak_memory_mb: 9963.1875
avg_utilization_percent: 55.4091
avg_power_watts: 217.8551
Results saved to results_precision_batch/nvidia_train_bert-large_fp32_bs24_e1_r1.csv
Raw GPU metrics saved to results_precision_batch/nvidia_train_bert-large_fp32_bs24_e1_r1_raw_metrics.csv
