Running on device: NVIDIA GeForce RTX 4090
--- Training PyTorch Model: bert-large | Precision: fp32 | Batch: 4 ---
Epoch 1/1
Epoch 1 time: 8.691s | Last loss: 1.0786

--- Benchmark Complete ---
timestamp: 2025-10-18T11:05:49.117079
gpu_vendor: nvidia
gpu_name: NVIDIA GeForce RTX 4090
model: bert-large
precision: fp32
batch_size: 4
epochs: 1
total_time_sec: 8.6924
avg_throughput_samples_per_sec: 46.0170
final_loss: 1.0786
nan_inf_count: 0
skipped_steps: 0
peak_memory_mb: 7311.1875
avg_utilization_percent: 25
avg_power_watts: 112.3477
Results saved to results_precision_batch/nvidia_train_bert-large_fp32_bs4_e1_r1.csv
Raw GPU metrics saved to results_precision_batch/nvidia_train_bert-large_fp32_bs4_e1_r1_raw_metrics.csv
