Running on device: NVIDIA GeForce RTX 4090
--- Training PyTorch Model: resnet50 | Precision: fp16 | Batch: 24 ---
Epoch 1/1
Epoch 1 time: 4.018s | Last loss: 2.3220

--- Benchmark Complete ---
timestamp: 2025-10-18T08:46:51.233459
gpu_vendor: nvidia
gpu_name: NVIDIA GeForce RTX 4090
model: resnet50
precision: fp16
batch_size: 24
epochs: 1
total_time_sec: 4.0191
avg_throughput_samples_per_sec: 597.1466
final_loss: 2.3220
nan_inf_count: 0
skipped_steps: 0
peak_memory_mb: 2401.1875
avg_utilization_percent: 32.6000
avg_power_watts: 124.4522
Results saved to results_precision_batch/nvidia_train_resnet50_fp16_bs24_e1_r1.csv
Raw GPU metrics saved to results_precision_batch/nvidia_train_resnet50_fp16_bs24_e1_r1_raw_metrics.csv
