Running on device: NVIDIA GeForce RTX 4090
--- Training PyTorch Model: resnet50 | Precision: fp16 | Batch: 48 ---
Epoch 1/1
Epoch 1 time: 4.685s | Last loss: 2.2677

--- Benchmark Complete ---
timestamp: 2025-10-18T08:46:31.083727
gpu_vendor: nvidia
gpu_name: NVIDIA GeForce RTX 4090
model: resnet50
precision: fp16
batch_size: 48
epochs: 1
total_time_sec: 4.6859
avg_throughput_samples_per_sec: 1024.3503
final_loss: 2.2677
nan_inf_count: 0
skipped_steps: 0
peak_memory_mb: 3503.1875
avg_utilization_percent: 55.6667
avg_power_watts: 191.4410
Results saved to results_precision_batch/nvidia_train_resnet50_fp16_bs48_e1_r1.csv
Raw GPU metrics saved to results_precision_batch/nvidia_train_resnet50_fp16_bs48_e1_r1_raw_metrics.csv
