Running on device: NVIDIA GeForce RTX 4090
--- Training PyTorch Model: gpt2 | Precision: fp16 | Batch: 32 ---
Epoch 1/1
Epoch 1 time: 8.396s | Last loss: 10.8996

--- Benchmark Complete ---
timestamp: 2025-10-18T10:52:15.273415
gpu_vendor: nvidia
gpu_name: NVIDIA GeForce RTX 4090
model: gpt2
precision: fp16
batch_size: 32
epochs: 1
total_time_sec: 8.3963
avg_throughput_samples_per_sec: 381.1200
final_loss: 10.8996
nan_inf_count: 0
skipped_steps: 0
peak_memory_mb: 10113.1875
avg_utilization_percent: 61.5833
avg_power_watts: 199.3784
Results saved to results_precision_batch/nvidia_train_gpt2_fp16_bs32_e1_r1.csv
Raw GPU metrics saved to results_precision_batch/nvidia_train_gpt2_fp16_bs32_e1_r1_raw_metrics.csv
