Running on device: NVIDIA GeForce RTX 4090
--- Training PyTorch Model: bert-large | Precision: bf16 | Batch: 128 ---
Epoch 1/1
Epoch 1 time: 35.649s | Last loss: 0.7023

--- Benchmark Complete ---
timestamp: 2025-10-18T11:16:24.878605
gpu_vendor: nvidia
gpu_name: NVIDIA GeForce RTX 4090
model: bert-large
precision: bf16
batch_size: 128
epochs: 1
total_time_sec: 35.6501
avg_throughput_samples_per_sec: 359.0455
final_loss: 0.7023
nan_inf_count: 0
skipped_steps: 0
peak_memory_mb: 22059.1875
avg_utilization_percent: 77.2889
avg_power_watts: 285.5561
Results saved to results_precision_batch/nvidia_train_bert-large_bf16_bs128_e1_r1.csv
Raw GPU metrics saved to results_precision_batch/nvidia_train_bert-large_bf16_bs128_e1_r1_raw_metrics.csv
