Running on device: NVIDIA GeForce RTX 4090
--- Training PyTorch Model: gpt2 | Precision: fp32 | Batch: 8 ---
Epoch 1/1
Epoch 1 time: 4.551s | Last loss: 10.9362

--- Benchmark Complete ---
timestamp: 2025-10-18T10:48:52.573262
gpu_vendor: nvidia
gpu_name: NVIDIA GeForce RTX 4090
model: gpt2
precision: fp32
batch_size: 8
epochs: 1
total_time_sec: 4.5513
avg_throughput_samples_per_sec: 175.7725
final_loss: 10.9362
nan_inf_count: 0
skipped_steps: 0
peak_memory_mb: 4469.1875
avg_utilization_percent: 36.2500
avg_power_watts: 118.6079
Results saved to results_precision_batch/nvidia_train_gpt2_fp32_bs8_e1_r1.csv
Raw GPU metrics saved to results_precision_batch/nvidia_train_gpt2_fp32_bs8_e1_r1_raw_metrics.csv
