Running on device: NVIDIA GeForce RTX 4090
--- Training PyTorch Model: resnet50 | Precision: bf16 | Batch: 1 ---
Epoch 1/1
Epoch 1 time: 3.766s | Last loss: 2.4688

--- Benchmark Complete ---
timestamp: 2025-10-18T08:52:42.104507
gpu_vendor: nvidia
gpu_name: NVIDIA GeForce RTX 4090
model: resnet50
precision: bf16
batch_size: 1
epochs: 1
total_time_sec: 3.7665
avg_throughput_samples_per_sec: 26.5496
final_loss: 2.4688
nan_inf_count: 0
skipped_steps: 0
peak_memory_mb: 1437.1875
avg_utilization_percent: 11.8000
avg_power_watts: 57.9290
Results saved to results_precision_batch/nvidia_train_resnet50_bf16_bs1_e1_r1.csv
Raw GPU metrics saved to results_precision_batch/nvidia_train_resnet50_bf16_bs1_e1_r1_raw_metrics.csv
