Running on device: NVIDIA GeForce RTX 4090
--- Training PyTorch Model: gpt2 | Precision: bf16 | Batch: 32 ---
Epoch 1/1
Epoch 1 time: 8.267s | Last loss: 10.9041

--- Benchmark Complete ---
timestamp: 2025-10-18T10:56:42.289926
gpu_vendor: nvidia
gpu_name: NVIDIA GeForce RTX 4090
model: gpt2
precision: bf16
batch_size: 32
epochs: 1
total_time_sec: 8.2672
avg_throughput_samples_per_sec: 387.0698
final_loss: 10.9041
nan_inf_count: 0
skipped_steps: 0
peak_memory_mb: 10111.1875
avg_utilization_percent: 64.3333
avg_power_watts: 196.8263
Results saved to results_precision_batch/nvidia_train_gpt2_bf16_bs32_e1_r1.csv
Raw GPU metrics saved to results_precision_batch/nvidia_train_gpt2_bf16_bs32_e1_r1_raw_metrics.csv
