Running on device: NVIDIA GeForce RTX 4090
--- Training PyTorch Model: gpt2 | Precision: bf16 | Batch: 64 ---
Epoch 1/1
Epoch 1 time: 15.840s | Last loss: 10.8936

--- Benchmark Complete ---
timestamp: 2025-10-18T10:56:02.914803
gpu_vendor: nvidia
gpu_name: NVIDIA GeForce RTX 4090
model: gpt2
precision: bf16
batch_size: 64
epochs: 1
total_time_sec: 15.8410
avg_throughput_samples_per_sec: 404.0159
final_loss: 10.8936
nan_inf_count: 0
skipped_steps: 0
peak_memory_mb: 16961.1875
avg_utilization_percent: 74.9000
avg_power_watts: 243.3405
Results saved to results_precision_batch/nvidia_train_gpt2_bf16_bs64_e1_r1.csv
Raw GPU metrics saved to results_precision_batch/nvidia_train_gpt2_bf16_bs64_e1_r1_raw_metrics.csv
