Running on device: NVIDIA GeForce RTX 4090
--- Training PyTorch Model: bert-large | Precision: fp16 | Batch: 32 ---
Epoch 1/1
Epoch 1 time: 11.749s | Last loss: 0.6659

--- Benchmark Complete ---
timestamp: 2025-10-18T11:11:06.927142
gpu_vendor: nvidia
gpu_name: NVIDIA GeForce RTX 4090
model: bert-large
precision: fp16
batch_size: 32
epochs: 1
total_time_sec: 11.7504
avg_throughput_samples_per_sec: 272.3316
final_loss: 0.6659
nan_inf_count: 0
skipped_steps: 0
peak_memory_mb: 9699.1875
avg_utilization_percent: 45.1429
avg_power_watts: 178.8916
Results saved to results_precision_batch/nvidia_train_bert-large_fp16_bs32_e1_r1.csv
Raw GPU metrics saved to results_precision_batch/nvidia_train_bert-large_fp16_bs32_e1_r1_raw_metrics.csv
