Running on device: NVIDIA GeForce RTX 4090
--- Training PyTorch Model: gpt2 | Precision: fp16 | Batch: 12 ---
Epoch 1/1
Epoch 1 time: 5.779s | Last loss: 10.9081

--- Benchmark Complete ---
timestamp: 2025-10-18T10:53:02.621392
gpu_vendor: nvidia
gpu_name: NVIDIA GeForce RTX 4090
model: gpt2
precision: fp16
batch_size: 12
epochs: 1
total_time_sec: 5.7796
avg_throughput_samples_per_sec: 207.6256
final_loss: 10.9081
nan_inf_count: 0
skipped_steps: 0
peak_memory_mb: 5393.1875
avg_utilization_percent: 39.5000
avg_power_watts: 133.2307
Results saved to results_precision_batch/nvidia_train_gpt2_fp16_bs12_e1_r1.csv
Raw GPU metrics saved to results_precision_batch/nvidia_train_gpt2_fp16_bs12_e1_r1_raw_metrics.csv
