Running on device: NVIDIA GeForce RTX 4090
--- Training PyTorch Model: gpt2 | Precision: fp16 | Batch: 1 ---
Epoch 1/1
Epoch 1 time: 5.395s | Last loss: 11.0960

--- Benchmark Complete ---
timestamp: 2025-10-18T10:54:02.056833
gpu_vendor: nvidia
gpu_name: NVIDIA GeForce RTX 4090
model: gpt2
precision: fp16
batch_size: 1
epochs: 1
total_time_sec: 5.3955
avg_throughput_samples_per_sec: 18.5341
final_loss: 11.0960
nan_inf_count: 0
skipped_steps: 0
peak_memory_mb: 3505.1875
avg_utilization_percent: 19.6667
avg_power_watts: 66.6016
Results saved to results_precision_batch/nvidia_train_gpt2_fp16_bs1_e1_r1.csv
Raw GPU metrics saved to results_precision_batch/nvidia_train_gpt2_fp16_bs1_e1_r1_raw_metrics.csv
