Running on device: NVIDIA GeForce RTX 4090
--- Training PyTorch Model: resnet50 | Precision: bf16 | Batch: 96 ---
Epoch 1/1
Epoch 1 time: 8.083s | Last loss: 2.3338

--- Benchmark Complete ---
timestamp: 2025-10-18T08:50:55.648131
gpu_vendor: nvidia
gpu_name: NVIDIA GeForce RTX 4090
model: resnet50
precision: bf16
batch_size: 96
epochs: 1
total_time_sec: 8.0838
avg_throughput_samples_per_sec: 1187.5660
final_loss: 2.3338
nan_inf_count: 0
skipped_steps: 0
peak_memory_mb: 6145.1875
avg_utilization_percent: 76.8889
avg_power_watts: 258.8056
Results saved to results_precision_batch/nvidia_train_resnet50_bf16_bs96_e1_r1.csv
Raw GPU metrics saved to results_precision_batch/nvidia_train_resnet50_bf16_bs96_e1_r1_raw_metrics.csv
