Running on device: NVIDIA GeForce RTX 4090
--- Training PyTorch Model: resnet50 | Precision: bf16 | Batch: 64 ---
Epoch 1/1
Epoch 1 time: 5.521s | Last loss: 2.2905

--- Benchmark Complete ---
timestamp: 2025-10-18T08:51:07.753720
gpu_vendor: nvidia
gpu_name: NVIDIA GeForce RTX 4090
model: resnet50
precision: bf16
batch_size: 64
epochs: 1
total_time_sec: 5.5221
avg_throughput_samples_per_sec: 1158.9783
final_loss: 2.2905
nan_inf_count: 0
skipped_steps: 0
peak_memory_mb: 4165.1875
avg_utilization_percent: 70.1429
avg_power_watts: 233.9650
Results saved to results_precision_batch/nvidia_train_resnet50_bf16_bs64_e1_r1.csv
Raw GPU metrics saved to results_precision_batch/nvidia_train_resnet50_bf16_bs64_e1_r1_raw_metrics.csv
