Running on device: NVIDIA GeForce RTX 4090
--- Training PyTorch Model: resnet50 | Precision: bf16 | Batch: 12 ---
Epoch 1/1
Epoch 1 time: 3.675s | Last loss: 2.3021

--- Benchmark Complete ---
timestamp: 2025-10-18T08:52:00.554800
gpu_vendor: nvidia
gpu_name: NVIDIA GeForce RTX 4090
model: resnet50
precision: bf16
batch_size: 12
epochs: 1
total_time_sec: 3.6760
avg_throughput_samples_per_sec: 326.4407
final_loss: 2.3021
nan_inf_count: 0
skipped_steps: 0
peak_memory_mb: 1909.1875
avg_utilization_percent: 24.4000
avg_power_watts: 83.1300
Results saved to results_precision_batch/nvidia_train_resnet50_bf16_bs12_e1_r1.csv
Raw GPU metrics saved to results_precision_batch/nvidia_train_resnet50_bf16_bs12_e1_r1_raw_metrics.csv
