Running on device: NVIDIA GeForce RTX 4090
--- Training PyTorch Model: bert-large | Precision: fp32 | Batch: 64 ---
Epoch 1/1
Epoch 1 time: 28.589s | Last loss: 0.7196

--- Benchmark Complete ---
timestamp: 2025-10-18T11:02:38.047359
gpu_vendor: nvidia
gpu_name: NVIDIA GeForce RTX 4090
model: bert-large
precision: fp32
batch_size: 64
epochs: 1
total_time_sec: 28.5901
avg_throughput_samples_per_sec: 223.8533
final_loss: 0.7196
nan_inf_count: 0
skipped_steps: 0
peak_memory_mb: 17793.1875
avg_utilization_percent: 73.1842
avg_power_watts: 314.6400
Results saved to results_precision_batch/nvidia_train_bert-large_fp32_bs64_e1_r1.csv
Raw GPU metrics saved to results_precision_batch/nvidia_train_bert-large_fp32_bs64_e1_r1_raw_metrics.csv
