Running on device: NVIDIA GeForce RTX 4090
--- Training PyTorch Model: gpt2 | Precision: bf16 | Batch: 48 ---
Epoch 1/1
Epoch 1 time: 12.318s | Last loss: 10.8997

--- Benchmark Complete ---
timestamp: 2025-10-18T10:56:25.181270
gpu_vendor: nvidia
gpu_name: NVIDIA GeForce RTX 4090
model: gpt2
precision: bf16
batch_size: 48
epochs: 1
total_time_sec: 12.3190
avg_throughput_samples_per_sec: 389.6406
final_loss: 10.8997
nan_inf_count: 0
skipped_steps: 0
peak_memory_mb: 13119.1875
avg_utilization_percent: 70.5882
avg_power_watts: 228.2015
Results saved to results_precision_batch/nvidia_train_gpt2_bf16_bs48_e1_r1.csv
Raw GPU metrics saved to results_precision_batch/nvidia_train_gpt2_bf16_bs48_e1_r1_raw_metrics.csv
