Running on device: NVIDIA GeForce RTX 4090
--- Training PyTorch Model: gpt2 | Precision: fp16 | Batch: 64 ---
Epoch 1/1
Epoch 1 time: 16.043s | Last loss: 10.8903

--- Benchmark Complete ---
timestamp: 2025-10-18T10:51:37.134980
gpu_vendor: nvidia
gpu_name: NVIDIA GeForce RTX 4090
model: gpt2
precision: fp16
batch_size: 64
epochs: 1
total_time_sec: 16.0440
avg_throughput_samples_per_sec: 398.9019
final_loss: 10.8903
nan_inf_count: 0
skipped_steps: 0
peak_memory_mb: 16963.1875
avg_utilization_percent: 76.8500
avg_power_watts: 252.9702
Results saved to results_precision_batch/nvidia_train_gpt2_fp16_bs64_e1_r1.csv
Raw GPU metrics saved to results_precision_batch/nvidia_train_gpt2_fp16_bs64_e1_r1_raw_metrics.csv
