Running on device: NVIDIA GeForce RTX 4090
--- Training PyTorch Model: bert-large | Precision: fp32 | Batch: 96 ---
Epoch 1/1
Epoch 1 time: 42.174s | Last loss: 0.6904

--- Benchmark Complete ---
timestamp: 2025-10-18T11:01:54.740873
gpu_vendor: nvidia
gpu_name: NVIDIA GeForce RTX 4090
model: bert-large
precision: fp32
batch_size: 96
epochs: 1
total_time_sec: 42.1755
avg_throughput_samples_per_sec: 227.6203
final_loss: 0.6904
nan_inf_count: 0
skipped_steps: 0
peak_memory_mb: 24185.1875
avg_utilization_percent: 80.6078
avg_power_watts: 349.7446
Results saved to results_precision_batch/nvidia_train_bert-large_fp32_bs96_e1_r1.csv
Raw GPU metrics saved to results_precision_batch/nvidia_train_bert-large_fp32_bs96_e1_r1_raw_metrics.csv
