Running on device: NVIDIA GeForce RTX 4090
--- Training PyTorch Model: bert-large | Precision: bf16 | Batch: 48 ---
Epoch 1/1
Epoch 1 time: 14.222s | Last loss: 0.7151

--- Benchmark Complete ---
timestamp: 2025-10-18T11:18:09.881643
gpu_vendor: nvidia
gpu_name: NVIDIA GeForce RTX 4090
model: bert-large
precision: bf16
batch_size: 48
epochs: 1
total_time_sec: 14.2237
avg_throughput_samples_per_sec: 337.4644
final_loss: 0.7151
nan_inf_count: 0
skipped_steps: 0
peak_memory_mb: 11679.1875
avg_utilization_percent: 54.5217
avg_power_watts: 231.0733
Results saved to results_precision_batch/nvidia_train_bert-large_bf16_bs48_e1_r1.csv
Raw GPU metrics saved to results_precision_batch/nvidia_train_bert-large_bf16_bs48_e1_r1_raw_metrics.csv
