Running on device: NVIDIA GeForce RTX 4090
--- Training PyTorch Model: bert-large | Precision: bf16 | Batch: 1 ---
Epoch 1/1
Epoch 1 time: 10.788s | Last loss: 0.5859

--- Benchmark Complete ---
timestamp: 2025-10-18T11:21:34.580957
gpu_vendor: nvidia
gpu_name: NVIDIA GeForce RTX 4090
model: bert-large
precision: bf16
batch_size: 1
epochs: 1
total_time_sec: 10.7898
avg_throughput_samples_per_sec: 9.2680
final_loss: 0.5859
nan_inf_count: 0
skipped_steps: 0
peak_memory_mb: 7397.1875
avg_utilization_percent: 19.6000
avg_power_watts: 71.6474
Results saved to results_precision_batch/nvidia_train_bert-large_bf16_bs1_e1_r1.csv
Raw GPU metrics saved to results_precision_batch/nvidia_train_bert-large_bf16_bs1_e1_r1_raw_metrics.csv
