Running on device: NVIDIA GeForce RTX 4090
--- Training PyTorch Model: resnet50 | Precision: bf16 | Batch: 128 ---
Epoch 1/1
Epoch 1 time: 10.624s | Last loss: 2.3147

--- Benchmark Complete ---
timestamp: 2025-10-18T08:50:41.534781
gpu_vendor: nvidia
gpu_name: NVIDIA GeForce RTX 4090
model: resnet50
precision: bf16
batch_size: 128
epochs: 1
total_time_sec: 10.6249
avg_throughput_samples_per_sec: 1204.7175
final_loss: 2.3147
nan_inf_count: 0
skipped_steps: 0
peak_memory_mb: 7561.1875
avg_utilization_percent: 83.1667
avg_power_watts: 280.2705
Results saved to results_precision_batch/nvidia_train_resnet50_bf16_bs128_e1_r1.csv
Raw GPU metrics saved to results_precision_batch/nvidia_train_resnet50_bf16_bs128_e1_r1_raw_metrics.csv
