/home/users/hutzig/tcc_mixed_precision/envs/nvidia/lib/python3.11/site-packages/torch/cuda/__init__.py:54: FutureWarning: The pynvml package is deprecated. Please install nvidia-ml-py instead. If you did not install pynvml directly, please report this to the maintainers of the package that installed pynvml for you.
  import pynvml  # type: ignore[import]
We strongly recommend passing in an `attention_mask` since your input_ids may be padded. See https://huggingface.co/docs/transformers/troubleshooting#incorrect-output-when-padding-tokens-arent-masked.
Traceback (most recent call last):
  File "/scratch/hutzig/tcc_mixed_precision/src/main.py", line 82, in <module>
    main(args)
  File "/scratch/hutzig/tcc_mixed_precision/src/main.py", line 25, in main
    training_results = train_pytorch.train_model(
                       ^^^^^^^^^^^^^^^^^^^^^^^^^^
  File "/scratch/hutzig/tcc_mixed_precision/src/train_pytorch.py", line 113, in train_model
    output = model(batch_inputs)
             ^^^^^^^^^^^^^^^^^^^
  File "/home/users/hutzig/tcc_mixed_precision/envs/nvidia/lib/python3.11/site-packages/torch/nn/modules/module.py", line 1511, in _wrapped_call_impl
    return self._call_impl(*args, **kwargs)
           ^^^^^^^^^^^^^^^^^^^^^^^^^^^^^^^^
  File "/home/users/hutzig/tcc_mixed_precision/envs/nvidia/lib/python3.11/site-packages/torch/nn/modules/module.py", line 1520, in _call_impl
    return forward_call(*args, **kwargs)
           ^^^^^^^^^^^^^^^^^^^^^^^^^^^^^
  File "/home/users/hutzig/tcc_mixed_precision/envs/nvidia/lib/python3.11/site-packages/transformers/models/bert/modeling_bert.py", line 1482, in forward
    outputs = self.bert(
              ^^^^^^^^^^
  File "/home/users/hutzig/tcc_mixed_precision/envs/nvidia/lib/python3.11/site-packages/torch/nn/modules/module.py", line 1511, in _wrapped_call_impl
    return self._call_impl(*args, **kwargs)
           ^^^^^^^^^^^^^^^^^^^^^^^^^^^^^^^^
  File "/home/users/hutzig/tcc_mixed_precision/envs/nvidia/lib/python3.11/site-packages/torch/nn/modules/module.py", line 1520, in _call_impl
    return forward_call(*args, **kwargs)
           ^^^^^^^^^^^^^^^^^^^^^^^^^^^^^
  File "/home/users/hutzig/tcc_mixed_precision/envs/nvidia/lib/python3.11/site-packages/transformers/models/bert/modeling_bert.py", line 1000, in forward
    encoder_outputs = self.encoder(
                      ^^^^^^^^^^^^^
  File "/home/users/hutzig/tcc_mixed_precision/envs/nvidia/lib/python3.11/site-packages/torch/nn/modules/module.py", line 1511, in _wrapped_call_impl
    return self._call_impl(*args, **kwargs)
           ^^^^^^^^^^^^^^^^^^^^^^^^^^^^^^^^
  File "/home/users/hutzig/tcc_mixed_precision/envs/nvidia/lib/python3.11/site-packages/torch/nn/modules/module.py", line 1520, in _call_impl
    return forward_call(*args, **kwargs)
           ^^^^^^^^^^^^^^^^^^^^^^^^^^^^^
  File "/home/users/hutzig/tcc_mixed_precision/envs/nvidia/lib/python3.11/site-packages/transformers/models/bert/modeling_bert.py", line 650, in forward
    layer_outputs = layer_module(
                    ^^^^^^^^^^^^^
  File "/home/users/hutzig/tcc_mixed_precision/envs/nvidia/lib/python3.11/site-packages/transformers/modeling_layers.py", line 94, in __call__
    return super().__call__(*args, **kwargs)
           ^^^^^^^^^^^^^^^^^^^^^^^^^^^^^^^^^
  File "/home/users/hutzig/tcc_mixed_precision/envs/nvidia/lib/python3.11/site-packages/torch/nn/modules/module.py", line 1511, in _wrapped_call_impl
    return self._call_impl(*args, **kwargs)
           ^^^^^^^^^^^^^^^^^^^^^^^^^^^^^^^^
  File "/home/users/hutzig/tcc_mixed_precision/envs/nvidia/lib/python3.11/site-packages/torch/nn/modules/module.py", line 1520, in _call_impl
    return forward_call(*args, **kwargs)
           ^^^^^^^^^^^^^^^^^^^^^^^^^^^^^
  File "/home/users/hutzig/tcc_mixed_precision/envs/nvidia/lib/python3.11/site-packages/transformers/utils/deprecation.py", line 172, in wrapped_func
    return func(*args, **kwargs)
           ^^^^^^^^^^^^^^^^^^^^^
  File "/home/users/hutzig/tcc_mixed_precision/envs/nvidia/lib/python3.11/site-packages/transformers/models/bert/modeling_bert.py", line 558, in forward
    self_attention_outputs = self.attention(
                             ^^^^^^^^^^^^^^^
  File "/home/users/hutzig/tcc_mixed_precision/envs/nvidia/lib/python3.11/site-packages/torch/nn/modules/module.py", line 1511, in _wrapped_call_impl
    return self._call_impl(*args, **kwargs)
           ^^^^^^^^^^^^^^^^^^^^^^^^^^^^^^^^
  File "/home/users/hutzig/tcc_mixed_precision/envs/nvidia/lib/python3.11/site-packages/torch/nn/modules/module.py", line 1520, in _call_impl
    return forward_call(*args, **kwargs)
           ^^^^^^^^^^^^^^^^^^^^^^^^^^^^^
  File "/home/users/hutzig/tcc_mixed_precision/envs/nvidia/lib/python3.11/site-packages/transformers/utils/deprecation.py", line 172, in wrapped_func
    return func(*args, **kwargs)
           ^^^^^^^^^^^^^^^^^^^^^
  File "/home/users/hutzig/tcc_mixed_precision/envs/nvidia/lib/python3.11/site-packages/transformers/models/bert/modeling_bert.py", line 497, in forward
    attention_output = self.output(self_outputs[0], hidden_states)
                       ^^^^^^^^^^^^^^^^^^^^^^^^^^^^^^^^^^^^^^^^^^^
  File "/home/users/hutzig/tcc_mixed_precision/envs/nvidia/lib/python3.11/site-packages/torch/nn/modules/module.py", line 1511, in _wrapped_call_impl
    return self._call_impl(*args, **kwargs)
           ^^^^^^^^^^^^^^^^^^^^^^^^^^^^^^^^
  File "/home/users/hutzig/tcc_mixed_precision/envs/nvidia/lib/python3.11/site-packages/torch/nn/modules/module.py", line 1520, in _call_impl
    return forward_call(*args, **kwargs)
           ^^^^^^^^^^^^^^^^^^^^^^^^^^^^^
  File "/home/users/hutzig/tcc_mixed_precision/envs/nvidia/lib/python3.11/site-packages/transformers/models/bert/modeling_bert.py", line 438, in forward
    hidden_states = self.LayerNorm(hidden_states + input_tensor)
                    ^^^^^^^^^^^^^^^^^^^^^^^^^^^^^^^^^^^^^^^^^^^^
  File "/home/users/hutzig/tcc_mixed_precision/envs/nvidia/lib/python3.11/site-packages/torch/nn/modules/module.py", line 1511, in _wrapped_call_impl
    return self._call_impl(*args, **kwargs)
           ^^^^^^^^^^^^^^^^^^^^^^^^^^^^^^^^
  File "/home/users/hutzig/tcc_mixed_precision/envs/nvidia/lib/python3.11/site-packages/torch/nn/modules/module.py", line 1520, in _call_impl
    return forward_call(*args, **kwargs)
           ^^^^^^^^^^^^^^^^^^^^^^^^^^^^^
  File "/home/users/hutzig/tcc_mixed_precision/envs/nvidia/lib/python3.11/site-packages/torch/nn/modules/normalization.py", line 201, in forward
    return F.layer_norm(
           ^^^^^^^^^^^^^
  File "/home/users/hutzig/tcc_mixed_precision/envs/nvidia/lib/python3.11/site-packages/torch/nn/functional.py", line 2546, in layer_norm
    return torch.layer_norm(input, normalized_shape, weight, bias, eps, torch.backends.cudnn.enabled)
           ^^^^^^^^^^^^^^^^^^^^^^^^^^^^^^^^^^^^^^^^^^^^^^^^^^^^^^^^^^^^^^^^^^^^^^^^^^^^^^^^^^^^^^^^^^
torch.cuda.OutOfMemoryError: CUDA out of memory. Tried to allocate 384.00 MiB. GPU 0 has a total capacity of 23.65 GiB of which 82.81 MiB is free. Including non-PyTorch memory, this process has 23.56 GiB memory in use. Of the allocated memory 23.04 GiB is allocated by PyTorch, and 76.24 MiB is reserved by PyTorch but unallocated. If reserved but unallocated memory is large try setting PYTORCH_CUDA_ALLOC_CONF=expandable_segments:True to avoid fragmentation.  See documentation for Memory Management  (https://pytorch.org/docs/stable/notes/cuda.html#environment-variables)
