Running on device: NVIDIA GeForce RTX 4090
--- Training PyTorch Model: bert-large | Precision: bf16 | Batch: 4 ---
Epoch 1/1
Epoch 1 time: 10.528s | Last loss: 0.6694

--- Benchmark Complete ---
timestamp: 2025-10-18T11:20:44.236262
gpu_vendor: nvidia
gpu_name: NVIDIA GeForce RTX 4090
model: bert-large
precision: bf16
batch_size: 4
epochs: 1
total_time_sec: 10.5292
avg_throughput_samples_per_sec: 37.9897
final_loss: 0.6694
nan_inf_count: 0
skipped_steps: 0
peak_memory_mb: 7517.1875
avg_utilization_percent: 22.8000
avg_power_watts: 92.2281
Results saved to results_precision_batch/nvidia_train_bert-large_bf16_bs4_e1_r1.csv
Raw GPU metrics saved to results_precision_batch/nvidia_train_bert-large_bf16_bs4_e1_r1_raw_metrics.csv
