Running on device: NVIDIA GeForce RTX 4090
--- Training PyTorch Model: resnet50 | Precision: fp32 | Batch: 8 ---
Epoch 1/1
Epoch 1 time: 3.353s | Last loss: 2.2751

--- Benchmark Complete ---
timestamp: 2025-10-18T08:42:39.490181
gpu_vendor: nvidia
gpu_name: NVIDIA GeForce RTX 4090
model: resnet50
precision: fp32
batch_size: 8
epochs: 1
total_time_sec: 3.3535
avg_throughput_samples_per_sec: 238.5585
final_loss: 2.2751
nan_inf_count: 0
skipped_steps: 0
peak_memory_mb: 2105.1875
avg_utilization_percent: 21.5000
avg_power_watts: 93.1265
Results saved to results_precision_batch/nvidia_train_resnet50_fp32_bs8_e1_r1.csv
Raw GPU metrics saved to results_precision_batch/nvidia_train_resnet50_fp32_bs8_e1_r1_raw_metrics.csv
