Running on device: NVIDIA GeForce RTX 4090
--- Training PyTorch Model: gpt2 | Precision: fp32 | Batch: 24 ---
Epoch 1/1
Epoch 1 time: 8.006s | Last loss: 10.9114

--- Benchmark Complete ---
timestamp: 2025-10-18T10:46:25.800345
gpu_vendor: nvidia
gpu_name: NVIDIA GeForce RTX 4090
model: gpt2
precision: fp32
batch_size: 24
epochs: 1
total_time_sec: 8.0066
avg_throughput_samples_per_sec: 299.7527
final_loss: 10.9114
nan_inf_count: 0
skipped_steps: 0
peak_memory_mb: 8345.1875
avg_utilization_percent: 62.9167
avg_power_watts: 210.8751
Results saved to results_precision_batch/nvidia_train_gpt2_fp32_bs24_e1_r1.csv
Raw GPU metrics saved to results_precision_batch/nvidia_train_gpt2_fp32_bs24_e1_r1_raw_metrics.csv
