Running on device: NVIDIA GeForce RTX 4090
--- Training PyTorch Model: resnet50 | Precision: fp16 | Batch: 192 ---
Epoch 1/1
Epoch 1 time: 15.177s | Last loss: 2.3187

--- Benchmark Complete ---
timestamp: 2025-10-18T08:45:36.341433
gpu_vendor: nvidia
gpu_name: NVIDIA GeForce RTX 4090
model: resnet50
precision: fp16
batch_size: 192
epochs: 1
total_time_sec: 15.1779
avg_throughput_samples_per_sec: 1264.9966
final_loss: 2.3187
nan_inf_count: 0
skipped_steps: 0
peak_memory_mb: 10177.1875
avg_utilization_percent: 86.6250
avg_power_watts: 290.4725
Results saved to results_precision_batch/nvidia_train_resnet50_fp16_bs192_e1_r1.csv
Raw GPU metrics saved to results_precision_batch/nvidia_train_resnet50_fp16_bs192_e1_r1_raw_metrics.csv
