Running on device: NVIDIA GeForce RTX 4090
--- Training PyTorch Model: gpt2 | Precision: fp32 | Batch: 16 ---
Epoch 1/1
Epoch 1 time: 5.994s | Last loss: 10.9188

--- Benchmark Complete ---
timestamp: 2025-10-18T10:46:41.193216
gpu_vendor: nvidia
gpu_name: NVIDIA GeForce RTX 4090
model: gpt2
precision: fp32
batch_size: 16
epochs: 1
total_time_sec: 5.9942
avg_throughput_samples_per_sec: 266.9245
final_loss: 10.9188
nan_inf_count: 0
skipped_steps: 0
peak_memory_mb: 6401.1875
avg_utilization_percent: 50.6000
avg_power_watts: 176.5512
Results saved to results_precision_batch/nvidia_train_gpt2_fp32_bs16_e1_r1.csv
Raw GPU metrics saved to results_precision_batch/nvidia_train_gpt2_fp32_bs16_e1_r1_raw_metrics.csv
