Running on device: NVIDIA GeForce RTX 4090
--- Training PyTorch Model: bert-large | Precision: fp16 | Batch: 8 ---
Epoch 1/1
Epoch 1 time: 11.056s | Last loss: 1.2431

--- Benchmark Complete ---
timestamp: 2025-10-18T11:12:48.435815
gpu_vendor: nvidia
gpu_name: NVIDIA GeForce RTX 4090
model: bert-large
precision: fp16
batch_size: 8
epochs: 1
total_time_sec: 11.0572
avg_throughput_samples_per_sec: 72.3508
final_loss: 1.2431
nan_inf_count: 0
skipped_steps: 0
peak_memory_mb: 7555.1875
avg_utilization_percent: 27.4500
avg_power_watts: 106.2125
Results saved to results_precision_batch/nvidia_train_bert-large_fp16_bs8_e1_r1.csv
Raw GPU metrics saved to results_precision_batch/nvidia_train_bert-large_fp16_bs8_e1_r1_raw_metrics.csv
