Running on device: NVIDIA GeForce RTX 4090
--- Training PyTorch Model: bert-large | Precision: fp32 | Batch: 32 ---
Epoch 1/1
Epoch 1 time: 15.650s | Last loss: 0.6932

--- Benchmark Complete ---
timestamp: 2025-10-18T11:03:45.534622
gpu_vendor: nvidia
gpu_name: NVIDIA GeForce RTX 4090
model: bert-large
precision: fp32
batch_size: 32
epochs: 1
total_time_sec: 15.6520
avg_throughput_samples_per_sec: 204.4472
final_loss: 0.6932
nan_inf_count: 0
skipped_steps: 0
peak_memory_mb: 11529.1875
avg_utilization_percent: 59.6000
avg_power_watts: 253.3800
Results saved to results_precision_batch/nvidia_train_bert-large_fp32_bs32_e1_r1.csv
Raw GPU metrics saved to results_precision_batch/nvidia_train_bert-large_fp32_bs32_e1_r1_raw_metrics.csv
