Running on device: NVIDIA GeForce RTX 4090
--- Training PyTorch Model: bert-large | Precision: bf16 | Batch: 16 ---
Epoch 1/1
Epoch 1 time: 10.860s | Last loss: 0.7146

--- Benchmark Complete ---
timestamp: 2025-10-18T11:19:27.455002
gpu_vendor: nvidia
gpu_name: NVIDIA GeForce RTX 4090
model: bert-large
precision: bf16
batch_size: 16
epochs: 1
total_time_sec: 10.8619
avg_throughput_samples_per_sec: 147.3039
final_loss: 0.7146
nan_inf_count: 0
skipped_steps: 0
peak_memory_mb: 7659.1875
avg_utilization_percent: 31.6000
avg_power_watts: 134.8157
Results saved to results_precision_batch/nvidia_train_bert-large_bf16_bs16_e1_r1.csv
Raw GPU metrics saved to results_precision_batch/nvidia_train_bert-large_bf16_bs16_e1_r1_raw_metrics.csv
