Running on device: NVIDIA GeForce RTX 4090
--- Training PyTorch Model: gpt2 | Precision: fp32 | Batch: 2 ---
Epoch 1/1
Epoch 1 time: 4.401s | Last loss: 11.0049

--- Benchmark Complete ---
timestamp: 2025-10-18T10:49:22.027363
gpu_vendor: nvidia
gpu_name: NVIDIA GeForce RTX 4090
model: gpt2
precision: fp32
batch_size: 2
epochs: 1
total_time_sec: 4.4016
avg_throughput_samples_per_sec: 45.4379
final_loss: 11.0049
nan_inf_count: 0
skipped_steps: 0
peak_memory_mb: 3717.1875
avg_utilization_percent: 21.4444
avg_power_watts: 85.4239
Results saved to results_precision_batch/nvidia_train_gpt2_fp32_bs2_e1_r1.csv
Raw GPU metrics saved to results_precision_batch/nvidia_train_gpt2_fp32_bs2_e1_r1_raw_metrics.csv
