Running on device: NVIDIA GeForce RTX 4090
--- Training PyTorch Model: resnet50 | Precision: fp16 | Batch: 4 ---
Epoch 1/1
Epoch 1 time: 3.896s | Last loss: 2.1091

--- Benchmark Complete ---
timestamp: 2025-10-18T08:47:33.003255
gpu_vendor: nvidia
gpu_name: NVIDIA GeForce RTX 4090
model: resnet50
precision: fp16
batch_size: 4
epochs: 1
total_time_sec: 3.8968
avg_throughput_samples_per_sec: 102.6477
final_loss: 2.1091
nan_inf_count: 0
skipped_steps: 0
peak_memory_mb: 1797.1875
avg_utilization_percent: 12.8000
avg_power_watts: 60.6492
Results saved to results_precision_batch/nvidia_train_resnet50_fp16_bs4_e1_r1.csv
Raw GPU metrics saved to results_precision_batch/nvidia_train_resnet50_fp16_bs4_e1_r1_raw_metrics.csv
