Running on device: NVIDIA GeForce RTX 4090
--- Training PyTorch Model: bert-large | Precision: fp16 | Batch: 128 ---
Epoch 1/1
Epoch 1 time: 36.021s | Last loss: 0.7008

--- Benchmark Complete ---
timestamp: 2025-10-18T11:08:54.093756
gpu_vendor: nvidia
gpu_name: NVIDIA GeForce RTX 4090
model: bert-large
precision: fp16
batch_size: 128
epochs: 1
total_time_sec: 36.0222
avg_throughput_samples_per_sec: 355.3361
final_loss: 0.7008
nan_inf_count: 0
skipped_steps: 0
peak_memory_mb: 22059.1875
avg_utilization_percent: 77.6739
avg_power_watts: 283.3539
Results saved to results_precision_batch/nvidia_train_bert-large_fp16_bs128_e1_r1.csv
Raw GPU metrics saved to results_precision_batch/nvidia_train_bert-large_fp16_bs128_e1_r1_raw_metrics.csv
