Running on device: NVIDIA GeForce RTX 4090
--- Training PyTorch Model: resnet50 | Precision: fp32 | Batch: 96 ---
Epoch 1/1
Epoch 1 time: 13.802s | Last loss: 2.3347

--- Benchmark Complete ---
timestamp: 2025-10-18T08:41:19.520331
gpu_vendor: nvidia
gpu_name: NVIDIA GeForce RTX 4090
model: resnet50
precision: fp32
batch_size: 96
epochs: 1
total_time_sec: 13.8029
avg_throughput_samples_per_sec: 695.5067
final_loss: 2.3347
nan_inf_count: 0
skipped_steps: 0
peak_memory_mb: 10555.1875
avg_utilization_percent: 87.4000
avg_power_watts: 289.9555
Results saved to results_precision_batch/nvidia_train_resnet50_fp32_bs96_e1_r1.csv
Raw GPU metrics saved to results_precision_batch/nvidia_train_resnet50_fp32_bs96_e1_r1_raw_metrics.csv
