Running on device: NVIDIA GeForce RTX 4090
--- Training PyTorch Model: resnet50 | Precision: fp16 | Batch: 1 ---
Epoch 1/1
Epoch 1 time: 3.932s | Last loss: 2.4727

--- Benchmark Complete ---
timestamp: 2025-10-18T08:47:53.212586
gpu_vendor: nvidia
gpu_name: NVIDIA GeForce RTX 4090
model: resnet50
precision: fp16
batch_size: 1
epochs: 1
total_time_sec: 3.9329
avg_throughput_samples_per_sec: 25.4268
final_loss: 2.4727
nan_inf_count: 0
skipped_steps: 0
peak_memory_mb: 1439.1875
avg_utilization_percent: 11.2000
avg_power_watts: 56.1678
Results saved to results_precision_batch/nvidia_train_resnet50_fp16_bs1_e1_r1.csv
Raw GPU metrics saved to results_precision_batch/nvidia_train_resnet50_fp16_bs1_e1_r1_raw_metrics.csv
