Running on device: NVIDIA GeForce RTX 4090
--- Training PyTorch Model: gpt2 | Precision: bf16 | Batch: 1 ---
Epoch 1/1
Epoch 1 time: 5.283s | Last loss: 11.0795

--- Benchmark Complete ---
timestamp: 2025-10-18T10:58:25.913904
gpu_vendor: nvidia
gpu_name: NVIDIA GeForce RTX 4090
model: gpt2
precision: bf16
batch_size: 1
epochs: 1
total_time_sec: 5.2835
avg_throughput_samples_per_sec: 18.9267
final_loss: 11.0795
nan_inf_count: 0
skipped_steps: 0
peak_memory_mb: 3505.1875
avg_utilization_percent: 19.4444
avg_power_watts: 65.7962
Results saved to results_precision_batch/nvidia_train_gpt2_bf16_bs1_e1_r1.csv
Raw GPU metrics saved to results_precision_batch/nvidia_train_gpt2_bf16_bs1_e1_r1_raw_metrics.csv
