Running on device: NVIDIA GeForce RTX 4090
--- Training PyTorch Model: bert-large | Precision: fp16 | Batch: 24 ---
Epoch 1/1
Epoch 1 time: 11.172s | Last loss: 0.7656

--- Benchmark Complete ---
timestamp: 2025-10-18T11:11:32.058528
gpu_vendor: nvidia
gpu_name: NVIDIA GeForce RTX 4090
model: bert-large
precision: fp16
batch_size: 24
epochs: 1
total_time_sec: 11.1736
avg_throughput_samples_per_sec: 214.7928
final_loss: 0.7656
nan_inf_count: 0
skipped_steps: 0
peak_memory_mb: 8625.1875
avg_utilization_percent: 40.1000
avg_power_watts: 161.7983
Results saved to results_precision_batch/nvidia_train_bert-large_fp16_bs24_e1_r1.csv
Raw GPU metrics saved to results_precision_batch/nvidia_train_bert-large_fp16_bs24_e1_r1_raw_metrics.csv
