Running on device: NVIDIA GeForce RTX 4090
--- Training PyTorch Model: gpt2 | Precision: fp16 | Batch: 4 ---
Epoch 1/1
Epoch 1 time: 5.564s | Last loss: 10.9297

--- Benchmark Complete ---
timestamp: 2025-10-18T10:53:32.765092
gpu_vendor: nvidia
gpu_name: NVIDIA GeForce RTX 4090
model: gpt2
precision: fp16
batch_size: 4
epochs: 1
total_time_sec: 5.5647
avg_throughput_samples_per_sec: 71.8816
final_loss: 10.9297
nan_inf_count: 0
skipped_steps: 0
peak_memory_mb: 3861.1875
avg_utilization_percent: 24.8000
avg_power_watts: 98.2902
Results saved to results_precision_batch/nvidia_train_gpt2_fp16_bs4_e1_r1.csv
Raw GPU metrics saved to results_precision_batch/nvidia_train_gpt2_fp16_bs4_e1_r1_raw_metrics.csv
