Running on device: NVIDIA GeForce RTX 4090
--- Training PyTorch Model: resnet50 | Precision: fp32 | Batch: 4 ---
Epoch 1/1
Epoch 1 time: 3.401s | Last loss: 2.1103

--- Benchmark Complete ---
timestamp: 2025-10-18T08:42:50.655025
gpu_vendor: nvidia
gpu_name: NVIDIA GeForce RTX 4090
model: resnet50
precision: fp32
batch_size: 4
epochs: 1
total_time_sec: 3.4020
avg_throughput_samples_per_sec: 117.5787
final_loss: 2.1103
nan_inf_count: 0
skipped_steps: 0
peak_memory_mb: 1739.1875
avg_utilization_percent: 18.4000
avg_power_watts: 72.6172
Results saved to results_precision_batch/nvidia_train_resnet50_fp32_bs4_e1_r1.csv
Raw GPU metrics saved to results_precision_batch/nvidia_train_resnet50_fp32_bs4_e1_r1_raw_metrics.csv
