Running on device: NVIDIA GeForce RTX 4090
--- Training PyTorch Model: bert-large | Precision: bf16 | Batch: 24 ---
Epoch 1/1
Epoch 1 time: 10.632s | Last loss: 0.7633

--- Benchmark Complete ---
timestamp: 2025-10-18T11:19:01.194630
gpu_vendor: nvidia
gpu_name: NVIDIA GeForce RTX 4090
model: bert-large
precision: bf16
batch_size: 24
epochs: 1
total_time_sec: 10.6330
avg_throughput_samples_per_sec: 225.7119
final_loss: 0.7633
nan_inf_count: 0
skipped_steps: 0
peak_memory_mb: 8625.1875
avg_utilization_percent: 42.5000
avg_power_watts: 166.8728
Results saved to results_precision_batch/nvidia_train_bert-large_bf16_bs24_e1_r1.csv
Raw GPU metrics saved to results_precision_batch/nvidia_train_bert-large_bf16_bs24_e1_r1_raw_metrics.csv
