Running on device: NVIDIA GeForce RTX 4090
--- Training PyTorch Model: gpt2 | Precision: bf16 | Batch: 24 ---
Epoch 1/1
Epoch 1 time: 6.813s | Last loss: 10.9133

--- Benchmark Complete ---
timestamp: 2025-10-18T10:56:59.308008
gpu_vendor: nvidia
gpu_name: NVIDIA GeForce RTX 4090
model: gpt2
precision: bf16
batch_size: 24
epochs: 1
total_time_sec: 6.8140
avg_throughput_samples_per_sec: 352.2183
final_loss: 10.9133
nan_inf_count: 0
skipped_steps: 0
peak_memory_mb: 7997.1875
avg_utilization_percent: 51.1818
avg_power_watts: 172.3071
Results saved to results_precision_batch/nvidia_train_gpt2_bf16_bs24_e1_r1.csv
Raw GPU metrics saved to results_precision_batch/nvidia_train_gpt2_bf16_bs24_e1_r1_raw_metrics.csv
