Running on device: NVIDIA GeForce RTX 4090
--- Training PyTorch Model: gpt2 | Precision: fp16 | Batch: 24 ---
Epoch 1/1
Epoch 1 time: 7.070s | Last loss: 10.9098

--- Benchmark Complete ---
timestamp: 2025-10-18T10:52:32.312103
gpu_vendor: nvidia
gpu_name: NVIDIA GeForce RTX 4090
model: gpt2
precision: fp16
batch_size: 24
epochs: 1
total_time_sec: 7.0704
avg_throughput_samples_per_sec: 339.4447
final_loss: 10.9098
nan_inf_count: 0
skipped_steps: 0
peak_memory_mb: 7997.1875
avg_utilization_percent: 54.7273
avg_power_watts: 175.3175
Results saved to results_precision_batch/nvidia_train_gpt2_fp16_bs24_e1_r1.csv
Raw GPU metrics saved to results_precision_batch/nvidia_train_gpt2_fp16_bs24_e1_r1_raw_metrics.csv
