Running on device: NVIDIA GeForce RTX 4090
--- Training PyTorch Model: gpt2 | Precision: fp32 | Batch: 4 ---
Epoch 1/1
Epoch 1 time: 4.417s | Last loss: 10.9595

--- Benchmark Complete ---
timestamp: 2025-10-18T10:49:06.684548
gpu_vendor: nvidia
gpu_name: NVIDIA GeForce RTX 4090
model: gpt2
precision: fp32
batch_size: 4
epochs: 1
total_time_sec: 4.4179
avg_throughput_samples_per_sec: 90.5412
final_loss: 10.9595
nan_inf_count: 0
skipped_steps: 0
peak_memory_mb: 3965.1875
avg_utilization_percent: 25.5556
avg_power_watts: 104.5217
Results saved to results_precision_batch/nvidia_train_gpt2_fp32_bs4_e1_r1.csv
Raw GPU metrics saved to results_precision_batch/nvidia_train_gpt2_fp32_bs4_e1_r1_raw_metrics.csv
