Running on device: NVIDIA GeForce RTX 4090
--- Training PyTorch Model: bert-large | Precision: fp32 | Batch: 2 ---
Epoch 1/1
Epoch 1 time: 8.687s | Last loss: 0.8043

--- Benchmark Complete ---
timestamp: 2025-10-18T11:06:12.309242
gpu_vendor: nvidia
gpu_name: NVIDIA GeForce RTX 4090
model: bert-large
precision: fp32
batch_size: 2
epochs: 1
total_time_sec: 8.6886
avg_throughput_samples_per_sec: 23.0188
final_loss: 0.8043
nan_inf_count: 0
skipped_steps: 0
peak_memory_mb: 7457.1875
avg_utilization_percent: 24
avg_power_watts: 92.1206
Results saved to results_precision_batch/nvidia_train_bert-large_fp32_bs2_e1_r1.csv
Raw GPU metrics saved to results_precision_batch/nvidia_train_bert-large_fp32_bs2_e1_r1_raw_metrics.csv
