Running on device: NVIDIA GeForce RTX 4090
--- Training PyTorch Model: gpt2 | Precision: fp32 | Batch: 48 ---
Epoch 1/1
Epoch 1 time: 15.130s | Last loss: 10.8951

--- Benchmark Complete ---
timestamp: 2025-10-18T10:45:47.261083
gpu_vendor: nvidia
gpu_name: NVIDIA GeForce RTX 4090
model: gpt2
precision: fp32
batch_size: 48
epochs: 1
total_time_sec: 15.1311
avg_throughput_samples_per_sec: 317.2279
final_loss: 10.8951
nan_inf_count: 0
skipped_steps: 0
peak_memory_mb: 15113.1875
avg_utilization_percent: 76.1579
avg_power_watts: 264.7476
Results saved to results_precision_batch/nvidia_train_gpt2_fp32_bs48_e1_r1.csv
Raw GPU metrics saved to results_precision_batch/nvidia_train_gpt2_fp32_bs48_e1_r1_raw_metrics.csv
