Running on device: NVIDIA GeForce RTX 4090
--- Training PyTorch Model: resnet50 | Precision: fp32 | Batch: 64 ---
Epoch 1/1
Epoch 1 time: 9.259s | Last loss: 2.2902

--- Benchmark Complete ---
timestamp: 2025-10-18T08:41:34.710940
gpu_vendor: nvidia
gpu_name: NVIDIA GeForce RTX 4090
model: resnet50
precision: fp32
batch_size: 64
epochs: 1
total_time_sec: 9.2598
avg_throughput_samples_per_sec: 691.1586
final_loss: 2.2902
nan_inf_count: 0
skipped_steps: 0
peak_memory_mb: 7201.1875
avg_utilization_percent: 80.9000
avg_power_watts: 266.6306
Results saved to results_precision_batch/nvidia_train_resnet50_fp32_bs64_e1_r1.csv
Raw GPU metrics saved to results_precision_batch/nvidia_train_resnet50_fp32_bs64_e1_r1_raw_metrics.csv
