Running on device: NVIDIA GeForce RTX 4090
--- Training PyTorch Model: resnet50 | Precision: fp32 | Batch: 1 ---
Epoch 1/1
Epoch 1 time: 3.318s | Last loss: 2.4737

--- Benchmark Complete ---
timestamp: 2025-10-18T08:43:08.806906
gpu_vendor: nvidia
gpu_name: NVIDIA GeForce RTX 4090
model: resnet50
precision: fp32
batch_size: 1
epochs: 1
total_time_sec: 3.3184
avg_throughput_samples_per_sec: 30.1353
final_loss: 2.4737
nan_inf_count: 0
skipped_steps: 0
peak_memory_mb: 1557.1875
avg_utilization_percent: 10.5000
avg_power_watts: 55.6035
Results saved to results_precision_batch/nvidia_train_resnet50_fp32_bs1_e1_r1.csv
Raw GPU metrics saved to results_precision_batch/nvidia_train_resnet50_fp32_bs1_e1_r1_raw_metrics.csv
