Running on device: NVIDIA GeForce RTX 4090
--- Training PyTorch Model: gpt2 | Precision: bf16 | Batch: 16 ---
Epoch 1/1
Epoch 1 time: 5.692s | Last loss: 10.9265

--- Benchmark Complete ---
timestamp: 2025-10-18T10:57:14.420984
gpu_vendor: nvidia
gpu_name: NVIDIA GeForce RTX 4090
model: gpt2
precision: bf16
batch_size: 16
epochs: 1
total_time_sec: 5.6931
avg_throughput_samples_per_sec: 281.0426
final_loss: 10.9265
nan_inf_count: 0
skipped_steps: 0
peak_memory_mb: 6035.1875
avg_utilization_percent: 44.6000
avg_power_watts: 143.6645
Results saved to results_precision_batch/nvidia_train_gpt2_bf16_bs16_e1_r1.csv
Raw GPU metrics saved to results_precision_batch/nvidia_train_gpt2_bf16_bs16_e1_r1_raw_metrics.csv
