Running on device: NVIDIA GeForce RTX 4090
--- Training PyTorch Model: resnet50 | Precision: bf16 | Batch: 192 ---
Epoch 1/1
Epoch 1 time: 15.820s | Last loss: 2.3181

--- Benchmark Complete ---
timestamp: 2025-10-18T08:50:24.417471
gpu_vendor: nvidia
gpu_name: NVIDIA GeForce RTX 4090
model: resnet50
precision: bf16
batch_size: 192
epochs: 1
total_time_sec: 15.8203
avg_throughput_samples_per_sec: 1213.6285
final_loss: 2.3181
nan_inf_count: 0
skipped_steps: 0
peak_memory_mb: 10621.1875
avg_utilization_percent: 88
avg_power_watts: 298.8044
Results saved to results_precision_batch/nvidia_train_resnet50_bf16_bs192_e1_r1.csv
Raw GPU metrics saved to results_precision_batch/nvidia_train_resnet50_bf16_bs192_e1_r1_raw_metrics.csv
