Running on device: NVIDIA GeForce RTX 4090
--- Training PyTorch Model: resnet50 | Precision: fp32 | Batch: 12 ---
Epoch 1/1
Epoch 1 time: 3.406s | Last loss: 2.3028

--- Benchmark Complete ---
timestamp: 2025-10-18T08:42:30.413423
gpu_vendor: nvidia
gpu_name: NVIDIA GeForce RTX 4090
model: resnet50
precision: fp32
batch_size: 12
epochs: 1
total_time_sec: 3.4066
avg_throughput_samples_per_sec: 352.2562
final_loss: 2.3028
nan_inf_count: 0
skipped_steps: 0
peak_memory_mb: 2399.1875
avg_utilization_percent: 33
avg_power_watts: 137.4550
Results saved to results_precision_batch/nvidia_train_resnet50_fp32_bs12_e1_r1.csv
Raw GPU metrics saved to results_precision_batch/nvidia_train_resnet50_fp32_bs12_e1_r1_raw_metrics.csv
