Running on device: NVIDIA GeForce RTX 4090
--- Training PyTorch Model: bert-large | Precision: fp16 | Batch: 12 ---
Epoch 1/1
Epoch 1 time: 10.982s | Last loss: 0.8972

--- Benchmark Complete ---
timestamp: 2025-10-18T11:12:23.309654
gpu_vendor: nvidia
gpu_name: NVIDIA GeForce RTX 4090
model: bert-large
precision: fp16
batch_size: 12
epochs: 1
total_time_sec: 10.9836
avg_throughput_samples_per_sec: 109.2536
final_loss: 0.8972
nan_inf_count: 0
skipped_steps: 0
peak_memory_mb: 7563.1875
avg_utilization_percent: 31.8000
avg_power_watts: 119.6841
Results saved to results_precision_batch/nvidia_train_bert-large_fp16_bs12_e1_r1.csv
Raw GPU metrics saved to results_precision_batch/nvidia_train_bert-large_fp16_bs12_e1_r1_raw_metrics.csv
