Running on device: NVIDIA GeForce RTX 4090
--- Training PyTorch Model: bert-large | Precision: fp32 | Batch: 48 ---
Epoch 1/1
Epoch 1 time: 22.047s | Last loss: 0.7170

--- Benchmark Complete ---
timestamp: 2025-10-18T11:03:15.211061
gpu_vendor: nvidia
gpu_name: NVIDIA GeForce RTX 4090
model: bert-large
precision: fp32
batch_size: 48
epochs: 1
total_time_sec: 22.0489
avg_throughput_samples_per_sec: 217.6975
final_loss: 0.7170
nan_inf_count: 0
skipped_steps: 0
peak_memory_mb: 14497.1875
avg_utilization_percent: 66.9677
avg_power_watts: 296.2703
Results saved to results_precision_batch/nvidia_train_bert-large_fp32_bs48_e1_r1.csv
Raw GPU metrics saved to results_precision_batch/nvidia_train_bert-large_fp32_bs48_e1_r1_raw_metrics.csv
