Running on device: NVIDIA GeForce RTX 4090
--- Training PyTorch Model: gpt2 | Precision: bf16 | Batch: 64 ---
Epoch 1/15
Epoch 1 time: 15.860s | Last loss: 10.8936
Epoch 2/15
Epoch 2 time: 15.597s | Last loss: 10.8732
Epoch 3/15
Epoch 3 time: 15.617s | Last loss: 10.8677
Epoch 4/15
Epoch 4 time: 15.599s | Last loss: 10.8614
Epoch 5/15
Epoch 5 time: 15.600s | Last loss: 10.8530
Epoch 6/15
Epoch 6 time: 15.600s | Last loss: 10.8512
Epoch 7/15
Epoch 7 time: 15.601s | Last loss: 10.8592
Epoch 8/15
Epoch 8 time: 15.608s | Last loss: 10.8471
Epoch 9/15
Epoch 9 time: 15.602s | Last loss: 10.8517
Epoch 10/15
Epoch 10 time: 15.602s | Last loss: 10.8519
Epoch 11/15
Epoch 11 time: 15.597s | Last loss: 10.8529
Epoch 12/15
Epoch 12 time: 15.614s | Last loss: 10.8605
Epoch 13/15
Epoch 13 time: 15.597s | Last loss: 10.8653
Epoch 14/15
Epoch 14 time: 15.607s | Last loss: 10.8748
Epoch 15/15
Epoch 15 time: 15.602s | Last loss: 10.8732

--- Benchmark Complete ---
timestamp: 2025-09-20T12:22:41.723773
gpu_vendor: nvidia
gpu_name: NVIDIA GeForce RTX 4090
model: gpt2
precision: bf16
batch_size: 64
epochs: 15
total_time_sec: 234.3120
avg_throughput_samples_per_sec: 409.7102
final_loss: 10.8732
nan_inf_count: 0
skipped_steps: 0
peak_memory_mb: 16961.1875
avg_utilization_percent: 94.1388
avg_power_watts: 325.0493
Results saved to results/nvidia_runs/train_gpt2_bf16_bs64_e15_r1.csv
Raw GPU metrics saved to results/nvidia_runs/train_gpt2_bf16_bs64_e15_r1_raw_metrics.csv
