Running on device: NVIDIA GeForce RTX 4090
--- Training PyTorch Model: gpt2 | Precision: fp32 | Batch: 32 ---
Epoch 1/15
Epoch 1 time: 10.412s | Last loss: 10.9042
Epoch 2/15
Epoch 2 time: 10.185s | Last loss: 10.8810
Epoch 3/15
Epoch 3 time: 10.186s | Last loss: 10.8670
Epoch 4/15
Epoch 4 time: 10.185s | Last loss: 10.8583
Epoch 5/15
Epoch 5 time: 10.188s | Last loss: 10.8629
Epoch 6/15
Epoch 6 time: 10.193s | Last loss: 10.8599
Epoch 7/15
Epoch 7 time: 10.187s | Last loss: 10.8561
Epoch 8/15
Epoch 8 time: 10.190s | Last loss: 10.8575
Epoch 9/15
Epoch 9 time: 10.189s | Last loss: 10.8457
Epoch 10/15
Epoch 10 time: 10.193s | Last loss: 10.8541
Epoch 11/15
Epoch 11 time: 10.184s | Last loss: 10.8537
Epoch 12/15
Epoch 12 time: 10.191s | Last loss: 10.8493
Epoch 13/15
Epoch 13 time: 10.187s | Last loss: 10.8504
Epoch 14/15
Epoch 14 time: 10.197s | Last loss: 10.8534
Epoch 15/15
Epoch 15 time: 10.193s | Last loss: 10.8558

--- Benchmark Complete ---
timestamp: 2025-09-20T12:14:09.595008
gpu_vendor: nvidia
gpu_name: NVIDIA GeForce RTX 4090
model: gpt2
precision: fp32
batch_size: 32
epochs: 15
total_time_sec: 153.0689
avg_throughput_samples_per_sec: 313.5843
final_loss: 10.8558
nan_inf_count: 0
skipped_steps: 0
peak_memory_mb: 10551.1875
avg_utilization_percent: 91.1585
avg_power_watts: 327.5395
Results saved to results/nvidia_runs/train_gpt2_fp32_bs32_e15_r1.csv
Raw GPU metrics saved to results/nvidia_runs/train_gpt2_fp32_bs32_e15_r1_raw_metrics.csv
