Running on device: NVIDIA GeForce RTX 4090
--- Training PyTorch Model: gpt2 | Precision: fp32 | Batch: 64 ---
Epoch 1/15
Epoch 1 time: 19.524s | Last loss: 10.8943
Epoch 2/15
Epoch 2 time: 19.287s | Last loss: 10.8684
Epoch 3/15
Epoch 3 time: 19.285s | Last loss: 10.8560
Epoch 4/15
Epoch 4 time: 19.302s | Last loss: 10.8555
Epoch 5/15
Epoch 5 time: 19.281s | Last loss: 10.8563
Epoch 6/15
Epoch 6 time: 19.333s | Last loss: 10.8506
Epoch 7/15
Epoch 7 time: 19.312s | Last loss: 10.8483
Epoch 8/15
Epoch 8 time: 19.297s | Last loss: 10.8538
Epoch 9/15
Epoch 9 time: 19.315s | Last loss: 10.8536
Epoch 10/15
Epoch 10 time: 19.299s | Last loss: 10.8527
Epoch 11/15
Epoch 11 time: 19.292s | Last loss: 10.8513
Epoch 12/15
Epoch 12 time: 19.297s | Last loss: 10.8521
Epoch 13/15
Epoch 13 time: 19.300s | Last loss: 10.8521
Epoch 14/15
Epoch 14 time: 19.292s | Last loss: 10.8528
Epoch 15/15
Epoch 15 time: 19.311s | Last loss: 10.8526

--- Benchmark Complete ---
timestamp: 2025-09-19T17:22:13.618104
gpu_vendor: nvidia
gpu_name: NVIDIA GeForce RTX 4090
model: gpt2
precision: fp32
batch_size: 64
epochs: 15
total_time_sec: 289.7342
avg_throughput_samples_per_sec: 331.3382
final_loss: 10.8526
nan_inf_count: 0
skipped_steps: 0
peak_memory_mb: 19703.1875
avg_utilization_percent: 93.3660
avg_power_watts: 349.9089
Results saved to results/nvidia_runs/train_gpt2_fp32_bs64_e15_r1.csv
Raw GPU metrics saved to results/nvidia_runs/train_gpt2_fp32_bs64_e15_r1_raw_metrics.csv
