Running on device: NVIDIA GeForce RTX 4090
--- Training PyTorch Model: resnet50 | Precision: fp32 | Batch: 256 ---
Epoch 1/30
Epoch 1 time: 36.952s | Last loss: 2.3029
Epoch 2/30
Epoch 2 time: 36.195s | Last loss: 2.2998
Epoch 3/30
Epoch 3 time: 36.226s | Last loss: 2.3165
Epoch 4/30
Epoch 4 time: 36.229s | Last loss: 2.3216
Epoch 5/30
Epoch 5 time: 36.234s | Last loss: 2.3175
Epoch 6/30
Epoch 6 time: 36.231s | Last loss: 2.3088
Epoch 7/30
Epoch 7 time: 36.234s | Last loss: 2.3114
Epoch 8/30
Epoch 8 time: 36.234s | Last loss: 2.3124
Epoch 9/30
Epoch 9 time: 36.235s | Last loss: 2.3052
Epoch 10/30
Epoch 10 time: 36.240s | Last loss: 2.3098
Epoch 11/30
Epoch 11 time: 36.235s | Last loss: 2.3061
Epoch 12/30
Epoch 12 time: 36.236s | Last loss: 2.3053
Epoch 13/30
Epoch 13 time: 36.238s | Last loss: 2.3100
Epoch 14/30
Epoch 14 time: 36.234s | Last loss: 2.3057
Epoch 15/30
Epoch 15 time: 36.236s | Last loss: 2.3079
Epoch 16/30
Epoch 16 time: 36.233s | Last loss: 2.3121
Epoch 17/30
Epoch 17 time: 36.235s | Last loss: 2.3206
Epoch 18/30
Epoch 18 time: 36.234s | Last loss: 2.3120
Epoch 19/30
Epoch 19 time: 36.235s | Last loss: 2.3214
Epoch 20/30
Epoch 20 time: 36.234s | Last loss: 2.3083
Epoch 21/30
Epoch 21 time: 36.234s | Last loss: 2.3105
Epoch 22/30
Epoch 22 time: 36.240s | Last loss: 2.3074
Epoch 23/30
Epoch 23 time: 36.242s | Last loss: 2.3020
Epoch 24/30
Epoch 24 time: 36.241s | Last loss: 2.3024
Epoch 25/30
Epoch 25 time: 36.247s | Last loss: 2.2982
Epoch 26/30
Epoch 26 time: 36.243s | Last loss: 2.3170
Epoch 27/30
Epoch 27 time: 36.245s | Last loss: 2.3102
Epoch 28/30
Epoch 28 time: 36.244s | Last loss: 2.3145
Epoch 29/30
Epoch 29 time: 36.242s | Last loss: 2.3044
Epoch 30/30
Epoch 30 time: 36.246s | Last loss: 2.3050

--- Benchmark Complete ---
timestamp: 2025-09-19T16:17:06.341128
gpu_vendor: nvidia
gpu_name: NVIDIA GeForce RTX 4090
model: resnet50
precision: fp32
batch_size: 256
epochs: 30
total_time_sec: 1087.8055
avg_throughput_samples_per_sec: 706.0085
final_loss: 2.3050
nan_inf_count: 0
skipped_steps: 0
peak_memory_mb: 23873.1875
avg_utilization_percent: 99.7815
avg_power_watts: 342.6324
Results saved to results/nvidia_runs/train_resnet50_fp32_bs256_e30_r1.csv
Raw GPU metrics saved to results/nvidia_runs/train_resnet50_fp32_bs256_e30_r1_raw_metrics.csv
