Running on device: NVIDIA GeForce RTX 4090
--- Training PyTorch Model: resnet50 | Precision: fp16 | Batch: 512 ---
Epoch 1/30
Epoch 1 time: 41.212s | Last loss: 2.3026
Epoch 2/30
Epoch 2 time: 40.580s | Last loss: 2.3108
Epoch 3/30
Epoch 3 time: 40.580s | Last loss: 2.3071
Epoch 4/30
Epoch 4 time: 40.582s | Last loss: 2.3093
Epoch 5/30
Epoch 5 time: 40.581s | Last loss: 2.3068
Epoch 6/30
Epoch 6 time: 40.582s | Last loss: 2.3068
Epoch 7/30
Epoch 7 time: 40.581s | Last loss: 2.3062
Epoch 8/30
Epoch 8 time: 40.582s | Last loss: 2.3097
Epoch 9/30
Epoch 9 time: 40.579s | Last loss: 2.3017
Epoch 10/30
Epoch 10 time: 40.576s | Last loss: 2.3108
Epoch 11/30
Epoch 11 time: 40.574s | Last loss: 2.3023
Epoch 12/30
Epoch 12 time: 40.575s | Last loss: 2.3093
Epoch 13/30
Epoch 13 time: 40.573s | Last loss: 2.3054
Epoch 14/30
Epoch 14 time: 40.575s | Last loss: 2.3057
Epoch 15/30
Epoch 15 time: 40.574s | Last loss: 2.3020
Epoch 16/30
Epoch 16 time: 40.574s | Last loss: 2.3096
Epoch 17/30
Epoch 17 time: 40.573s | Last loss: 2.3006
Epoch 18/30
Epoch 18 time: 40.570s | Last loss: 2.3053
Epoch 19/30
Epoch 19 time: 40.571s | Last loss: 2.3072
Epoch 20/30
Epoch 20 time: 40.571s | Last loss: 2.3007
Epoch 21/30
Epoch 21 time: 40.572s | Last loss: 2.3001
Epoch 22/30
Epoch 22 time: 40.569s | Last loss: 2.3099
Epoch 23/30
Epoch 23 time: 40.572s | Last loss: 2.3087
Epoch 24/30
Epoch 24 time: 40.570s | Last loss: 2.3111
Epoch 25/30
Epoch 25 time: 40.573s | Last loss: 2.3064
Epoch 26/30
Epoch 26 time: 40.571s | Last loss: 2.3099
Epoch 27/30
Epoch 27 time: 40.571s | Last loss: 2.3071
Epoch 28/30
Epoch 28 time: 40.571s | Last loss: 2.3031
Epoch 29/30
Epoch 29 time: 40.571s | Last loss: 2.3049
Epoch 30/30
Epoch 30 time: 40.570s | Last loss: 2.3067

--- Benchmark Complete ---
timestamp: 2025-09-19T16:37:33.747707
gpu_vendor: nvidia
gpu_name: NVIDIA GeForce RTX 4090
model: resnet50
precision: fp16
batch_size: 512
epochs: 30
total_time_sec: 1217.8993
avg_throughput_samples_per_sec: 1261.1880
final_loss: 2.3067
nan_inf_count: 0
skipped_steps: 0
peak_memory_mb: 24551.1875
avg_utilization_percent: 99.3629
avg_power_watts: 348.1566
Results saved to results/nvidia_runs/train_resnet50_fp16_bs512_e30_r1.csv
Raw GPU metrics saved to results/nvidia_runs/train_resnet50_fp16_bs512_e30_r1_raw_metrics.csv
