Running on device: NVIDIA GeForce RTX 4090
--- Training PyTorch Model: bert-large | Precision: fp16 | Batch: 64 ---
Epoch 1/20
Epoch 1 time: 18.519s | Last loss: 0.6887
Epoch 2/20
Epoch 2 time: 18.214s | Last loss: 0.7011
Epoch 3/20
Epoch 3 time: 18.223s | Last loss: 0.6869
Epoch 4/20
Epoch 4 time: 18.218s | Last loss: 0.7151
Epoch 5/20
Epoch 5 time: 18.215s | Last loss: 0.7011
Epoch 6/20
Epoch 6 time: 18.217s | Last loss: 0.7390
Epoch 7/20
Epoch 7 time: 18.215s | Last loss: 0.7001
Epoch 8/20
Epoch 8 time: 18.207s | Last loss: 0.7033
Epoch 9/20
Epoch 9 time: 18.437s | Last loss: 0.7048
Epoch 10/20
Epoch 10 time: 18.232s | Last loss: 0.7221
Epoch 11/20
Epoch 11 time: 18.234s | Last loss: 0.7157
Epoch 12/20
Epoch 12 time: 18.229s | Last loss: 0.7171
Epoch 13/20
Epoch 13 time: 18.231s | Last loss: 0.6975
Epoch 14/20
Epoch 14 time: 18.233s | Last loss: 0.7341
Epoch 15/20
Epoch 15 time: 18.227s | Last loss: 0.7099
Epoch 16/20
Epoch 16 time: 18.228s | Last loss: 0.7066
Epoch 17/20
Epoch 17 time: 18.228s | Last loss: 0.7073
Epoch 18/20
Epoch 18 time: 18.214s | Last loss: 0.6968
Epoch 19/20
Epoch 19 time: 18.218s | Last loss: 0.7011
Epoch 20/20
Epoch 20 time: 18.218s | Last loss: 0.6687

--- Benchmark Complete ---
timestamp: 2025-09-19T17:10:36.350181
gpu_vendor: nvidia
gpu_name: NVIDIA GeForce RTX 4090
model: bert-large
precision: fp16
batch_size: 64
epochs: 20
total_time_sec: 364.9882
avg_throughput_samples_per_sec: 350.6963
final_loss: 0.6687
nan_inf_count: 0
skipped_steps: 0
peak_memory_mb: 13895.1875
avg_utilization_percent: 92.3000
avg_power_watts: 359.9957
Results saved to results/nvidia_runs/train_bert-large_fp16_bs64_e20_r1.csv
Raw GPU metrics saved to results/nvidia_runs/train_bert-large_fp16_bs64_e20_r1_raw_metrics.csv
