Running on device: NVIDIA GeForce RTX 4090
--- Training PyTorch Model: resnet50 | Precision: bf16 | Batch: 256 ---
Epoch 1/30
Epoch 1 time: 21.032s | Last loss: 2.3025
Epoch 2/30
Epoch 2 time: 20.479s | Last loss: 2.2990
Epoch 3/30
Epoch 3 time: 20.483s | Last loss: 2.3165
Epoch 4/30
Epoch 4 time: 20.478s | Last loss: 2.3221
Epoch 5/30
Epoch 5 time: 20.475s | Last loss: 2.3184
Epoch 6/30
Epoch 6 time: 20.482s | Last loss: 2.3082
Epoch 7/30
Epoch 7 time: 20.477s | Last loss: 2.3112
Epoch 8/30
Epoch 8 time: 20.477s | Last loss: 2.3127
Epoch 9/30
Epoch 9 time: 20.482s | Last loss: 2.3055
Epoch 10/30
Epoch 10 time: 20.477s | Last loss: 2.3087
Epoch 11/30
Epoch 11 time: 20.477s | Last loss: 2.3081
Epoch 12/30
Epoch 12 time: 20.481s | Last loss: 2.3061
Epoch 13/30
Epoch 13 time: 20.476s | Last loss: 2.3113
Epoch 14/30
Epoch 14 time: 20.476s | Last loss: 2.3062
Epoch 15/30
Epoch 15 time: 20.480s | Last loss: 2.3082
Epoch 16/30
Epoch 16 time: 20.475s | Last loss: 2.3143
Epoch 17/30
Epoch 17 time: 20.476s | Last loss: 2.3197
Epoch 18/30
Epoch 18 time: 20.477s | Last loss: 2.3112
Epoch 19/30
Epoch 19 time: 20.475s | Last loss: 2.3216
Epoch 20/30
Epoch 20 time: 20.475s | Last loss: 2.3079
Epoch 21/30
Epoch 21 time: 20.475s | Last loss: 2.3100
Epoch 22/30
Epoch 22 time: 20.473s | Last loss: 2.3074
Epoch 23/30
Epoch 23 time: 20.475s | Last loss: 2.3015
Epoch 24/30
Epoch 24 time: 20.476s | Last loss: 2.3011
Epoch 25/30
Epoch 25 time: 20.475s | Last loss: 2.2991
Epoch 26/30
Epoch 26 time: 20.476s | Last loss: 2.3169
Epoch 27/30
Epoch 27 time: 20.475s | Last loss: 2.3117
Epoch 28/30
Epoch 28 time: 20.473s | Last loss: 2.3112
Epoch 29/30
Epoch 29 time: 20.475s | Last loss: 2.3071
Epoch 30/30
Epoch 30 time: 20.478s | Last loss: 2.3075

--- Benchmark Complete ---
timestamp: 2025-09-20T12:11:16.670366
gpu_vendor: nvidia
gpu_name: NVIDIA GeForce RTX 4090
model: resnet50
precision: bf16
batch_size: 256
epochs: 30
total_time_sec: 614.8830
avg_throughput_samples_per_sec: 1249.0181
final_loss: 2.3075
nan_inf_count: 0
skipped_steps: 0
peak_memory_mb: 13509.1875
avg_utilization_percent: 99.6380
avg_power_watts: 355.6488
Results saved to results/nvidia_runs/train_resnet50_bf16_bs256_e30_r1.csv
Raw GPU metrics saved to results/nvidia_runs/train_resnet50_bf16_bs256_e30_r1_raw_metrics.csv
