Running on device: NVIDIA GeForce RTX 4090
--- Training PyTorch Model: bert-large | Precision: fp32 | Batch: 32 ---
Epoch 1/20
Epoch 1 time: 15.716s | Last loss: 0.6932
Epoch 2/20
Epoch 2 time: 15.426s | Last loss: 0.6734
Epoch 3/20
Epoch 3 time: 15.458s | Last loss: 0.6886
Epoch 4/20
Epoch 4 time: 15.463s | Last loss: 0.6828
Epoch 5/20
Epoch 5 time: 15.459s | Last loss: 0.6726
Epoch 6/20
Epoch 6 time: 15.461s | Last loss: 0.7043
Epoch 7/20
Epoch 7 time: 15.463s | Last loss: 0.6660
Epoch 8/20
Epoch 8 time: 15.461s | Last loss: 0.7026
Epoch 9/20
Epoch 9 time: 15.683s | Last loss: 0.6507
Epoch 10/20
Epoch 10 time: 15.495s | Last loss: 0.7082
Epoch 11/20
Epoch 11 time: 15.501s | Last loss: 0.7089
Epoch 12/20
Epoch 12 time: 15.500s | Last loss: 0.6929
Epoch 13/20
Epoch 13 time: 15.499s | Last loss: 0.6956
Epoch 14/20
Epoch 14 time: 15.495s | Last loss: 0.6839
Epoch 15/20
Epoch 15 time: 15.498s | Last loss: 0.7030
Epoch 16/20
Epoch 16 time: 15.499s | Last loss: 0.7274
Epoch 17/20
Epoch 17 time: 15.492s | Last loss: 0.6717
Epoch 18/20
Epoch 18 time: 15.494s | Last loss: 0.7163
Epoch 19/20
Epoch 19 time: 15.493s | Last loss: 0.6945
Epoch 20/20
Epoch 20 time: 15.486s | Last loss: 0.7136

--- Benchmark Complete ---
timestamp: 2025-09-19T17:04:06.160862
gpu_vendor: nvidia
gpu_name: NVIDIA GeForce RTX 4090
model: bert-large
precision: fp32
batch_size: 32
epochs: 20
total_time_sec: 310.0727
avg_throughput_samples_per_sec: 206.4032
final_loss: 0.7136
nan_inf_count: 0
skipped_steps: 0
peak_memory_mb: 11529.1875
avg_utilization_percent: 91.4785
avg_power_watts: 397.6490
Results saved to results/nvidia_runs/train_bert-large_fp32_bs32_e20_r1.csv
Raw GPU metrics saved to results/nvidia_runs/train_bert-large_fp32_bs32_e20_r1_raw_metrics.csv
