Running on device: NVIDIA GeForce RTX 4090
--- Training PyTorch Model: resnet50 | Precision: fp16 | Batch: 256 ---
Epoch 1/30
Epoch 1 time: 20.312s | Last loss: 2.3028
Epoch 2/30
Epoch 2 time: 19.725s | Last loss: 2.2994
Epoch 3/30
Epoch 3 time: 19.731s | Last loss: 2.3161
Epoch 4/30
Epoch 4 time: 19.725s | Last loss: 2.3215
Epoch 5/30
Epoch 5 time: 19.725s | Last loss: 2.3176
Epoch 6/30
Epoch 6 time: 19.729s | Last loss: 2.3089
Epoch 7/30
Epoch 7 time: 19.726s | Last loss: 2.3107
Epoch 8/30
Epoch 8 time: 19.725s | Last loss: 2.3124
Epoch 9/30
Epoch 9 time: 19.730s | Last loss: 2.3058
Epoch 10/30
Epoch 10 time: 19.725s | Last loss: 2.3088
Epoch 11/30
Epoch 11 time: 19.727s | Last loss: 2.3073
Epoch 12/30
Epoch 12 time: 19.729s | Last loss: 2.3050
Epoch 13/30
Epoch 13 time: 19.723s | Last loss: 2.3109
Epoch 14/30
Epoch 14 time: 19.722s | Last loss: 2.3055
Epoch 15/30
Epoch 15 time: 19.726s | Last loss: 2.3074
Epoch 16/30
Epoch 16 time: 19.721s | Last loss: 2.3130
Epoch 17/30
Epoch 17 time: 19.721s | Last loss: 2.3191
Epoch 18/30
Epoch 18 time: 19.722s | Last loss: 2.3128
Epoch 19/30
Epoch 19 time: 19.722s | Last loss: 2.3201
Epoch 20/30
Epoch 20 time: 19.721s | Last loss: 2.3083
Epoch 21/30
Epoch 21 time: 19.722s | Last loss: 2.3096
Epoch 22/30
Epoch 22 time: 19.723s | Last loss: 2.3085
Epoch 23/30
Epoch 23 time: 19.719s | Last loss: 2.3028
Epoch 24/30
Epoch 24 time: 19.721s | Last loss: 2.3034
Epoch 25/30
Epoch 25 time: 19.721s | Last loss: 2.2994
Epoch 26/30
Epoch 26 time: 19.719s | Last loss: 2.3179
Epoch 27/30
Epoch 27 time: 19.718s | Last loss: 2.3101
Epoch 28/30
Epoch 28 time: 19.720s | Last loss: 2.3151
Epoch 29/30
Epoch 29 time: 19.718s | Last loss: 2.3051
Epoch 30/30
Epoch 30 time: 19.719s | Last loss: 2.3050

--- Benchmark Complete ---
timestamp: 2025-09-20T12:00:51.922415
gpu_vendor: nvidia
gpu_name: NVIDIA GeForce RTX 4090
model: resnet50
precision: fp16
batch_size: 256
epochs: 30
total_time_sec: 592.3086
avg_throughput_samples_per_sec: 1296.6215
final_loss: 2.3050
nan_inf_count: 0
skipped_steps: 0
peak_memory_mb: 13511.1875
avg_utilization_percent: 98.6610
avg_power_watts: 349.7119
Results saved to results/nvidia_runs/train_resnet50_fp16_bs256_e30_r1.csv
Raw GPU metrics saved to results/nvidia_runs/train_resnet50_fp16_bs256_e30_r1_raw_metrics.csv
