Running on device: NVIDIA L40S
pynvml not found. Please install it for NVIDIA GPU monitoring.
--- Training PyTorch Model: resnet50 | Precision: bf16 | Batch: 256 ---
Epoch 1/30
Epoch 1 time: 24.622s | Last loss: 2.3128
Epoch 2/30
Epoch 2 time: 24.334s | Last loss: 2.3105
Epoch 3/30
Epoch 3 time: 24.325s | Last loss: 2.3139
Epoch 4/30
Epoch 4 time: 24.333s | Last loss: 2.3041
Epoch 5/30
Epoch 5 time: 24.322s | Last loss: 2.3084
Epoch 6/30
Epoch 6 time: 24.322s | Last loss: 2.3087
Epoch 7/30
Epoch 7 time: 24.321s | Last loss: 2.3065
Epoch 8/30
Epoch 8 time: 24.320s | Last loss: 2.3074
Epoch 9/30
Epoch 9 time: 24.321s | Last loss: 2.3046
Epoch 10/30
Epoch 10 time: 24.321s | Last loss: 2.3067
Epoch 11/30
Epoch 11 time: 24.322s | Last loss: 2.3027
Epoch 12/30
Epoch 12 time: 24.319s | Last loss: 2.3090
Epoch 13/30
Epoch 13 time: 24.320s | Last loss: 2.3055
Epoch 14/30
Epoch 14 time: 24.329s | Last loss: 2.3097
Epoch 15/30
Epoch 15 time: 24.321s | Last loss: 2.3021
Epoch 16/30
Epoch 16 time: 24.316s | Last loss: 2.3058
Epoch 17/30
Epoch 17 time: 24.318s | Last loss: 2.3092
Epoch 18/30
Epoch 18 time: 24.320s | Last loss: 2.3057
Epoch 19/30
Epoch 19 time: 24.318s | Last loss: 2.3099
Epoch 20/30
Epoch 20 time: 24.318s | Last loss: 2.3079
Epoch 21/30
Epoch 21 time: 24.310s | Last loss: 2.3120
Epoch 22/30
Epoch 22 time: 24.300s | Last loss: 2.3027
Epoch 23/30
Epoch 23 time: 24.301s | Last loss: 2.3065
Epoch 24/30
Epoch 24 time: 24.301s | Last loss: 2.3051
Epoch 25/30
Epoch 25 time: 24.302s | Last loss: 2.3224
Epoch 26/30
Epoch 26 time: 24.308s | Last loss: 2.3097
Epoch 27/30
Epoch 27 time: 24.297s | Last loss: 2.3068
Epoch 28/30
Epoch 28 time: 24.302s | Last loss: 2.3090
Epoch 29/30
Epoch 29 time: 24.301s | Last loss: 2.3131
Epoch 30/30
Epoch 30 time: 24.297s | Last loss: 2.3037

--- Benchmark Complete ---
timestamp: 2025-10-12T18:54:58.494468
gpu_vendor: nvidia
gpu_name: NVIDIA L40S
model: resnet50
precision: bf16
batch_size: 256
epochs: 30
total_time_sec: 729.7762
avg_throughput_samples_per_sec: 1052.3775
final_loss: 2.3037
nan_inf_count: 0
skipped_steps: 0
peak_memory_mb: 0
avg_utilization_percent: 0
avg_power_watts: 0
Results saved to results/ai_nvidia_runs/train_resnet50_bf16_bs256_e30_r1.csv
Raw GPU metrics saved to results/ai_nvidia_runs/train_resnet50_bf16_bs256_e30_r1_raw_metrics.csv
