Running on device: NVIDIA L40S
--- Training PyTorch Model: bert-large | Precision: fp32 | Batch: 32 ---
Epoch 1/20
Epoch 1 time: 14.752s | Last loss: 0.6694
Epoch 2/20
Epoch 2 time: 14.575s | Last loss: 0.7645
Epoch 3/20
Epoch 3 time: 14.615s | Last loss: 0.7112
Epoch 4/20
Epoch 4 time: 14.663s | Last loss: 0.7191
Epoch 5/20
Epoch 5 time: 14.670s | Last loss: 0.6734
Epoch 6/20
Epoch 6 time: 14.716s | Last loss: 0.6691
Epoch 7/20
Epoch 7 time: 14.711s | Last loss: 0.6978
Epoch 8/20
Epoch 8 time: 14.696s | Last loss: 0.7026
Epoch 9/20
Epoch 9 time: 14.765s | Last loss: 0.7383
Epoch 10/20
Epoch 10 time: 14.698s | Last loss: 0.7113
Epoch 11/20
Epoch 11 time: 14.704s | Last loss: 0.7261
Epoch 12/20
Epoch 12 time: 14.696s | Last loss: 0.6701
Epoch 13/20
Epoch 13 time: 14.697s | Last loss: 0.7098
Epoch 14/20
Epoch 14 time: 14.711s | Last loss: 0.7209
Epoch 15/20
Epoch 15 time: 14.729s | Last loss: 0.6786
Epoch 16/20
Epoch 16 time: 14.726s | Last loss: 0.7064
Epoch 17/20
Epoch 17 time: 14.720s | Last loss: 0.7168
Epoch 18/20
Epoch 18 time: 14.710s | Last loss: 0.7210
Epoch 19/20
Epoch 19 time: 14.714s | Last loss: 0.7384
Epoch 20/20
Epoch 20 time: 14.717s | Last loss: 0.6970

--- Benchmark Complete ---
timestamp: 2025-10-17T07:58:57.816234
gpu_vendor: nvidia
gpu_name: NVIDIA L40S
model: bert-large
precision: fp32
batch_size: 32
epochs: 20
total_time_sec: 294.0032
avg_throughput_samples_per_sec: 217.6847
final_loss: 0.6970
nan_inf_count: 0
skipped_steps: 0
peak_memory_mb: 11713.7500
avg_utilization_percent: 96.1538
avg_power_watts: 313.0045
Results saved to results/ai_nvidia_runs/train_bert-large_fp32_bs32_e20_r1.csv
Raw GPU metrics saved to results/ai_nvidia_runs/train_bert-large_fp32_bs32_e20_r1_raw_metrics.csv
