Running on device: NVIDIA L40S
--- Training PyTorch Model: bert-large | Precision: bf16 | Batch: 64 ---
Epoch 1/20
Epoch 1 time: 17.811s | Last loss: 0.6758
Epoch 2/20
Epoch 2 time: 17.489s | Last loss: 0.7080
Epoch 3/20
Epoch 3 time: 17.494s | Last loss: 0.6865
Epoch 4/20
Epoch 4 time: 17.486s | Last loss: 0.6877
Epoch 5/20
Epoch 5 time: 17.489s | Last loss: 0.7068
Epoch 6/20
Epoch 6 time: 17.484s | Last loss: 0.7040
Epoch 7/20
Epoch 7 time: 17.480s | Last loss: 0.6911
Epoch 8/20
Epoch 8 time: 17.486s | Last loss: 0.6954
Epoch 9/20
Epoch 9 time: 17.512s | Last loss: 0.7158
Epoch 10/20
Epoch 10 time: 17.476s | Last loss: 0.7196
Epoch 11/20
Epoch 11 time: 17.474s | Last loss: 0.6686
Epoch 12/20
Epoch 12 time: 17.473s | Last loss: 0.7162
Epoch 13/20
Epoch 13 time: 17.472s | Last loss: 0.7458
Epoch 14/20
Epoch 14 time: 17.475s | Last loss: 0.6849
Epoch 15/20
Epoch 15 time: 17.473s | Last loss: 0.7231
Epoch 16/20
Epoch 16 time: 17.469s | Last loss: 0.7297
Epoch 17/20
Epoch 17 time: 17.472s | Last loss: 0.6966
Epoch 18/20
Epoch 18 time: 17.471s | Last loss: 0.6947
Epoch 19/20
Epoch 19 time: 17.470s | Last loss: 0.6877
Epoch 20/20
Epoch 20 time: 17.466s | Last loss: 0.6892

--- Benchmark Complete ---
timestamp: 2025-10-17T08:11:07.703788
gpu_vendor: nvidia
gpu_name: NVIDIA L40S
model: bert-large
precision: bf16
batch_size: 64
epochs: 20
total_time_sec: 349.9404
avg_throughput_samples_per_sec: 365.7766
final_loss: 0.6892
nan_inf_count: 0
skipped_steps: 0
peak_memory_mb: 14079.7500
avg_utilization_percent: 97.2338
avg_power_watts: 311.9816
Results saved to results/ai_nvidia_runs/train_bert-large_bf16_bs64_e20_r1.csv
Raw GPU metrics saved to results/ai_nvidia_runs/train_bert-large_bf16_bs64_e20_r1_raw_metrics.csv
