Running on device: NVIDIA L40S
pynvml not found. Please install it for NVIDIA GPU monitoring.
--- Training PyTorch Model: resnet50 | Precision: fp32 | Batch: 128 ---
Epoch 1/30
Epoch 1 time: 21.479s | Last loss: 2.3251
Epoch 2/30
Epoch 2 time: 21.228s | Last loss: 2.2962
Epoch 3/30
Epoch 3 time: 21.226s | Last loss: 2.3289
Epoch 4/30
Epoch 4 time: 21.223s | Last loss: 2.3283
Epoch 5/30
Epoch 5 time: 21.224s | Last loss: 2.3179
Epoch 6/30
Epoch 6 time: 21.222s | Last loss: 2.2897
Epoch 7/30
Epoch 7 time: 21.223s | Last loss: 2.2963
Epoch 8/30
Epoch 8 time: 21.223s | Last loss: 2.2994
Epoch 9/30
Epoch 9 time: 21.224s | Last loss: 2.3201
Epoch 10/30
Epoch 10 time: 21.226s | Last loss: 2.3150
Epoch 11/30
Epoch 11 time: 21.223s | Last loss: 2.3165
Epoch 12/30
Epoch 12 time: 21.221s | Last loss: 2.3203
Epoch 13/30
Epoch 13 time: 21.222s | Last loss: 2.3158
Epoch 14/30
Epoch 14 time: 21.220s | Last loss: 2.3210
Epoch 15/30
Epoch 15 time: 21.220s | Last loss: 2.2967
Epoch 16/30
Epoch 16 time: 21.215s | Last loss: 2.2836
Epoch 17/30
Epoch 17 time: 21.215s | Last loss: 2.2928
Epoch 18/30
Epoch 18 time: 21.214s | Last loss: 2.3078
Epoch 19/30
Epoch 19 time: 21.212s | Last loss: 2.3077
Epoch 20/30
Epoch 20 time: 21.212s | Last loss: 2.3170
Epoch 21/30
Epoch 21 time: 21.214s | Last loss: 2.3056
Epoch 22/30
Epoch 22 time: 21.212s | Last loss: 2.3011
Epoch 23/30
Epoch 23 time: 21.212s | Last loss: 2.3105
Epoch 24/30
Epoch 24 time: 21.210s | Last loss: 2.3097
Epoch 25/30
Epoch 25 time: 21.210s | Last loss: 2.3151
Epoch 26/30
Epoch 26 time: 21.211s | Last loss: 2.3073
Epoch 27/30
Epoch 27 time: 21.211s | Last loss: 2.2877
Epoch 28/30
Epoch 28 time: 21.211s | Last loss: 2.3004
Epoch 29/30
Epoch 29 time: 21.210s | Last loss: 2.3123
Epoch 30/30
Epoch 30 time: 21.211s | Last loss: 2.3063

--- Benchmark Complete ---
timestamp: 2025-10-12T18:30:58.727377
gpu_vendor: nvidia
gpu_name: NVIDIA L40S
model: resnet50
precision: fp32
batch_size: 128
epochs: 30
total_time_sec: 636.7960
avg_throughput_samples_per_sec: 603.0189
final_loss: 2.3063
nan_inf_count: 0
skipped_steps: 0
peak_memory_mb: 0
avg_utilization_percent: 0
avg_power_watts: 0
Results saved to results/ai_nvidia_runs/train_resnet50_fp32_bs128_e30_r1.csv
Raw GPU metrics saved to results/ai_nvidia_runs/train_resnet50_fp32_bs128_e30_r1_raw_metrics.csv
