Running on device: NVIDIA L40S
--- Training PyTorch Model: bert-large | Precision: fp16 | Batch: 64 ---
Epoch 1/20
Epoch 1 time: 18.559s | Last loss: 0.6710
Epoch 2/20
Epoch 2 time: 18.193s | Last loss: 0.7042
Epoch 3/20
Epoch 3 time: 18.172s | Last loss: 0.6945
Epoch 4/20
Epoch 4 time: 18.151s | Last loss: 0.6844
Epoch 5/20
Epoch 5 time: 18.150s | Last loss: 0.7028
Epoch 6/20
Epoch 6 time: 18.123s | Last loss: 0.6978
Epoch 7/20
Epoch 7 time: 18.112s | Last loss: 0.6889
Epoch 8/20
Epoch 8 time: 18.094s | Last loss: 0.7029
Epoch 9/20
Epoch 9 time: 18.176s | Last loss: 0.7125
Epoch 10/20
Epoch 10 time: 18.081s | Last loss: 0.7145
Epoch 11/20
Epoch 11 time: 18.070s | Last loss: 0.6701
Epoch 12/20
Epoch 12 time: 18.104s | Last loss: 0.7232
Epoch 13/20
Epoch 13 time: 18.074s | Last loss: 0.7616
Epoch 14/20
Epoch 14 time: 18.089s | Last loss: 0.6845
Epoch 15/20
Epoch 15 time: 18.084s | Last loss: 0.7308
Epoch 16/20
Epoch 16 time: 18.089s | Last loss: 0.7326
Epoch 17/20
Epoch 17 time: 18.073s | Last loss: 0.6948
Epoch 18/20
Epoch 18 time: 18.064s | Last loss: 0.6926
Epoch 19/20
Epoch 19 time: 18.075s | Last loss: 0.6915
Epoch 20/20
Epoch 20 time: 18.064s | Last loss: 0.6984

--- Benchmark Complete ---
timestamp: 2025-10-17T08:05:09.034238
gpu_vendor: nvidia
gpu_name: NVIDIA L40S
model: bert-large
precision: fp16
batch_size: 64
epochs: 20
total_time_sec: 362.6197
avg_throughput_samples_per_sec: 352.9868
final_loss: 0.6984
nan_inf_count: 0
skipped_steps: 0
peak_memory_mb: 14079.7500
avg_utilization_percent: 95.8967
avg_power_watts: 303.5026
Results saved to results/ai_nvidia_runs/train_bert-large_fp16_bs64_e20_r1.csv
Raw GPU metrics saved to results/ai_nvidia_runs/train_bert-large_fp16_bs64_e20_r1_raw_metrics.csv
