Running on device: NVIDIA L40S
--- Training PyTorch Model: gpt2 | Precision: bf16 | Batch: 64 ---
Epoch 1/15
Epoch 1 time: 18.408s | Last loss: 10.8949
Epoch 2/15
Epoch 2 time: 18.109s | Last loss: 10.8695
Epoch 3/15
Epoch 3 time: 18.117s | Last loss: 10.8651
Epoch 4/15
Epoch 4 time: 18.099s | Last loss: 10.8582
Epoch 5/15
Epoch 5 time: 18.097s | Last loss: 10.8495
Epoch 6/15
Epoch 6 time: 18.094s | Last loss: 10.8517
Epoch 7/15
Epoch 7 time: 18.091s | Last loss: 10.8509
Epoch 8/15
Epoch 8 time: 18.086s | Last loss: 10.8460
Epoch 9/15
Epoch 9 time: 18.084s | Last loss: 10.8503
Epoch 10/15
Epoch 10 time: 18.085s | Last loss: 10.8514
Epoch 11/15
Epoch 11 time: 18.076s | Last loss: 10.8508
Epoch 12/15
Epoch 12 time: 18.084s | Last loss: 10.8475
Epoch 13/15
Epoch 13 time: 18.074s | Last loss: 10.8468
Epoch 14/15
Epoch 14 time: 18.082s | Last loss: 10.8501
Epoch 15/15
Epoch 15 time: 18.076s | Last loss: 10.8539

--- Benchmark Complete ---
timestamp: 2025-10-17T08:23:05.814773
gpu_vendor: nvidia
gpu_name: NVIDIA L40S
model: gpt2
precision: bf16
batch_size: 64
epochs: 15
total_time_sec: 271.6688
avg_throughput_samples_per_sec: 353.3715
final_loss: 10.8539
nan_inf_count: 0
skipped_steps: 0
peak_memory_mb: 17101.7500
avg_utilization_percent: 97.8285
avg_power_watts: 305.9236
Results saved to results/ai_nvidia_runs/train_gpt2_bf16_bs64_e15_r1.csv
Raw GPU metrics saved to results/ai_nvidia_runs/train_gpt2_bf16_bs64_e15_r1_raw_metrics.csv
