Running on device: NVIDIA L40S
--- Training PyTorch Model: gpt2 | Precision: fp32 | Batch: 32 ---
Epoch 1/15
Epoch 1 time: 10.252s | Last loss: 10.9063
Epoch 2/15
Epoch 2 time: 9.994s | Last loss: 10.8790
Epoch 3/15
Epoch 3 time: 9.997s | Last loss: 10.8617
Epoch 4/15
Epoch 4 time: 9.997s | Last loss: 10.8586
Epoch 5/15
Epoch 5 time: 9.996s | Last loss: 10.8514
Epoch 6/15
Epoch 6 time: 9.996s | Last loss: 10.8530
Epoch 7/15
Epoch 7 time: 9.998s | Last loss: 10.8493
Epoch 8/15
Epoch 8 time: 9.994s | Last loss: 10.8495
Epoch 9/15
Epoch 9 time: 9.998s | Last loss: 10.8427
Epoch 10/15
Epoch 10 time: 9.997s | Last loss: 10.8439
Epoch 11/15
Epoch 11 time: 9.990s | Last loss: 10.8427
Epoch 12/15
Epoch 12 time: 9.982s | Last loss: 10.8415
Epoch 13/15
Epoch 13 time: 9.996s | Last loss: 10.8482
Epoch 14/15
Epoch 14 time: 9.997s | Last loss: 10.8434
Epoch 15/15
Epoch 15 time: 9.993s | Last loss: 10.8422

--- Benchmark Complete ---
timestamp: 2025-10-17T08:13:44.092301
gpu_vendor: nvidia
gpu_name: NVIDIA L40S
model: gpt2
precision: fp32
batch_size: 32
epochs: 15
total_time_sec: 150.1845
avg_throughput_samples_per_sec: 319.6068
final_loss: 10.8422
nan_inf_count: 0
skipped_steps: 0
peak_memory_mb: 10723.7500
avg_utilization_percent: 96.9608
avg_power_watts: 310.6803
Results saved to results/ai_nvidia_runs/train_gpt2_fp32_bs32_e15_r1.csv
Raw GPU metrics saved to results/ai_nvidia_runs/train_gpt2_fp32_bs32_e15_r1_raw_metrics.csv
