Running on device: NVIDIA L40S
pynvml not found. Please install it for NVIDIA GPU monitoring.
--- Training PyTorch Model: resnet50 | Precision: fp16 | Batch: 256 ---
Epoch 1/30
Epoch 1 time: 23.789s | Last loss: 2.3126
Epoch 2/30
Epoch 2 time: 23.452s | Last loss: 2.3111
Epoch 3/30
Epoch 3 time: 23.447s | Last loss: 2.3133
Epoch 4/30
Epoch 4 time: 23.438s | Last loss: 2.3045
Epoch 5/30
Epoch 5 time: 23.441s | Last loss: 2.3076
Epoch 6/30
Epoch 6 time: 23.438s | Last loss: 2.3098
Epoch 7/30
Epoch 7 time: 23.439s | Last loss: 2.3069
Epoch 8/30
Epoch 8 time: 23.444s | Last loss: 2.3075
Epoch 9/30
Epoch 9 time: 23.439s | Last loss: 2.3041
Epoch 10/30
Epoch 10 time: 23.442s | Last loss: 2.3067
Epoch 11/30
Epoch 11 time: 23.447s | Last loss: 2.3019
Epoch 12/30
Epoch 12 time: 23.445s | Last loss: 2.3102
Epoch 13/30
Epoch 13 time: 23.446s | Last loss: 2.3057
Epoch 14/30
Epoch 14 time: 23.449s | Last loss: 2.3084
Epoch 15/30
Epoch 15 time: 23.439s | Last loss: 2.3016
Epoch 16/30
Epoch 16 time: 23.436s | Last loss: 2.3045
Epoch 17/30
Epoch 17 time: 23.432s | Last loss: 2.3094
Epoch 18/30
Epoch 18 time: 23.435s | Last loss: 2.3082
Epoch 19/30
Epoch 19 time: 23.434s | Last loss: 2.3108
Epoch 20/30
Epoch 20 time: 23.434s | Last loss: 2.3083
Epoch 21/30
Epoch 21 time: 23.441s | Last loss: 2.3142
Epoch 22/30
Epoch 22 time: 23.443s | Last loss: 2.3020
Epoch 23/30
Epoch 23 time: 23.446s | Last loss: 2.3068
Epoch 24/30
Epoch 24 time: 23.439s | Last loss: 2.3036
Epoch 25/30
Epoch 25 time: 23.440s | Last loss: 2.3217
Epoch 26/30
Epoch 26 time: 23.439s | Last loss: 2.3096
Epoch 27/30
Epoch 27 time: 23.449s | Last loss: 2.3064
Epoch 28/30
Epoch 28 time: 23.447s | Last loss: 2.3089
Epoch 29/30
Epoch 29 time: 23.439s | Last loss: 2.3128
Epoch 30/30
Epoch 30 time: 23.447s | Last loss: 2.3026

--- Benchmark Complete ---
timestamp: 2025-10-12T18:42:45.461726
gpu_vendor: nvidia
gpu_name: NVIDIA L40S
model: resnet50
precision: fp16
batch_size: 256
epochs: 30
total_time_sec: 703.6132
avg_throughput_samples_per_sec: 1091.5088
final_loss: 2.3026
nan_inf_count: 0
skipped_steps: 0
peak_memory_mb: 0
avg_utilization_percent: 0
avg_power_watts: 0
Results saved to results/ai_nvidia_runs/train_resnet50_fp16_bs256_e30_r1.csv
Raw GPU metrics saved to results/ai_nvidia_runs/train_resnet50_fp16_bs256_e30_r1_raw_metrics.csv
