Running on device: Radeon RX 7900 XT
--- Training PyTorch Model: bert-large | Precision: bf16 | Batch: 64 ---
Epoch 1/20
Epoch 1 time: 40.627s | Last loss: 0.7869
Epoch 2/20
Epoch 2 time: 40.340s | Last loss: 0.6956
Epoch 3/20
Epoch 3 time: 40.328s | Last loss: 0.7084
Epoch 4/20
Epoch 4 time: 40.243s | Last loss: 0.6932
Epoch 5/20
Epoch 5 time: 40.341s | Last loss: 0.7375
Epoch 6/20
Epoch 6 time: 40.352s | Last loss: 0.7054
Epoch 7/20
Epoch 7 time: 40.359s | Last loss: 0.6870
Epoch 8/20
Epoch 8 time: 40.348s | Last loss: 0.6977
Epoch 9/20
Epoch 9 time: 40.368s | Last loss: 0.6886
Epoch 10/20
Epoch 10 time: 40.407s | Last loss: 0.7066
Epoch 11/20
Epoch 11 time: 40.411s | Last loss: 0.7041
Epoch 12/20
Epoch 12 time: 40.428s | Last loss: 0.6926
Epoch 13/20
Epoch 13 time: 40.535s | Last loss: 0.6822
Epoch 14/20
Epoch 14 time: 40.454s | Last loss: 0.7000
Epoch 15/20
Epoch 15 time: 40.538s | Last loss: 0.6956
Epoch 16/20
Epoch 16 time: 40.509s | Last loss: 0.6829
Epoch 17/20
Epoch 17 time: 40.461s | Last loss: 0.7153
Epoch 18/20
Epoch 18 time: 40.375s | Last loss: 0.6846
Epoch 19/20
Epoch 19 time: 40.359s | Last loss: 0.7215
Epoch 20/20
Epoch 20 time: 40.383s | Last loss: 0.6977

--- Benchmark Complete ---
timestamp: 2025-09-20T16:31:46.910636
gpu_vendor: amd
gpu_name: Radeon RX 7900 XT
model: bert-large
precision: bf16
batch_size: 64
epochs: 20
total_time_sec: 808.1815
avg_throughput_samples_per_sec: 158.3803
final_loss: 0.6977
nan_inf_count: 0
skipped_steps: 0
peak_memory_mb: 13569.9531
avg_utilization_percent: 97.9022
avg_power_watts: 269.9914
Results saved to results/amd_runs/v2/train_bert-large_bf16_bs64_e20_r1.csv
Raw GPU metrics saved to results/amd_runs/v2/train_bert-large_bf16_bs64_e20_r1_raw_metrics.csv
