Running on device: Radeon RX 7900 XT
--- Training PyTorch Model: resnet50 | Precision: fp16 | Batch: 256 ---
Epoch 1/30
Epoch 1 time: 42.617s | Last loss: 2.3029
Epoch 2/30
Epoch 2 time: 42.293s | Last loss: 2.3145
Epoch 3/30
Epoch 3 time: 42.378s | Last loss: 2.3053
Epoch 4/30
Epoch 4 time: 42.410s | Last loss: 2.3140
Epoch 5/30
Epoch 5 time: 42.443s | Last loss: 2.3011
Epoch 6/30
Epoch 6 time: 42.476s | Last loss: 2.2986
Epoch 7/30
Epoch 7 time: 42.500s | Last loss: 2.3010
Epoch 8/30
Epoch 8 time: 42.498s | Last loss: 2.3072
Epoch 9/30
Epoch 9 time: 42.510s | Last loss: 2.3087
Epoch 10/30
Epoch 10 time: 42.512s | Last loss: 2.3116
Epoch 11/30
Epoch 11 time: 42.506s | Last loss: 2.3052
Epoch 12/30
Epoch 12 time: 42.510s | Last loss: 2.3150
Epoch 13/30
Epoch 13 time: 42.490s | Last loss: 2.3125
Epoch 14/30
Epoch 14 time: 42.505s | Last loss: 2.3025
Epoch 15/30
Epoch 15 time: 42.514s | Last loss: 2.3133
Epoch 16/30
Epoch 16 time: 42.541s | Last loss: 2.3071
Epoch 17/30
Epoch 17 time: 42.523s | Last loss: 2.3133
Epoch 18/30
Epoch 18 time: 42.523s | Last loss: 2.3097
Epoch 19/30
Epoch 19 time: 42.533s | Last loss: 2.3097
Epoch 20/30
Epoch 20 time: 42.531s | Last loss: 2.3135
Epoch 21/30
Epoch 21 time: 42.560s | Last loss: 2.3123
Epoch 22/30
Epoch 22 time: 42.583s | Last loss: 2.3062
Epoch 23/30
Epoch 23 time: 42.584s | Last loss: 2.3100
Epoch 24/30
Epoch 24 time: 42.568s | Last loss: 2.3044
Epoch 25/30
Epoch 25 time: 42.567s | Last loss: 2.3050
Epoch 26/30
Epoch 26 time: 42.572s | Last loss: 2.3012
Epoch 27/30
Epoch 27 time: 42.553s | Last loss: 2.3001
Epoch 28/30
Epoch 28 time: 42.547s | Last loss: 2.3111
Epoch 29/30
Epoch 29 time: 42.546s | Last loss: 2.3076
Epoch 30/30
Epoch 30 time: 42.555s | Last loss: 2.2939

--- Benchmark Complete ---
timestamp: 2025-09-20T13:17:26.311466
gpu_vendor: amd
gpu_name: Radeon RX 7900 XT
model: resnet50
precision: fp16
batch_size: 256
epochs: 30
total_time_sec: 1275.4557
avg_throughput_samples_per_sec: 602.1377
final_loss: 2.2939
nan_inf_count: 0
skipped_steps: 0
peak_memory_mb: 13109.8125
avg_utilization_percent: 99.8676
avg_power_watts: 272.5878
Results saved to results/amd_runs/v2/train_resnet50_fp16_bs256_e30_r2.csv
Raw GPU metrics saved to results/amd_runs/v2/train_resnet50_fp16_bs256_e30_r2_raw_metrics.csv
