Running on device: Radeon RX 7900 XT
--- Training PyTorch Model: gpt2 | Precision: fp32 | Batch: 32 ---
Epoch 1/15
Epoch 1 time: 48.791s | Last loss: 10.8980
Epoch 2/15
Epoch 2 time: 48.470s | Last loss: 10.8694
Epoch 3/15
Epoch 3 time: 48.570s | Last loss: 10.8664
Epoch 4/15
Epoch 4 time: 48.677s | Last loss: 10.8539
Epoch 5/15
Epoch 5 time: 48.693s | Last loss: 10.8505
Epoch 6/15
Epoch 6 time: 48.661s | Last loss: 10.8540
Epoch 7/15
Epoch 7 time: 48.814s | Last loss: 10.8497
Epoch 8/15
Epoch 8 time: 48.836s | Last loss: 10.8496
Epoch 9/15
Epoch 9 time: 48.862s | Last loss: 10.8471
Epoch 10/15
Epoch 10 time: 48.741s | Last loss: 10.8459
Epoch 11/15
Epoch 11 time: 48.749s | Last loss: 10.8426
Epoch 12/15
Epoch 12 time: 48.843s | Last loss: 10.8420
Epoch 13/15
Epoch 13 time: 48.817s | Last loss: 10.8383
Epoch 14/15
Epoch 14 time: 48.858s | Last loss: 10.8402
Epoch 15/15
Epoch 15 time: 48.825s | Last loss: 10.8394

--- Benchmark Complete ---
timestamp: 2025-09-20T16:58:08.664930
gpu_vendor: amd
gpu_name: Radeon RX 7900 XT
model: gpt2
precision: fp32
batch_size: 32
epochs: 15
total_time_sec: 731.2125
avg_throughput_samples_per_sec: 65.6444
final_loss: 10.8394
nan_inf_count: 0
skipped_steps: 0
peak_memory_mb: 10407.4023
avg_utilization_percent: 98.6284
avg_power_watts: 270.0770
Results saved to results/amd_runs/v2/train_gpt2_fp32_bs32_e15_r1.csv
Raw GPU metrics saved to results/amd_runs/v2/train_gpt2_fp32_bs32_e15_r1_raw_metrics.csv
