Running on device: Radeon RX 7900 XT
--- Training PyTorch Model: gpt2 | Precision: fp16 | Batch: 64 ---
Epoch 1/15
Epoch 1 time: 25.520s | Last loss: 10.8917
Epoch 2/15
Epoch 2 time: 25.109s | Last loss: 10.8676
Epoch 3/15
Epoch 3 time: 25.133s | Last loss: 10.8572
Epoch 4/15
Epoch 4 time: 25.127s | Last loss: 10.8480
Epoch 5/15
Epoch 5 time: 25.125s | Last loss: 10.8517
Epoch 6/15
Epoch 6 time: 25.167s | Last loss: 10.8487
Epoch 7/15
Epoch 7 time: 25.195s | Last loss: 10.8429
Epoch 8/15
Epoch 8 time: 25.173s | Last loss: 10.8411
Epoch 9/15
Epoch 9 time: 25.198s | Last loss: 10.8427
Epoch 10/15
Epoch 10 time: 25.215s | Last loss: 10.8431
Epoch 11/15
Epoch 11 time: 25.192s | Last loss: 10.8399
Epoch 12/15
Epoch 12 time: 25.200s | Last loss: 10.8391
Epoch 13/15
Epoch 13 time: 25.198s | Last loss: 10.8393
Epoch 14/15
Epoch 14 time: 25.244s | Last loss: 10.8350
Epoch 15/15
Epoch 15 time: 25.240s | Last loss: 10.8378

--- Benchmark Complete ---
timestamp: 2025-09-20T17:23:58.675381
gpu_vendor: amd
gpu_name: Radeon RX 7900 XT
model: gpt2
precision: fp16
batch_size: 64
epochs: 15
total_time_sec: 378.0428
avg_throughput_samples_per_sec: 253.9395
final_loss: 10.8378
nan_inf_count: 0
skipped_steps: 0
peak_memory_mb: 16476.0977
avg_utilization_percent: 96.8015
avg_power_watts: 266.5541
Results saved to results/amd_runs/v2/train_gpt2_fp16_bs64_e15_r2.csv
Raw GPU metrics saved to results/amd_runs/v2/train_gpt2_fp16_bs64_e15_r2_raw_metrics.csv
