Running on device: Radeon RX 7900 XT
--- Training PyTorch Model: bert-large | Precision: fp32 | Batch: 32 ---
Epoch 1/20
Epoch 1 time: 126.309s | Last loss: 0.7211
Epoch 2/20
Epoch 2 time: 126.172s | Last loss: 0.7335
Epoch 3/20
Epoch 3 time: 126.132s | Last loss: 0.7160
Epoch 4/20
Epoch 4 time: 126.166s | Last loss: 0.6800
Epoch 5/20
Epoch 5 time: 126.163s | Last loss: 0.7605
Epoch 6/20
Epoch 6 time: 126.094s | Last loss: 0.6862
Epoch 7/20
Epoch 7 time: 126.201s | Last loss: 0.7030
Epoch 8/20
Epoch 8 time: 126.102s | Last loss: 0.7096
Epoch 9/20
Epoch 9 time: 126.107s | Last loss: 0.6901
Epoch 10/20
Epoch 10 time: 126.141s | Last loss: 0.6289
Epoch 11/20
Epoch 11 time: 126.076s | Last loss: 0.6616
Epoch 12/20
Epoch 12 time: 126.059s | Last loss: 0.7042
Epoch 13/20
Epoch 13 time: 126.055s | Last loss: 0.7377
Epoch 14/20
Epoch 14 time: 126.119s | Last loss: 0.7447
Epoch 15/20
Epoch 15 time: 126.108s | Last loss: 0.6818
Epoch 16/20
Epoch 16 time: 126.135s | Last loss: 0.6756
Epoch 17/20
Epoch 17 time: 126.190s | Last loss: 0.7437
Epoch 18/20
Epoch 18 time: 126.113s | Last loss: 0.7161
Epoch 19/20
Epoch 19 time: 126.122s | Last loss: 0.6759
Epoch 20/20
Epoch 20 time: 126.072s | Last loss: 0.7225

--- Benchmark Complete ---
timestamp: 2025-09-20T15:09:05.694714
gpu_vendor: amd
gpu_name: Radeon RX 7900 XT
model: bert-large
precision: fp32
batch_size: 32
epochs: 20
total_time_sec: 2522.6514
avg_throughput_samples_per_sec: 25.3701
final_loss: 0.7225
nan_inf_count: 0
skipped_steps: 0
peak_memory_mb: 12058.7305
avg_utilization_percent: 99.3646
avg_power_watts: 272.8538
Results saved to results/amd_runs/v2/train_bert-large_fp32_bs32_e20_r1.csv
Raw GPU metrics saved to results/amd_runs/v2/train_bert-large_fp32_bs32_e20_r1_raw_metrics.csv
