Running on device: Radeon RX 7900 XT
--- Training PyTorch Model: bert-large | Precision: fp16 | Batch: 64 ---
Epoch 1/20
Epoch 1 time: 38.944s | Last loss: 0.7839
Epoch 2/20
Epoch 2 time: 38.743s | Last loss: 0.6961
Epoch 3/20
Epoch 3 time: 38.535s | Last loss: 0.7102
Epoch 4/20
Epoch 4 time: 38.576s | Last loss: 0.6923
Epoch 5/20
Epoch 5 time: 38.583s | Last loss: 0.7355
Epoch 6/20
Epoch 6 time: 38.600s | Last loss: 0.7078
Epoch 7/20
Epoch 7 time: 38.614s | Last loss: 0.6880
Epoch 8/20
Epoch 8 time: 38.596s | Last loss: 0.6998
Epoch 9/20
Epoch 9 time: 38.620s | Last loss: 0.6874
Epoch 10/20
Epoch 10 time: 38.628s | Last loss: 0.7080
Epoch 11/20
Epoch 11 time: 38.635s | Last loss: 0.7055
Epoch 12/20
Epoch 12 time: 38.629s | Last loss: 0.6910
Epoch 13/20
Epoch 13 time: 38.611s | Last loss: 0.6832
Epoch 14/20
Epoch 14 time: 38.617s | Last loss: 0.7007
Epoch 15/20
Epoch 15 time: 38.590s | Last loss: 0.6944
Epoch 16/20
Epoch 16 time: 38.586s | Last loss: 0.6816
Epoch 17/20
Epoch 17 time: 38.595s | Last loss: 0.7148
Epoch 18/20
Epoch 18 time: 38.542s | Last loss: 0.6835
Epoch 19/20
Epoch 19 time: 38.519s | Last loss: 0.7210
Epoch 20/20
Epoch 20 time: 38.512s | Last loss: 0.6960

--- Benchmark Complete ---
timestamp: 2025-09-20T16:04:43.432848
gpu_vendor: amd
gpu_name: Radeon RX 7900 XT
model: bert-large
precision: fp16
batch_size: 64
epochs: 20
total_time_sec: 772.2921
avg_throughput_samples_per_sec: 165.7404
final_loss: 0.6960
nan_inf_count: 0
skipped_steps: 0
peak_memory_mb: 13564.5234
avg_utilization_percent: 97.5364
avg_power_watts: 269.7778
Results saved to results/amd_runs/v2/train_bert-large_fp16_bs64_e20_r1.csv
Raw GPU metrics saved to results/amd_runs/v2/train_bert-large_fp16_bs64_e20_r1_raw_metrics.csv
