Running on device: Radeon RX 7900 XT
--- Training PyTorch Model: resnet50 | Precision: fp32 | Batch: 128 ---
Epoch 1/30
Epoch 1 time: 44.704s | Last loss: 2.2977
Epoch 2/30
Epoch 2 time: 44.196s | Last loss: 2.3307
Epoch 3/30
Epoch 3 time: 44.271s | Last loss: 2.3025
Epoch 4/30
Epoch 4 time: 44.314s | Last loss: 2.2955
Epoch 5/30
Epoch 5 time: 44.285s | Last loss: 2.2969
Epoch 6/30
Epoch 6 time: 44.270s | Last loss: 2.3213
Epoch 7/30
Epoch 7 time: 44.321s | Last loss: 2.3126
Epoch 8/30
Epoch 8 time: 44.310s | Last loss: 2.3018
Epoch 9/30
Epoch 9 time: 44.395s | Last loss: 2.3096
Epoch 10/30
Epoch 10 time: 44.353s | Last loss: 2.3107
Epoch 11/30
Epoch 11 time: 44.357s | Last loss: 2.3201
Epoch 12/30
Epoch 12 time: 44.351s | Last loss: 2.3024
Epoch 13/30
Epoch 13 time: 44.322s | Last loss: 2.3330
Epoch 14/30
Epoch 14 time: 44.343s | Last loss: 2.2989
Epoch 15/30
Epoch 15 time: 44.381s | Last loss: 2.3113
Epoch 16/30
Epoch 16 time: 44.367s | Last loss: 2.3102
Epoch 17/30
Epoch 17 time: 44.353s | Last loss: 2.2748
Epoch 18/30
Epoch 18 time: 44.339s | Last loss: 2.3210
Epoch 19/30
Epoch 19 time: 44.357s | Last loss: 2.3211
Epoch 20/30
Epoch 20 time: 44.367s | Last loss: 2.2858
Epoch 21/30
Epoch 21 time: 44.380s | Last loss: 2.3140
Epoch 22/30
Epoch 22 time: 44.391s | Last loss: 2.3011
Epoch 23/30
Epoch 23 time: 44.356s | Last loss: 2.3179
Epoch 24/30
Epoch 24 time: 44.380s | Last loss: 2.3293
Epoch 25/30
Epoch 25 time: 44.376s | Last loss: 2.3007
Epoch 26/30
Epoch 26 time: 44.422s | Last loss: 2.2991
Epoch 27/30
Epoch 27 time: 44.349s | Last loss: 2.3072
Epoch 28/30
Epoch 28 time: 44.404s | Last loss: 2.3092
Epoch 29/30
Epoch 29 time: 44.336s | Last loss: 2.2966
Epoch 30/30
Epoch 30 time: 44.375s | Last loss: 2.3072

--- Benchmark Complete ---
timestamp: 2025-09-20T12:30:55.446922
gpu_vendor: amd
gpu_name: Radeon RX 7900 XT
model: resnet50
precision: fp32
batch_size: 128
epochs: 30
total_time_sec: 1330.7346
avg_throughput_samples_per_sec: 288.5624
final_loss: 2.3072
nan_inf_count: 0
skipped_steps: 0
peak_memory_mb: 12759.0234
avg_utilization_percent: 99.8715
avg_power_watts: 273.6011
Results saved to results/amd_runs/v2/train_resnet50_fp32_bs128_e30_r2.csv
Raw GPU metrics saved to results/amd_runs/v2/train_resnet50_fp32_bs128_e30_r2_raw_metrics.csv
