Running on device: Radeon RX 7900 XT
--- Training PyTorch Model: resnet50 | Precision: fp32 | Batch: 128 ---
Epoch 1/30
Epoch 1 time: 176.971s | Last loss: 2.2977
Epoch 2/30
Epoch 2 time: 43.812s | Last loss: 2.3307
Epoch 3/30
Epoch 3 time: 43.899s | Last loss: 2.3027
Epoch 4/30
Epoch 4 time: 43.921s | Last loss: 2.2956
Epoch 5/30
Epoch 5 time: 43.993s | Last loss: 2.2974
Epoch 6/30
Epoch 6 time: 44.106s | Last loss: 2.3199
Epoch 7/30
Epoch 7 time: 44.137s | Last loss: 2.3128
Epoch 8/30
Epoch 8 time: 44.200s | Last loss: 2.3006
Epoch 9/30
Epoch 9 time: 44.345s | Last loss: 2.3092
Epoch 10/30
Epoch 10 time: 44.341s | Last loss: 2.3103
Epoch 11/30
Epoch 11 time: 44.362s | Last loss: 2.3201
Epoch 12/30
Epoch 12 time: 44.358s | Last loss: 2.2999
Epoch 13/30
Epoch 13 time: 44.395s | Last loss: 2.3336
Epoch 14/30
Epoch 14 time: 44.363s | Last loss: 2.2979
Epoch 15/30
Epoch 15 time: 44.412s | Last loss: 2.3095
Epoch 16/30
Epoch 16 time: 44.407s | Last loss: 2.3107
Epoch 17/30
Epoch 17 time: 44.382s | Last loss: 2.2779
Epoch 18/30
Epoch 18 time: 44.412s | Last loss: 2.3245
Epoch 19/30
Epoch 19 time: 44.407s | Last loss: 2.3211
Epoch 20/30
Epoch 20 time: 44.426s | Last loss: 2.2874
Epoch 21/30
Epoch 21 time: 44.420s | Last loss: 2.3120
Epoch 22/30
Epoch 22 time: 44.399s | Last loss: 2.3030
Epoch 23/30
Epoch 23 time: 44.381s | Last loss: 2.3145
Epoch 24/30
Epoch 24 time: 44.381s | Last loss: 2.3266
Epoch 25/30
Epoch 25 time: 44.386s | Last loss: 2.3007
Epoch 26/30
Epoch 26 time: 44.375s | Last loss: 2.2979
Epoch 27/30
Epoch 27 time: 44.410s | Last loss: 2.3039
Epoch 28/30
Epoch 28 time: 44.327s | Last loss: 2.3076
Epoch 29/30
Epoch 29 time: 44.412s | Last loss: 2.2941
Epoch 30/30
Epoch 30 time: 44.411s | Last loss: 2.3071

--- Benchmark Complete ---
timestamp: 2025-09-20T12:08:33.723235
gpu_vendor: amd
gpu_name: Radeon RX 7900 XT
model: resnet50
precision: fp32
batch_size: 128
epochs: 30
total_time_sec: 1461.5614
avg_throughput_samples_per_sec: 262.7327
final_loss: 2.3071
nan_inf_count: 0
skipped_steps: 0
peak_memory_mb: 12770.1289
avg_utilization_percent: 99.3482
avg_power_watts: 269.2462
Results saved to results/amd_runs/v2/train_resnet50_fp32_bs128_e30_r1.csv
Raw GPU metrics saved to results/amd_runs/v2/train_resnet50_fp32_bs128_e30_r1_raw_metrics.csv
