Running on device: Radeon RX 7900 XT
--- Training PyTorch Model: gpt2 | Precision: fp16 | Batch: 32 ---
Epoch 1/1
Epoch 1 time: 13.921s | Last loss: 10.8992

--- Benchmark Complete ---
timestamp: 2025-10-18T10:40:36.864513
gpu_vendor: amd
gpu_name: Radeon RX 7900 XT
model: gpt2
precision: fp16
batch_size: 32
epochs: 1
total_time_sec: 13.9210
avg_throughput_samples_per_sec: 229.8688
final_loss: 10.8992
nan_inf_count: 0
skipped_steps: 0
peak_memory_mb: 8859.6602
avg_utilization_percent: 59.8182
avg_power_watts: 173.6818
Results saved to results_precision_batch/amd_train_gpt2_fp16_bs32_e1_r1.csv
Raw GPU metrics saved to results_precision_batch/amd_train_gpt2_fp16_bs32_e1_r1_raw_metrics.csv
