Running on device: Radeon RX 7900 XT
--- Training PyTorch Model: resnet50 | Precision: bf16 | Batch: 1 ---
Epoch 1/1
Epoch 1 time: 4.058s | Last loss: 2.4688

--- Benchmark Complete ---
timestamp: 2025-10-18T09:47:52.615052
gpu_vendor: amd
gpu_name: Radeon RX 7900 XT
model: resnet50
precision: bf16
batch_size: 1
epochs: 1
total_time_sec: 4.0585
avg_throughput_samples_per_sec: 24.6396
final_loss: 2.4688
nan_inf_count: 0
skipped_steps: 0
peak_memory_mb: 951.2305
avg_utilization_percent: 47.8000
avg_power_watts: 98.8000
Results saved to results_precision_batch/amd_train_resnet50_bf16_bs1_e1_r1.csv
Raw GPU metrics saved to results_precision_batch/amd_train_resnet50_bf16_bs1_e1_r1_raw_metrics.csv
