Running on device: Radeon RX 7900 XT
--- Training PyTorch Model: bert-large | Precision: fp32 | Batch: 1 ---
Epoch 1/1
Epoch 1 time: 9.930s | Last loss: 1.3436

--- Benchmark Complete ---
timestamp: 2025-10-18T10:07:49.762867
gpu_vendor: amd
gpu_name: Radeon RX 7900 XT
model: bert-large
precision: fp32
batch_size: 1
epochs: 1
total_time_sec: 9.9312
avg_throughput_samples_per_sec: 10.0693
final_loss: 1.3436
nan_inf_count: 0
skipped_steps: 0
peak_memory_mb: 6898.4766
avg_utilization_percent: 51.8333
avg_power_watts: 149.7222
Results saved to results_precision_batch/amd_train_bert-large_fp32_bs1_e1_r1.csv
Raw GPU metrics saved to results_precision_batch/amd_train_bert-large_fp32_bs1_e1_r1_raw_metrics.csv
