Running on device: Radeon RX 7900 XT
--- Training PyTorch Model: resnet50 | Precision: bf16 | Batch: 48 ---
Epoch 1/1
Epoch 1 time: 56.679s | Last loss: 2.3341

--- Benchmark Complete ---
timestamp: 2025-10-18T09:44:30.939995
gpu_vendor: amd
gpu_name: Radeon RX 7900 XT
model: resnet50
precision: bf16
batch_size: 48
epochs: 1
total_time_sec: 56.6793
avg_throughput_samples_per_sec: 84.6870
final_loss: 2.3341
nan_inf_count: 0
skipped_steps: 0
peak_memory_mb: 3009.2539
avg_utilization_percent: 96.1034
avg_power_watts: 235.9138
Results saved to results_precision_batch/amd_train_resnet50_bf16_bs48_e1_r1.csv
Raw GPU metrics saved to results_precision_batch/amd_train_resnet50_bf16_bs48_e1_r1_raw_metrics.csv
