Running on device: Radeon RX 7900 XT
--- Training PyTorch Model: gpt2 | Precision: fp16 | Batch: 24 ---
Epoch 1/1
Epoch 1 time: 10.728s | Last loss: 10.9025

--- Benchmark Complete ---
timestamp: 2025-10-18T10:41:02.639129
gpu_vendor: amd
gpu_name: Radeon RX 7900 XT
model: gpt2
precision: fp16
batch_size: 24
epochs: 1
total_time_sec: 10.7280
avg_throughput_samples_per_sec: 223.7129
final_loss: 10.9025
nan_inf_count: 0
skipped_steps: 0
peak_memory_mb: 7485.0312
avg_utilization_percent: 56.1176
avg_power_watts: 161.5294
Results saved to results_precision_batch/amd_train_gpt2_fp16_bs24_e1_r1.csv
Raw GPU metrics saved to results_precision_batch/amd_train_gpt2_fp16_bs24_e1_r1_raw_metrics.csv
