Running on device: Radeon RX 7900 XT
--- Training PyTorch Model: gpt2 | Precision: fp16 | Batch: 8 ---
Epoch 1/1
Epoch 1 time: 5.596s | Last loss: 10.9387

--- Benchmark Complete ---
timestamp: 2025-10-18T10:42:13.694414
gpu_vendor: amd
gpu_name: Radeon RX 7900 XT
model: gpt2
precision: fp16
batch_size: 8
epochs: 1
total_time_sec: 5.5962
avg_throughput_samples_per_sec: 142.9541
final_loss: 10.9387
nan_inf_count: 0
skipped_steps: 0
peak_memory_mb: 3968.2656
avg_utilization_percent: 39.1667
avg_power_watts: 118.0833
Results saved to results_precision_batch/amd_train_gpt2_fp16_bs8_e1_r1.csv
Raw GPU metrics saved to results_precision_batch/amd_train_gpt2_fp16_bs8_e1_r1_raw_metrics.csv
