2025-10-18 10:37:22.564363: I tensorflow/tsl/cuda/cudart_stub.cc:28] Could not find cuda drivers on your machine, GPU will not be used.
2025-10-18 10:37:22.581428: E tensorflow/compiler/xla/stream_executor/cuda/cuda_dnn.cc:9342] Unable to register cuDNN factory: Attempting to register factory for plugin cuDNN when one has already been registered
2025-10-18 10:37:22.581455: E tensorflow/compiler/xla/stream_executor/cuda/cuda_fft.cc:609] Unable to register cuFFT factory: Attempting to register factory for plugin cuFFT when one has already been registered
2025-10-18 10:37:22.581479: E tensorflow/compiler/xla/stream_executor/cuda/cuda_blas.cc:1518] Unable to register cuBLAS factory: Attempting to register factory for plugin cuBLAS when one has already been registered
2025-10-18 10:37:22.586000: I tensorflow/tsl/cuda/cudart_stub.cc:28] Could not find cuda drivers on your machine, GPU will not be used.
2025-10-18 10:37:22.586148: I tensorflow/core/platform/cpu_feature_guard.cc:182] This TensorFlow binary is optimized to use available CPU instructions in performance-critical operations.
To enable the following instructions: AVX2 FMA, in other operations, rebuild TensorFlow with the appropriate compiler flags.
2025-10-18 10:37:24.166063: W tensorflow/compiler/tf2tensorrt/utils/py_utils.cc:38] TF-TRT Warning: Could not find TensorRT
/scratch/hutzig/tcc_mixed_precision/src/train_pytorch.py:89: FutureWarning: `torch.cuda.amp.GradScaler(args...)` is deprecated. Please use `torch.amp.GradScaler('cuda', args...)` instead.
  scaler = torch.cuda.amp.GradScaler(enabled=scaler_enabled)
Traceback (most recent call last):
  File "/scratch/hutzig/tcc_mixed_precision/src/main.py", line 82, in <module>
    main(args)
  File "/scratch/hutzig/tcc_mixed_precision/src/main.py", line 25, in main
    training_results = train_pytorch.train_model(
                       ^^^^^^^^^^^^^^^^^^^^^^^^^^
  File "/scratch/hutzig/tcc_mixed_precision/src/train_pytorch.py", line 107, in train_model
    output = model(**batch_inputs, labels=labels)
             ^^^^^^^^^^^^^^^^^^^^^^^^^^^^^^^^^^^^
  File "/home/users/hutzig/tcc_mixed_precision/envs/amd/lib/python3.11/site-packages/torch/nn/modules/module.py", line 1773, in _wrapped_call_impl
    return self._call_impl(*args, **kwargs)
           ^^^^^^^^^^^^^^^^^^^^^^^^^^^^^^^^
  File "/home/users/hutzig/tcc_mixed_precision/envs/amd/lib/python3.11/site-packages/torch/nn/modules/module.py", line 1784, in _call_impl
    return forward_call(*args, **kwargs)
           ^^^^^^^^^^^^^^^^^^^^^^^^^^^^^
  File "/home/users/hutzig/tcc_mixed_precision/envs/amd/lib/python3.11/site-packages/transformers/models/gpt2/modeling_gpt2.py", line 1070, in forward
    transformer_outputs = self.transformer(
                          ^^^^^^^^^^^^^^^^^
  File "/home/users/hutzig/tcc_mixed_precision/envs/amd/lib/python3.11/site-packages/torch/nn/modules/module.py", line 1773, in _wrapped_call_impl
    return self._call_impl(*args, **kwargs)
           ^^^^^^^^^^^^^^^^^^^^^^^^^^^^^^^^
  File "/home/users/hutzig/tcc_mixed_precision/envs/amd/lib/python3.11/site-packages/torch/nn/modules/module.py", line 1784, in _call_impl
    return forward_call(*args, **kwargs)
           ^^^^^^^^^^^^^^^^^^^^^^^^^^^^^
  File "/home/users/hutzig/tcc_mixed_precision/envs/amd/lib/python3.11/site-packages/transformers/models/gpt2/modeling_gpt2.py", line 927, in forward
    outputs = block(
              ^^^^^^
  File "/home/users/hutzig/tcc_mixed_precision/envs/amd/lib/python3.11/site-packages/transformers/modeling_layers.py", line 94, in __call__
    return super().__call__(*args, **kwargs)
           ^^^^^^^^^^^^^^^^^^^^^^^^^^^^^^^^^
  File "/home/users/hutzig/tcc_mixed_precision/envs/amd/lib/python3.11/site-packages/torch/nn/modules/module.py", line 1773, in _wrapped_call_impl
    return self._call_impl(*args, **kwargs)
           ^^^^^^^^^^^^^^^^^^^^^^^^^^^^^^^^
  File "/home/users/hutzig/tcc_mixed_precision/envs/amd/lib/python3.11/site-packages/torch/nn/modules/module.py", line 1784, in _call_impl
    return forward_call(*args, **kwargs)
           ^^^^^^^^^^^^^^^^^^^^^^^^^^^^^
  File "/home/users/hutzig/tcc_mixed_precision/envs/amd/lib/python3.11/site-packages/transformers/utils/deprecation.py", line 172, in wrapped_func
    return func(*args, **kwargs)
           ^^^^^^^^^^^^^^^^^^^^^
  File "/home/users/hutzig/tcc_mixed_precision/envs/amd/lib/python3.11/site-packages/transformers/models/gpt2/modeling_gpt2.py", line 450, in forward
    feed_forward_hidden_states = self.mlp(hidden_states)
                                 ^^^^^^^^^^^^^^^^^^^^^^^
  File "/home/users/hutzig/tcc_mixed_precision/envs/amd/lib/python3.11/site-packages/torch/nn/modules/module.py", line 1773, in _wrapped_call_impl
    return self._call_impl(*args, **kwargs)
           ^^^^^^^^^^^^^^^^^^^^^^^^^^^^^^^^
  File "/home/users/hutzig/tcc_mixed_precision/envs/amd/lib/python3.11/site-packages/torch/nn/modules/module.py", line 1784, in _call_impl
    return forward_call(*args, **kwargs)
           ^^^^^^^^^^^^^^^^^^^^^^^^^^^^^
  File "/home/users/hutzig/tcc_mixed_precision/envs/amd/lib/python3.11/site-packages/transformers/models/gpt2/modeling_gpt2.py", line 375, in forward
    hidden_states = self.c_fc(hidden_states)
                    ^^^^^^^^^^^^^^^^^^^^^^^^
  File "/home/users/hutzig/tcc_mixed_precision/envs/amd/lib/python3.11/site-packages/torch/nn/modules/module.py", line 1773, in _wrapped_call_impl
    return self._call_impl(*args, **kwargs)
           ^^^^^^^^^^^^^^^^^^^^^^^^^^^^^^^^
  File "/home/users/hutzig/tcc_mixed_precision/envs/amd/lib/python3.11/site-packages/torch/nn/modules/module.py", line 1784, in _call_impl
    return forward_call(*args, **kwargs)
           ^^^^^^^^^^^^^^^^^^^^^^^^^^^^^
  File "/home/users/hutzig/tcc_mixed_precision/envs/amd/lib/python3.11/site-packages/transformers/pytorch_utils.py", line 122, in forward
    x = torch.addmm(self.bias, x.view(-1, x.size(-1)), self.weight)
        ^^^^^^^^^^^^^^^^^^^^^^^^^^^^^^^^^^^^^^^^^^^^^^^^^^^^^^^^^^^
torch.OutOfMemoryError: HIP out of memory. Tried to allocate 76.00 MiB. GPU 0 has a total capacity of 19.98 GiB of which 0 bytes is free. Of the allocated memory 19.50 GiB is allocated by PyTorch, and 224.46 MiB is reserved by PyTorch but unallocated. If reserved but unallocated memory is large try setting PYTORCH_CUDA_ALLOC_CONF=expandable_segments:True to avoid fragmentation.  See documentation for Memory Management  (https://pytorch.org/docs/stable/notes/cuda.html#environment-variables)
