Running on device: Radeon RX 7900 XT
--- Training PyTorch Model: resnet50 | Precision: bf16 | Batch: 96 ---
Epoch 1/1
Epoch 1 time: 115.109s | Last loss: 2.3114

--- Benchmark Complete ---
timestamp: 2025-10-18T09:41:55.695044
gpu_vendor: amd
gpu_name: Radeon RX 7900 XT
model: resnet50
precision: bf16
batch_size: 96
epochs: 1
total_time_sec: 115.1091
avg_throughput_samples_per_sec: 83.3991
final_loss: 2.3114
nan_inf_count: 0
skipped_steps: 0
peak_memory_mb: 5331.2656
avg_utilization_percent: 98.0345
avg_power_watts: 241.9138
Results saved to results_precision_batch/amd_train_resnet50_bf16_bs96_e1_r1.csv
Raw GPU metrics saved to results_precision_batch/amd_train_resnet50_bf16_bs96_e1_r1_raw_metrics.csv
