Running on device: Radeon RX 7900 XT
--- Training PyTorch Model: resnet50 | Precision: fp16 | Batch: 128 ---
Epoch 1/1
Epoch 1 time: 145.478s | Last loss: 2.2976

--- Benchmark Complete ---
timestamp: 2025-10-18T09:11:46.271434
gpu_vendor: amd
gpu_name: Radeon RX 7900 XT
model: resnet50
precision: fp16
batch_size: 128
epochs: 1
total_time_sec: 145.4784
avg_throughput_samples_per_sec: 87.9856
final_loss: 2.2976
nan_inf_count: 0
skipped_steps: 0
peak_memory_mb: 6972.9688
avg_utilization_percent: 96.0753
avg_power_watts: 236.8014
Results saved to results_precision_batch/amd_train_resnet50_fp16_bs128_e1_r1.csv
Raw GPU metrics saved to results_precision_batch/amd_train_resnet50_fp16_bs128_e1_r1_raw_metrics.csv
