Running on device: Radeon RX 7900 XT
--- Training PyTorch Model: bert-large | Precision: bf16 | Batch: 4 ---
Epoch 1/1
Epoch 1 time: 8.684s | Last loss: 0.7002

--- Benchmark Complete ---
timestamp: 2025-10-18T10:25:16.343115
gpu_vendor: amd
gpu_name: Radeon RX 7900 XT
model: bert-large
precision: bf16
batch_size: 4
epochs: 1
total_time_sec: 8.6844
avg_throughput_samples_per_sec: 46.0594
final_loss: 0.7002
nan_inf_count: 0
skipped_steps: 0
peak_memory_mb: 6986.6602
avg_utilization_percent: 47.1765
avg_power_watts: 138.6471
Results saved to results_precision_batch/amd_train_bert-large_bf16_bs4_e1_r1.csv
Raw GPU metrics saved to results_precision_batch/amd_train_bert-large_bf16_bs4_e1_r1_raw_metrics.csv
