Running on device: Radeon RX 7900 XT
--- Training PyTorch Model: resnet50 | Precision: fp32 | Batch: 48 ---
Epoch 1/1
Epoch 1 time: 65.196s | Last loss: 2.3348

--- Benchmark Complete ---
timestamp: 2025-10-18T08:48:43.300530
gpu_vendor: amd
gpu_name: Radeon RX 7900 XT
model: resnet50
precision: fp32
batch_size: 48
epochs: 1
total_time_sec: 65.1968
avg_throughput_samples_per_sec: 73.6233
final_loss: 2.3348
nan_inf_count: 0
skipped_steps: 0
peak_memory_mb: 5202.0742
avg_utilization_percent: 93.0152
avg_power_watts: 236.5909
Results saved to results_precision_batch/amd_train_resnet50_fp32_bs48_e1_r1.csv
Raw GPU metrics saved to results_precision_batch/amd_train_resnet50_fp32_bs48_e1_r1_raw_metrics.csv
