Running on device: Radeon RX 7900 XT
--- Training PyTorch Model: gpt2 | Precision: bf16 | Batch: 24 ---
Epoch 1/1
Epoch 1 time: 10.491s | Last loss: 10.9055

--- Benchmark Complete ---
timestamp: 2025-10-18T10:47:37.853829
gpu_vendor: amd
gpu_name: Radeon RX 7900 XT
model: gpt2
precision: bf16
batch_size: 24
epochs: 1
total_time_sec: 10.4918
avg_throughput_samples_per_sec: 228.7502
final_loss: 10.9055
nan_inf_count: 0
skipped_steps: 0
peak_memory_mb: 7493.5312
avg_utilization_percent: 51.8889
avg_power_watts: 153.2778
Results saved to results_precision_batch/amd_train_gpt2_bf16_bs24_e1_r1.csv
Raw GPU metrics saved to results_precision_batch/amd_train_gpt2_bf16_bs24_e1_r1_raw_metrics.csv
