Running on device: Radeon RX 7900 XT
--- Training PyTorch Model: resnet50 | Precision: bf16 | Batch: 16 ---
Epoch 1/1
Epoch 1 time: 19.253s | Last loss: 2.2334

--- Benchmark Complete ---
timestamp: 2025-10-18T09:46:24.220885
gpu_vendor: amd
gpu_name: Radeon RX 7900 XT
model: resnet50
precision: bf16
batch_size: 16
epochs: 1
total_time_sec: 19.2534
avg_throughput_samples_per_sec: 83.1022
final_loss: 2.2334
nan_inf_count: 0
skipped_steps: 0
peak_memory_mb: 1551.2461
avg_utilization_percent: 89.5500
avg_power_watts: 211.1000
Results saved to results_precision_batch/amd_train_resnet50_bf16_bs16_e1_r1.csv
Raw GPU metrics saved to results_precision_batch/amd_train_resnet50_bf16_bs16_e1_r1_raw_metrics.csv
