Running on device: Radeon RX 7900 XT
--- Training PyTorch Model: bert-large | Precision: fp16 | Batch: 48 ---
Epoch 1/1
Epoch 1 time: 30.514s | Last loss: 0.6810

--- Benchmark Complete ---
timestamp: 2025-10-18T10:12:49.212208
gpu_vendor: amd
gpu_name: Radeon RX 7900 XT
model: bert-large
precision: fp16
batch_size: 48
epochs: 1
total_time_sec: 30.5149
avg_throughput_samples_per_sec: 157.3001
final_loss: 0.6810
nan_inf_count: 0
skipped_steps: 0
peak_memory_mb: 11378.5000
avg_utilization_percent: 77
avg_power_watts: 216.9737
Results saved to results_precision_batch/amd_train_bert-large_fp16_bs48_e1_r1.csv
Raw GPU metrics saved to results_precision_batch/amd_train_bert-large_fp16_bs48_e1_r1_raw_metrics.csv
