Running on device: Radeon RX 7900 XT
--- Training PyTorch Model: bert-large | Precision: bf16 | Batch: 16 ---
Epoch 1/1
Epoch 1 time: 14.552s | Last loss: 0.6664

--- Benchmark Complete ---
timestamp: 2025-10-18T10:23:52.062190
gpu_vendor: amd
gpu_name: Radeon RX 7900 XT
model: bert-large
precision: bf16
batch_size: 16
epochs: 1
total_time_sec: 14.5527
avg_throughput_samples_per_sec: 109.9454
final_loss: 0.6664
nan_inf_count: 0
skipped_steps: 0
peak_memory_mb: 7152.6289
avg_utilization_percent: 58.7917
avg_power_watts: 170.4583
Results saved to results_precision_batch/amd_train_bert-large_bf16_bs16_e1_r1.csv
Raw GPU metrics saved to results_precision_batch/amd_train_bert-large_bf16_bs16_e1_r1_raw_metrics.csv
