Running on device: Radeon RX 7900 XT
--- Training PyTorch Model: resnet50 | Precision: fp32 | Batch: 12 ---
Epoch 1/1
Epoch 1 time: 18.300s | Last loss: 2.3274

--- Benchmark Complete ---
timestamp: 2025-10-18T08:51:19.821713
gpu_vendor: amd
gpu_name: Radeon RX 7900 XT
model: resnet50
precision: fp32
batch_size: 12
epochs: 1
total_time_sec: 18.3006
avg_throughput_samples_per_sec: 65.5718
final_loss: 2.3274
nan_inf_count: 0
skipped_steps: 0
peak_memory_mb: 1910.0508
avg_utilization_percent: 77.6842
avg_power_watts: 191.4737
Results saved to results_precision_batch/amd_train_resnet50_fp32_bs12_e1_r1.csv
Raw GPU metrics saved to results_precision_batch/amd_train_resnet50_fp32_bs12_e1_r1_raw_metrics.csv
