Running on device: Radeon RX 7900 XT
--- Training PyTorch Model: resnet50 | Precision: bf16 | Batch: 12 ---
Epoch 1/1
Epoch 1 time: 14.919s | Last loss: 2.3255

--- Benchmark Complete ---
timestamp: 2025-10-18T09:46:48.266968
gpu_vendor: amd
gpu_name: Radeon RX 7900 XT
model: resnet50
precision: bf16
batch_size: 12
epochs: 1
total_time_sec: 14.9197
avg_throughput_samples_per_sec: 80.4307
final_loss: 2.3255
nan_inf_count: 0
skipped_steps: 0
peak_memory_mb: 1333.2344
avg_utilization_percent: 86.5000
avg_power_watts: 203.3750
Results saved to results_precision_batch/amd_train_resnet50_bf16_bs12_e1_r1.csv
Raw GPU metrics saved to results_precision_batch/amd_train_resnet50_bf16_bs12_e1_r1_raw_metrics.csv
