Running on device: Radeon RX 7900 XT
--- Training PyTorch Model: resnet50 | Precision: bf16 | Batch: 32 ---
Epoch 1/1
Epoch 1 time: 37.607s | Last loss: 2.3364

--- Benchmark Complete ---
timestamp: 2025-10-18T09:45:17.967775
gpu_vendor: amd
gpu_name: Radeon RX 7900 XT
model: resnet50
precision: bf16
batch_size: 32
epochs: 1
total_time_sec: 37.6078
avg_throughput_samples_per_sec: 85.0888
final_loss: 2.3364
nan_inf_count: 0
skipped_steps: 0
peak_memory_mb: 2379.2344
avg_utilization_percent: 94.1842
avg_power_watts: 228.2895
Results saved to results_precision_batch/amd_train_resnet50_bf16_bs32_e1_r1.csv
Raw GPU metrics saved to results_precision_batch/amd_train_resnet50_bf16_bs32_e1_r1_raw_metrics.csv
