Running on device: Radeon RX 7900 XT
--- Training PyTorch Model: bert-large | Precision: fp16 | Batch: 24 ---
Epoch 1/1
Epoch 1 time: 18.532s | Last loss: 0.8159

--- Benchmark Complete ---
timestamp: 2025-10-18T10:14:04.788805
gpu_vendor: amd
gpu_name: Radeon RX 7900 XT
model: bert-large
precision: fp16
batch_size: 24
epochs: 1
total_time_sec: 18.5329
avg_throughput_samples_per_sec: 129.4992
final_loss: 0.8159
nan_inf_count: 0
skipped_steps: 0
peak_memory_mb: 8217.2305
avg_utilization_percent: 66.2308
avg_power_watts: 191.8462
Results saved to results_precision_batch/amd_train_bert-large_fp16_bs24_e1_r1.csv
Raw GPU metrics saved to results_precision_batch/amd_train_bert-large_fp16_bs24_e1_r1_raw_metrics.csv
