Running on device: Radeon RX 7900 XT
--- Training PyTorch Model: gpt2 | Precision: bf16 | Batch: 2 ---
Epoch 1/1
Epoch 1 time: 4.235s | Last loss: 10.9841

--- Benchmark Complete ---
timestamp: 2025-10-18T10:49:27.889325
gpu_vendor: amd
gpu_name: Radeon RX 7900 XT
model: gpt2
precision: bf16
batch_size: 2
epochs: 1
total_time_sec: 4.2352
avg_throughput_samples_per_sec: 47.2237
final_loss: 10.9841
nan_inf_count: 0
skipped_steps: 0
peak_memory_mb: 3031.5391
avg_utilization_percent: 29.4545
avg_power_watts: 90.4545
Results saved to results_precision_batch/amd_train_gpt2_bf16_bs2_e1_r1.csv
Raw GPU metrics saved to results_precision_batch/amd_train_gpt2_bf16_bs2_e1_r1_raw_metrics.csv
