Running on device: Radeon RX 7900 XT
--- Training PyTorch Model: resnet50 | Precision: fp32 | Batch: 64 ---
Epoch 1/1
Epoch 1 time: 86.923s | Last loss: 2.3051

--- Benchmark Complete ---
timestamp: 2025-10-18T08:47:27.119380
gpu_vendor: amd
gpu_name: Radeon RX 7900 XT
model: resnet50
precision: fp32
batch_size: 64
epochs: 1
total_time_sec: 86.9234
avg_throughput_samples_per_sec: 73.6281
final_loss: 2.3051
nan_inf_count: 0
skipped_steps: 0
peak_memory_mb: 6830.1016
avg_utilization_percent: 94.7955
avg_power_watts: 241.4091
Results saved to results_precision_batch/amd_train_resnet50_fp32_bs64_e1_r1.csv
Raw GPU metrics saved to results_precision_batch/amd_train_resnet50_fp32_bs64_e1_r1_raw_metrics.csv
