Running on device: Radeon RX 7900 XT
--- Training PyTorch Model: gpt2 | Precision: bf16 | Batch: 48 ---
Epoch 1/1
Epoch 1 time: 19.531s | Last loss: 10.8951

--- Benchmark Complete ---
timestamp: 2025-10-18T10:46:41.270828
gpu_vendor: amd
gpu_name: Radeon RX 7900 XT
model: gpt2
precision: bf16
batch_size: 48
epochs: 1
total_time_sec: 19.5310
avg_throughput_samples_per_sec: 245.7626
final_loss: 10.8951
nan_inf_count: 0
skipped_steps: 0
peak_memory_mb: 12662.5781
avg_utilization_percent: 68.1429
avg_power_watts: 193.2857
Results saved to results_precision_batch/amd_train_gpt2_bf16_bs48_e1_r1.csv
Raw GPU metrics saved to results_precision_batch/amd_train_gpt2_bf16_bs48_e1_r1_raw_metrics.csv
