Running on device: Radeon RX 7900 XT
--- Training PyTorch Model: bert-large | Precision: fp16 | Batch: 16 ---
Epoch 1/1
Epoch 1 time: 14.561s | Last loss: 0.6622

--- Benchmark Complete ---
timestamp: 2025-10-18T10:14:38.433999
gpu_vendor: amd
gpu_name: Radeon RX 7900 XT
model: bert-large
precision: fp16
batch_size: 16
epochs: 1
total_time_sec: 14.5620
avg_throughput_samples_per_sec: 109.8753
final_loss: 0.6622
nan_inf_count: 0
skipped_steps: 0
peak_memory_mb: 7147.2344
avg_utilization_percent: 58.8333
avg_power_watts: 170.3750
Results saved to results_precision_batch/amd_train_bert-large_fp16_bs16_e1_r1.csv
Raw GPU metrics saved to results_precision_batch/amd_train_bert-large_fp16_bs16_e1_r1_raw_metrics.csv
