Running on device: Radeon RX 7900 XT
--- Training PyTorch Model: resnet50 | Precision: fp16 | Batch: 1 ---
Epoch 1/1
Epoch 1 time: 6.428s | Last loss: 2.4629

--- Benchmark Complete ---
timestamp: 2025-10-18T09:19:55.799598
gpu_vendor: amd
gpu_name: Radeon RX 7900 XT
model: resnet50
precision: fp16
batch_size: 1
epochs: 1
total_time_sec: 6.4285
avg_throughput_samples_per_sec: 15.5556
final_loss: 2.4629
nan_inf_count: 0
skipped_steps: 0
peak_memory_mb: 938.9414
avg_utilization_percent: 35.1429
avg_power_watts: 76.5714
Results saved to results_precision_batch/amd_train_resnet50_fp16_bs1_e1_r1.csv
Raw GPU metrics saved to results_precision_batch/amd_train_resnet50_fp16_bs1_e1_r1_raw_metrics.csv
