Running on device: Radeon RX 7900 XT
--- Training PyTorch Model: bert-large | Precision: fp16 | Batch: 8 ---
Epoch 1/1
Epoch 1 time: 10.749s | Last loss: 0.6877

--- Benchmark Complete ---
timestamp: 2025-10-18T10:15:37.654389
gpu_vendor: amd
gpu_name: Radeon RX 7900 XT
model: bert-large
precision: fp16
batch_size: 8
epochs: 1
total_time_sec: 10.7499
avg_throughput_samples_per_sec: 74.4196
final_loss: 0.6877
nan_inf_count: 0
skipped_steps: 0
peak_memory_mb: 7041.2227
avg_utilization_percent: 50
avg_power_watts: 148.4500
Results saved to results_precision_batch/amd_train_bert-large_fp16_bs8_e1_r1.csv
Raw GPU metrics saved to results_precision_batch/amd_train_bert-large_fp16_bs8_e1_r1_raw_metrics.csv
