Running on device: Radeon RX 7900 XT
--- Training PyTorch Model: bert-large | Precision: bf16 | Batch: 2 ---
Epoch 1/1
Epoch 1 time: 8.606s | Last loss: 0.6172

--- Benchmark Complete ---
timestamp: 2025-10-18T10:25:41.638298
gpu_vendor: amd
gpu_name: Radeon RX 7900 XT
model: bert-large
precision: bf16
batch_size: 2
epochs: 1
total_time_sec: 8.6071
avg_throughput_samples_per_sec: 23.2365
final_loss: 0.6172
nan_inf_count: 0
skipped_steps: 0
peak_memory_mb: 6938.6445
avg_utilization_percent: 42.0625
avg_power_watts: 123.0000
Results saved to results_precision_batch/amd_train_bert-large_bf16_bs2_e1_r1.csv
Raw GPU metrics saved to results_precision_batch/amd_train_bert-large_bf16_bs2_e1_r1_raw_metrics.csv
