Running on device: Radeon RX 7900 XT
--- Training PyTorch Model: bert-large | Precision: fp16 | Batch: 96 ---
Epoch 1/1
Epoch 1 time: 55.646s | Last loss: 0.7222

--- Benchmark Complete ---
timestamp: 2025-10-18T10:11:04.359333
gpu_vendor: amd
gpu_name: Radeon RX 7900 XT
model: bert-large
precision: fp16
batch_size: 96
epochs: 1
total_time_sec: 55.6471
avg_throughput_samples_per_sec: 172.5156
final_loss: 0.7222
nan_inf_count: 0
skipped_steps: 0
peak_memory_mb: 17534.1211
avg_utilization_percent: 86.2188
avg_power_watts: 239.5469
Results saved to results_precision_batch/amd_train_bert-large_fp16_bs96_e1_r1.csv
Raw GPU metrics saved to results_precision_batch/amd_train_bert-large_fp16_bs96_e1_r1_raw_metrics.csv
