Running on device: Radeon RX 7900 XT
--- Training PyTorch Model: bert-large | Precision: fp32 | Batch: 48 ---
Epoch 1/1
Epoch 1 time: 186.644s | Last loss: 0.6976

--- Benchmark Complete ---
timestamp: 2025-10-18T09:58:21.113031
gpu_vendor: amd
gpu_name: Radeon RX 7900 XT
model: bert-large
precision: fp32
batch_size: 48
epochs: 1
total_time_sec: 186.6449
avg_throughput_samples_per_sec: 25.7173
final_loss: 0.6976
nan_inf_count: 0
skipped_steps: 0
peak_memory_mb: 14443.1602
avg_utilization_percent: 94.3096
avg_power_watts: 260.4213
Results saved to results_precision_batch/amd_train_bert-large_fp32_bs48_e1_r1.csv
Raw GPU metrics saved to results_precision_batch/amd_train_bert-large_fp32_bs48_e1_r1_raw_metrics.csv
