Running on device: Radeon RX 7900 XT
--- Training PyTorch Model: gpt2 | Precision: bf16 | Batch: 32 ---
Epoch 1/1
Epoch 1 time: 13.667s | Last loss: 10.9003

--- Benchmark Complete ---
timestamp: 2025-10-18T10:47:10.111152
gpu_vendor: amd
gpu_name: Radeon RX 7900 XT
model: gpt2
precision: bf16
batch_size: 32
epochs: 1
total_time_sec: 13.6676
avg_throughput_samples_per_sec: 234.1307
final_loss: 10.9003
nan_inf_count: 0
skipped_steps: 0
peak_memory_mb: 8868.1562
avg_utilization_percent: 62.0500
avg_power_watts: 178.7000
Results saved to results_precision_batch/amd_train_gpt2_bf16_bs32_e1_r1.csv
Raw GPU metrics saved to results_precision_batch/amd_train_gpt2_bf16_bs32_e1_r1_raw_metrics.csv
