Running on device: Radeon RX 7900 XT
--- Training PyTorch Model: resnet50 | Precision: fp16 | Batch: 48 ---
Epoch 1/1
Epoch 1 time: 56.273s | Last loss: 2.3349

--- Benchmark Complete ---
timestamp: 2025-10-18T09:16:20.588341
gpu_vendor: amd
gpu_name: Radeon RX 7900 XT
model: resnet50
precision: fp16
batch_size: 48
epochs: 1
total_time_sec: 56.2733
avg_throughput_samples_per_sec: 85.2980
final_loss: 2.3349
nan_inf_count: 0
skipped_steps: 0
peak_memory_mb: 3000.9023
avg_utilization_percent: 92.0175
avg_power_watts: 224.6667
Results saved to results_precision_batch/amd_train_resnet50_fp16_bs48_e1_r1.csv
Raw GPU metrics saved to results_precision_batch/amd_train_resnet50_fp16_bs48_e1_r1_raw_metrics.csv
