Running on device: Radeon RX 7900 XT
--- Training PyTorch Model: resnet50 | Precision: fp16 | Batch: 64 ---
Epoch 1/1
Epoch 1 time: 74.637s | Last loss: 2.3052

--- Benchmark Complete ---
timestamp: 2025-10-18T09:15:14.814455
gpu_vendor: amd
gpu_name: Radeon RX 7900 XT
model: resnet50
precision: fp16
batch_size: 64
epochs: 1
total_time_sec: 74.6375
avg_throughput_samples_per_sec: 85.7478
final_loss: 2.3052
nan_inf_count: 0
skipped_steps: 0
peak_memory_mb: 3848.9297
avg_utilization_percent: 93.7467
avg_power_watts: 229.3467
Results saved to results_precision_batch/amd_train_resnet50_fp16_bs64_e1_r1.csv
Raw GPU metrics saved to results_precision_batch/amd_train_resnet50_fp16_bs64_e1_r1_raw_metrics.csv
