Running on device: Radeon RX 7900 XT
--- Training PyTorch Model: bert-large | Precision: bf16 | Batch: 1 ---
Epoch 1/1
Epoch 1 time: 8.543s | Last loss: 0.5586

--- Benchmark Complete ---
timestamp: 2025-10-18T10:26:07.526452
gpu_vendor: amd
gpu_name: Radeon RX 7900 XT
model: bert-large
precision: bf16
batch_size: 1
epochs: 1
total_time_sec: 8.5436
avg_throughput_samples_per_sec: 11.7046
final_loss: 0.5586
nan_inf_count: 0
skipped_steps: 0
peak_memory_mb: 6882.8398
avg_utilization_percent: 38.8235
avg_power_watts: 112.0000
Results saved to results_precision_batch/amd_train_bert-large_bf16_bs1_e1_r1.csv
Raw GPU metrics saved to results_precision_batch/amd_train_bert-large_bf16_bs1_e1_r1_raw_metrics.csv
