Running on device: Radeon RX 7900 XT
--- Training PyTorch Model: gpt2 | Precision: fp16 | Batch: 2 ---
Epoch 1/1
Epoch 1 time: 4.384s | Last loss: 10.9747

--- Benchmark Complete ---
timestamp: 2025-10-18T10:42:54.927036
gpu_vendor: amd
gpu_name: Radeon RX 7900 XT
model: gpt2
precision: fp16
batch_size: 2
epochs: 1
total_time_sec: 4.3841
avg_throughput_samples_per_sec: 45.6193
final_loss: 10.9747
nan_inf_count: 0
skipped_steps: 0
peak_memory_mb: 3023.0195
avg_utilization_percent: 25.1667
avg_power_watts: 78.5833
Results saved to results_precision_batch/amd_train_gpt2_fp16_bs2_e1_r1.csv
Raw GPU metrics saved to results_precision_batch/amd_train_gpt2_fp16_bs2_e1_r1_raw_metrics.csv
