Running on device: Radeon RX 7900 XT
--- Training PyTorch Model: resnet50 | Precision: fp16 | Batch: 2 ---
Epoch 1/1
Epoch 1 time: 7.264s | Last loss: 2.1284

--- Benchmark Complete ---
timestamp: 2025-10-18T09:19:40.796610
gpu_vendor: amd
gpu_name: Radeon RX 7900 XT
model: resnet50
precision: fp16
batch_size: 2
epochs: 1
total_time_sec: 7.2645
avg_throughput_samples_per_sec: 27.5311
final_loss: 2.1284
nan_inf_count: 0
skipped_steps: 0
peak_memory_mb: 980.8906
avg_utilization_percent: 43
avg_power_watts: 95.0000
Results saved to results_precision_batch/amd_train_resnet50_fp16_bs2_e1_r1.csv
Raw GPU metrics saved to results_precision_batch/amd_train_resnet50_fp16_bs2_e1_r1_raw_metrics.csv
