Running on device: Radeon RX 7900 XT
--- Training PyTorch Model: resnet50 | Precision: bf16 | Batch: 192 ---
Epoch 1/1
Epoch 1 time: 214.327s | Last loss: 2.3125

--- Benchmark Complete ---
timestamp: 2025-10-18T09:37:08.059759
gpu_vendor: amd
gpu_name: Radeon RX 7900 XT
model: resnet50
precision: bf16
batch_size: 192
epochs: 1
total_time_sec: 214.3273
avg_throughput_samples_per_sec: 89.5826
final_loss: 2.3125
nan_inf_count: 0
skipped_steps: 0
peak_memory_mb: 10019.2656
avg_utilization_percent: 98.8558
avg_power_watts: 243.8000
Results saved to results_precision_batch/amd_train_resnet50_bf16_bs192_e1_r1.csv
Raw GPU metrics saved to results_precision_batch/amd_train_resnet50_bf16_bs192_e1_r1_raw_metrics.csv
