Running on device: Radeon RX 7900 XT
--- Training PyTorch Model: gpt2 | Precision: bf16 | Batch: 16 ---
Epoch 1/1
Epoch 1 time: 7.867s | Last loss: 10.9211

--- Benchmark Complete ---
timestamp: 2025-10-18T10:48:01.643545
gpu_vendor: amd
gpu_name: Radeon RX 7900 XT
model: gpt2
precision: bf16
batch_size: 16
epochs: 1
total_time_sec: 7.8671
avg_throughput_samples_per_sec: 203.3783
final_loss: 10.9211
nan_inf_count: 0
skipped_steps: 0
peak_memory_mb: 5579.5352
avg_utilization_percent: 49.7333
avg_power_watts: 145.8667
Results saved to results_precision_batch/amd_train_gpt2_bf16_bs16_e1_r1.csv
Raw GPU metrics saved to results_precision_batch/amd_train_gpt2_bf16_bs16_e1_r1_raw_metrics.csv
