Running on device: Radeon RX 7900 XT
--- Training PyTorch Model: resnet50 | Precision: fp16 | Batch: 12 ---
Epoch 1/1
Epoch 1 time: 16.899s | Last loss: 2.3259

--- Benchmark Complete ---
timestamp: 2025-10-18T09:18:43.764400
gpu_vendor: amd
gpu_name: Radeon RX 7900 XT
model: resnet50
precision: fp16
batch_size: 12
epochs: 1
total_time_sec: 16.8997
avg_throughput_samples_per_sec: 71.0073
final_loss: 2.3259
nan_inf_count: 0
skipped_steps: 0
peak_memory_mb: 1324.8789
avg_utilization_percent: 75.4444
avg_power_watts: 179.8889
Results saved to results_precision_batch/amd_train_resnet50_fp16_bs12_e1_r1.csv
Raw GPU metrics saved to results_precision_batch/amd_train_resnet50_fp16_bs12_e1_r1_raw_metrics.csv
