Running on device: Radeon RX 7900 XT
--- Training PyTorch Model: bert-large | Precision: fp32 | Batch: 16 ---
Epoch 1/1
Epoch 1 time: 65.433s | Last loss: 0.7187

--- Benchmark Complete ---
timestamp: 2025-10-18T10:04:12.338960
gpu_vendor: amd
gpu_name: Radeon RX 7900 XT
model: bert-large
precision: fp32
batch_size: 16
epochs: 1
total_time_sec: 65.4336
avg_throughput_samples_per_sec: 24.4523
final_loss: 0.7187
nan_inf_count: 0
skipped_steps: 0
peak_memory_mb: 8011.8555
avg_utilization_percent: 85.7895
avg_power_watts: 237.7895
Results saved to results_precision_batch/amd_train_bert-large_fp32_bs16_e1_r1.csv
Raw GPU metrics saved to results_precision_batch/amd_train_bert-large_fp32_bs16_e1_r1_raw_metrics.csv
