Running on device: Radeon RX 7900 XT
--- Training PyTorch Model: bert-large | Precision: fp16 | Batch: 32 ---
Epoch 1/1
Epoch 1 time: 22.133s | Last loss: 0.6878

--- Benchmark Complete ---
timestamp: 2025-10-18T10:13:29.961458
gpu_vendor: amd
gpu_name: Radeon RX 7900 XT
model: bert-large
precision: fp16
batch_size: 32
epochs: 1
total_time_sec: 22.1338
avg_throughput_samples_per_sec: 144.5752
final_loss: 0.6878
nan_inf_count: 0
skipped_steps: 0
peak_memory_mb: 9226.0781
avg_utilization_percent: 68.3871
avg_power_watts: 196.2903
Results saved to results_precision_batch/amd_train_bert-large_fp16_bs32_e1_r1.csv
Raw GPU metrics saved to results_precision_batch/amd_train_bert-large_fp16_bs32_e1_r1_raw_metrics.csv
