Running on device: Radeon RX 7900 XT
--- Training PyTorch Model: bert-large | Precision: fp32 | Batch: 24 ---
Epoch 1/1
Epoch 1 time: 95.558s | Last loss: 0.7714

--- Benchmark Complete ---
timestamp: 2025-10-18T10:02:45.178310
gpu_vendor: amd
gpu_name: Radeon RX 7900 XT
model: bert-large
precision: fp32
batch_size: 24
epochs: 1
total_time_sec: 95.5588
avg_throughput_samples_per_sec: 25.1154
final_loss: 0.7714
nan_inf_count: 0
skipped_steps: 0
peak_memory_mb: 9497.8828
avg_utilization_percent: 89.5094
avg_power_watts: 247.1038
Results saved to results_precision_batch/amd_train_bert-large_fp32_bs24_e1_r1.csv
Raw GPU metrics saved to results_precision_batch/amd_train_bert-large_fp32_bs24_e1_r1_raw_metrics.csv
