Running on device: Radeon RX 7900 XT
--- Training PyTorch Model: gpt2 | Precision: fp32 | Batch: 1 ---
Epoch 1/1
Epoch 1 time: 4.487s | Last loss: 10.9731

--- Benchmark Complete ---
timestamp: 2025-10-18T10:36:38.712502
gpu_vendor: amd
gpu_name: Radeon RX 7900 XT
model: gpt2
precision: fp32
batch_size: 1
epochs: 1
total_time_sec: 4.4872
avg_throughput_samples_per_sec: 22.2858
final_loss: 10.9731
nan_inf_count: 0
skipped_steps: 0
peak_memory_mb: 3254.6914
avg_utilization_percent: 31.8182
avg_power_watts: 92.3636
Results saved to results_precision_batch/amd_train_gpt2_fp32_bs1_e1_r1.csv
Raw GPU metrics saved to results_precision_batch/amd_train_gpt2_fp32_bs1_e1_r1_raw_metrics.csv
