Running on device: Radeon RX 7900 XT
--- Training PyTorch Model: bert-large | Precision: fp16 | Batch: 12 ---
Epoch 1/1
Epoch 1 time: 12.707s | Last loss: 0.6525

--- Benchmark Complete ---
timestamp: 2025-10-18T10:15:08.059909
gpu_vendor: amd
gpu_name: Radeon RX 7900 XT
model: bert-large
precision: fp16
batch_size: 12
epochs: 1
total_time_sec: 12.7073
avg_throughput_samples_per_sec: 94.4341
final_loss: 0.6525
nan_inf_count: 0
skipped_steps: 0
peak_memory_mb: 7065.2266
avg_utilization_percent: 58.3810
avg_power_watts: 170.0476
Results saved to results_precision_batch/amd_train_bert-large_fp16_bs12_e1_r1.csv
Raw GPU metrics saved to results_precision_batch/amd_train_bert-large_fp16_bs12_e1_r1_raw_metrics.csv
