Running on device: Radeon RX 7900 XT
--- Training PyTorch Model: resnet50 | Precision: bf16 | Batch: 8 ---
Epoch 1/1
Epoch 1 time: 10.726s | Last loss: 2.4023

--- Benchmark Complete ---
timestamp: 2025-10-18T09:47:08.205752
gpu_vendor: amd
gpu_name: Radeon RX 7900 XT
model: resnet50
precision: bf16
batch_size: 8
epochs: 1
total_time_sec: 10.7269
avg_throughput_samples_per_sec: 74.5788
final_loss: 2.4023
nan_inf_count: 0
skipped_steps: 0
peak_memory_mb: 1171.2461
avg_utilization_percent: 80.5833
avg_power_watts: 187.0000
Results saved to results_precision_batch/amd_train_resnet50_bf16_bs8_e1_r1.csv
Raw GPU metrics saved to results_precision_batch/amd_train_resnet50_bf16_bs8_e1_r1_raw_metrics.csv
