Running on device: Radeon RX 7900 XT
--- Training PyTorch Model: resnet50 | Precision: fp32 | Batch: 8 ---
Epoch 1/1
Epoch 1 time: 13.477s | Last loss: 2.4022

--- Benchmark Complete ---
timestamp: 2025-10-18T08:51:42.678660
gpu_vendor: amd
gpu_name: Radeon RX 7900 XT
model: resnet50
precision: fp32
batch_size: 8
epochs: 1
total_time_sec: 13.4776
avg_throughput_samples_per_sec: 59.3576
final_loss: 2.4022
nan_inf_count: 0
skipped_steps: 0
peak_memory_mb: 1518.0742
avg_utilization_percent: 70.2143
avg_power_watts: 172.5714
Results saved to results_precision_batch/amd_train_resnet50_fp32_bs8_e1_r1.csv
Raw GPU metrics saved to results_precision_batch/amd_train_resnet50_fp32_bs8_e1_r1_raw_metrics.csv
