Running on device: Radeon RX 7900 XT
--- Training PyTorch Model: gpt2 | Precision: bf16 | Batch: 12 ---
Epoch 1/1
Epoch 1 time: 6.522s | Last loss: 10.9278

--- Benchmark Complete ---
timestamp: 2025-10-18T10:48:23.565160
gpu_vendor: amd
gpu_name: Radeon RX 7900 XT
model: gpt2
precision: bf16
batch_size: 12
epochs: 1
total_time_sec: 6.5220
avg_throughput_samples_per_sec: 183.9937
final_loss: 10.9278
nan_inf_count: 0
skipped_steps: 0
peak_memory_mb: 4917.5039
avg_utilization_percent: 41.3846
avg_power_watts: 125.5385
Results saved to results_precision_batch/amd_train_gpt2_bf16_bs12_e1_r1.csv
Raw GPU metrics saved to results_precision_batch/amd_train_gpt2_bf16_bs12_e1_r1_raw_metrics.csv
