Running on device: Radeon RX 7900 XT
--- Training PyTorch Model: gpt2 | Precision: fp32 | Batch: 64 ---
Epoch 1/1
Epoch 1 time: 95.558s | Last loss: 10.8996

--- Benchmark Complete ---
timestamp: 2025-10-18T10:30:10.475034
gpu_vendor: amd
gpu_name: Radeon RX 7900 XT
model: gpt2
precision: fp32
batch_size: 64
epochs: 1
total_time_sec: 95.5585
avg_throughput_samples_per_sec: 66.9747
final_loss: 10.8996
nan_inf_count: 0
skipped_steps: 0
peak_memory_mb: 19611.8281
avg_utilization_percent: 92.7353
avg_power_watts: 254.7647
Results saved to results_precision_batch/amd_train_gpt2_fp32_bs64_e1_r1.csv
Raw GPU metrics saved to results_precision_batch/amd_train_gpt2_fp32_bs64_e1_r1_raw_metrics.csv
