Running on device: Radeon RX 7900 XT
--- Training PyTorch Model: bert-large | Precision: fp32 | Batch: 12 ---
Epoch 1/1
Epoch 1 time: 50.056s | Last loss: 0.7100

--- Benchmark Complete ---
timestamp: 2025-10-18T10:05:23.425394
gpu_vendor: amd
gpu_name: Radeon RX 7900 XT
model: bert-large
precision: fp32
batch_size: 12
epochs: 1
total_time_sec: 50.0564
avg_throughput_samples_per_sec: 23.9730
final_loss: 0.7100
nan_inf_count: 0
skipped_steps: 0
peak_memory_mb: 7267.8711
avg_utilization_percent: 81.9833
avg_power_watts: 228.2167
Results saved to results_precision_batch/amd_train_bert-large_fp32_bs12_e1_r1.csv
Raw GPU metrics saved to results_precision_batch/amd_train_bert-large_fp32_bs12_e1_r1_raw_metrics.csv
