Running on device: Radeon RX 7900 XT
--- Training PyTorch Model: resnet50 | Precision: fp32 | Batch: 32 ---
Epoch 1/1
Epoch 1 time: 43.778s | Last loss: 2.3358

--- Benchmark Complete ---
timestamp: 2025-10-18T08:49:37.232286
gpu_vendor: amd
gpu_name: Radeon RX 7900 XT
model: resnet50
precision: fp32
batch_size: 32
epochs: 1
total_time_sec: 43.7782
avg_throughput_samples_per_sec: 73.0957
final_loss: 2.3358
nan_inf_count: 0
skipped_steps: 0
peak_memory_mb: 3752.0859
avg_utilization_percent: 90.2667
avg_power_watts: 229.0444
Results saved to results_precision_batch/amd_train_resnet50_fp32_bs32_e1_r1.csv
Raw GPU metrics saved to results_precision_batch/amd_train_resnet50_fp32_bs32_e1_r1_raw_metrics.csv
