Running on device: Radeon RX 7900 XT
--- Training PyTorch Model: gpt2 | Precision: fp32 | Batch: 16 ---
Epoch 1/1
Epoch 1 time: 25.155s | Last loss: 10.9218

--- Benchmark Complete ---
timestamp: 2025-10-18T10:34:24.735003
gpu_vendor: amd
gpu_name: Radeon RX 7900 XT
model: gpt2
precision: fp32
batch_size: 16
epochs: 1
total_time_sec: 25.1552
avg_throughput_samples_per_sec: 63.6052
final_loss: 10.9218
nan_inf_count: 0
skipped_steps: 0
peak_memory_mb: 6282.7617
avg_utilization_percent: 76.7188
avg_power_watts: 215.2188
Results saved to results_precision_batch/amd_train_gpt2_fp32_bs16_e1_r1.csv
Raw GPU metrics saved to results_precision_batch/amd_train_gpt2_fp32_bs16_e1_r1_raw_metrics.csv
