Running on device: Radeon RX 7900 XT
--- Training PyTorch Model: resnet50 | Precision: bf16 | Batch: 24 ---
Epoch 1/1
Epoch 1 time: 28.400s | Last loss: 2.4622

--- Benchmark Complete ---
timestamp: 2025-10-18T09:45:55.140523
gpu_vendor: amd
gpu_name: Radeon RX 7900 XT
model: resnet50
precision: bf16
batch_size: 24
epochs: 1
total_time_sec: 28.4004
avg_throughput_samples_per_sec: 84.5059
final_loss: 2.4622
nan_inf_count: 0
skipped_steps: 0
peak_memory_mb: 1911.2383
avg_utilization_percent: 92.8621
avg_power_watts: 222.2759
Results saved to results_precision_batch/amd_train_resnet50_bf16_bs24_e1_r1.csv
Raw GPU metrics saved to results_precision_batch/amd_train_resnet50_bf16_bs24_e1_r1_raw_metrics.csv
