Running on device: Radeon RX 7900 XT
--- Training PyTorch Model: gpt2 | Precision: fp16 | Batch: 1 ---
Epoch 1/1
Epoch 1 time: 4.290s | Last loss: 11.0713

--- Benchmark Complete ---
timestamp: 2025-10-18T10:43:14.895471
gpu_vendor: amd
gpu_name: Radeon RX 7900 XT
model: gpt2
precision: fp16
batch_size: 1
epochs: 1
total_time_sec: 4.2901
avg_throughput_samples_per_sec: 23.3094
final_loss: 11.0713
nan_inf_count: 0
skipped_steps: 0
peak_memory_mb: 3023.0234
avg_utilization_percent: 29
avg_power_watts: 85.9091
Results saved to results_precision_batch/amd_train_gpt2_fp16_bs1_e1_r1.csv
Raw GPU metrics saved to results_precision_batch/amd_train_gpt2_fp16_bs1_e1_r1_raw_metrics.csv
