Running on device: Radeon RX 7900 XT
--- Training PyTorch Model: gpt2 | Precision: bf16 | Batch: 8 ---
Epoch 1/1
Epoch 1 time: 5.473s | Last loss: 10.9383

--- Benchmark Complete ---
timestamp: 2025-10-18T10:48:47.239477
gpu_vendor: amd
gpu_name: Radeon RX 7900 XT
model: gpt2
precision: bf16
batch_size: 8
epochs: 1
total_time_sec: 5.4736
avg_throughput_samples_per_sec: 146.1548
final_loss: 10.9383
nan_inf_count: 0
skipped_steps: 0
peak_memory_mb: 3976.7695
avg_utilization_percent: 37
avg_power_watts: 113.5714
Results saved to results_precision_batch/amd_train_gpt2_bf16_bs8_e1_r1.csv
Raw GPU metrics saved to results_precision_batch/amd_train_gpt2_bf16_bs8_e1_r1_raw_metrics.csv
