Running on device: Radeon RX 7900 XT
--- Training PyTorch Model: resnet50 | Precision: fp32 | Batch: 24 ---
Epoch 1/1
Epoch 1 time: 33.477s | Last loss: 2.4620

--- Benchmark Complete ---
timestamp: 2025-10-18T08:50:19.406399
gpu_vendor: amd
gpu_name: Radeon RX 7900 XT
model: resnet50
precision: fp32
batch_size: 24
epochs: 1
total_time_sec: 33.4776
avg_throughput_samples_per_sec: 71.6896
final_loss: 2.4620
nan_inf_count: 0
skipped_steps: 0
peak_memory_mb: 2936.0625
avg_utilization_percent: 87.1471
avg_power_watts: 220.9412
Results saved to results_precision_batch/amd_train_resnet50_fp32_bs24_e1_r1.csv
Raw GPU metrics saved to results_precision_batch/amd_train_resnet50_fp32_bs24_e1_r1_raw_metrics.csv
