Running on device: Radeon RX 7900 XT
--- Training PyTorch Model: gpt2 | Precision: fp32 | Batch: 24 ---
Epoch 1/1
Epoch 1 time: 35.807s | Last loss: 10.9131

--- Benchmark Complete ---
timestamp: 2025-10-18T10:33:44.038446
gpu_vendor: amd
gpu_name: Radeon RX 7900 XT
model: gpt2
precision: fp32
batch_size: 24
epochs: 1
total_time_sec: 35.8070
avg_throughput_samples_per_sec: 67.0260
final_loss: 10.9131
nan_inf_count: 0
skipped_steps: 0
peak_memory_mb: 8128.7617
avg_utilization_percent: 79.6591
avg_power_watts: 222.7273
Results saved to results_precision_batch/amd_train_gpt2_fp32_bs24_e1_r1.csv
Raw GPU metrics saved to results_precision_batch/amd_train_gpt2_fp32_bs24_e1_r1_raw_metrics.csv
