Running on device: Radeon RX 7900 XT
--- Training PyTorch Model: gpt2 | Precision: bf16 | Batch: 1 ---
Epoch 1/1
Epoch 1 time: 4.224s | Last loss: 11.0773

--- Benchmark Complete ---
timestamp: 2025-10-18T10:49:49.316967
gpu_vendor: amd
gpu_name: Radeon RX 7900 XT
model: gpt2
precision: bf16
batch_size: 1
epochs: 1
total_time_sec: 4.2246
avg_throughput_samples_per_sec: 23.6709
final_loss: 11.0773
nan_inf_count: 0
skipped_steps: 0
peak_memory_mb: 3051.5352
avg_utilization_percent: 24.4167
avg_power_watts: 75.6667
Results saved to results_precision_batch/amd_train_gpt2_bf16_bs1_e1_r1.csv
Raw GPU metrics saved to results_precision_batch/amd_train_gpt2_bf16_bs1_e1_r1_raw_metrics.csv
