Running on device: Radeon RX 7900 XT
--- Training PyTorch Model: resnet50 | Precision: fp32 | Batch: 128 ---
Epoch 1/1
Epoch 1 time: 173.224s | Last loss: 2.2977

--- Benchmark Complete ---
timestamp: 2025-10-18T08:43:26.904082
gpu_vendor: amd
gpu_name: Radeon RX 7900 XT
model: resnet50
precision: fp32
batch_size: 128
epochs: 1
total_time_sec: 173.2242
avg_throughput_samples_per_sec: 73.8927
final_loss: 2.2977
nan_inf_count: 0
skipped_steps: 0
peak_memory_mb: 12770.1484
avg_utilization_percent: 96.7931
avg_power_watts: 245.9943
Results saved to results_precision_batch/amd_train_resnet50_fp32_bs128_e1_r1.csv
Raw GPU metrics saved to results_precision_batch/amd_train_resnet50_fp32_bs128_e1_r1_raw_metrics.csv
