Running on device: Radeon RX 7900 XT
--- Training PyTorch Model: resnet50 | Precision: bf16 | Batch: 4 ---
Epoch 1/1
Epoch 1 time: 6.845s | Last loss: 1.8809

--- Benchmark Complete ---
timestamp: 2025-10-18T09:47:25.223799
gpu_vendor: amd
gpu_name: Radeon RX 7900 XT
model: resnet50
precision: bf16
batch_size: 4
epochs: 1
total_time_sec: 6.8459
avg_throughput_samples_per_sec: 58.4291
final_loss: 1.8809
nan_inf_count: 0
skipped_steps: 0
peak_memory_mb: 1005.2383
avg_utilization_percent: 68.1250
avg_power_watts: 152.8750
Results saved to results_precision_batch/amd_train_resnet50_bf16_bs4_e1_r1.csv
Raw GPU metrics saved to results_precision_batch/amd_train_resnet50_bf16_bs4_e1_r1_raw_metrics.csv
