Running on device: Radeon RX 7900 XT
--- Training PyTorch Model: bert-large | Precision: fp16 | Batch: 1 ---
Epoch 1/1
Epoch 1 time: 8.992s | Last loss: 0.6602

--- Benchmark Complete ---
timestamp: 2025-10-18T10:16:57.145144
gpu_vendor: amd
gpu_name: Radeon RX 7900 XT
model: bert-large
precision: fp16
batch_size: 1
epochs: 1
total_time_sec: 8.9930
avg_throughput_samples_per_sec: 11.1198
final_loss: 0.6602
nan_inf_count: 0
skipped_steps: 0
peak_memory_mb: 6857.4023
avg_utilization_percent: 41
avg_power_watts: 114.5000
Results saved to results_precision_batch/amd_train_bert-large_fp16_bs1_e1_r1.csv
Raw GPU metrics saved to results_precision_batch/amd_train_bert-large_fp16_bs1_e1_r1_raw_metrics.csv
