Running on device: Radeon RX 7900 XT
--- Training PyTorch Model: bert-large | Precision: bf16 | Batch: 12 ---
Epoch 1/1
Epoch 1 time: 12.578s | Last loss: 0.6543

--- Benchmark Complete ---
timestamp: 2025-10-18T10:24:21.616704
gpu_vendor: amd
gpu_name: Radeon RX 7900 XT
model: bert-large
precision: bf16
batch_size: 12
epochs: 1
total_time_sec: 12.5785
avg_throughput_samples_per_sec: 95.4006
final_loss: 0.6543
nan_inf_count: 0
skipped_steps: 0
peak_memory_mb: 7070.6406
avg_utilization_percent: 56.0500
avg_power_watts: 164.7000
Results saved to results_precision_batch/amd_train_bert-large_bf16_bs12_e1_r1.csv
Raw GPU metrics saved to results_precision_batch/amd_train_bert-large_bf16_bs12_e1_r1_raw_metrics.csv
