Running on device: Radeon RX 7900 XT
--- Training PyTorch Model: resnet50 | Precision: fp16 | Batch: 256 ---
Epoch 1/1
Epoch 1 time: 255.642s | Last loss: 2.3028

--- Benchmark Complete ---
timestamp: 2025-10-18T09:05:32.618447
gpu_vendor: amd
gpu_name: Radeon RX 7900 XT
model: resnet50
precision: fp16
batch_size: 256
epochs: 1
total_time_sec: 255.6424
avg_throughput_samples_per_sec: 100.1399
final_loss: 2.3028
nan_inf_count: 0
skipped_steps: 0
peak_memory_mb: 13110.9453
avg_utilization_percent: 98.0586
avg_power_watts: 240.4141
Results saved to results_precision_batch/amd_train_resnet50_fp16_bs256_e1_r1.csv
Raw GPU metrics saved to results_precision_batch/amd_train_resnet50_fp16_bs256_e1_r1_raw_metrics.csv
