Running on device: Radeon RX 7900 XT
--- Training PyTorch Model: gpt2 | Precision: fp16 | Batch: 64 ---
Epoch 1/1
Epoch 1 time: 25.282s | Last loss: 10.8917

--- Benchmark Complete ---
timestamp: 2025-10-18T10:39:29.509810
gpu_vendor: amd
gpu_name: Radeon RX 7900 XT
model: gpt2
precision: fp16
batch_size: 64
epochs: 1
total_time_sec: 25.2827
avg_throughput_samples_per_sec: 253.1378
final_loss: 10.8917
nan_inf_count: 0
skipped_steps: 0
peak_memory_mb: 16476.0938
avg_utilization_percent: 73.2121
avg_power_watts: 205.5455
Results saved to results_precision_batch/amd_train_gpt2_fp16_bs64_e1_r1.csv
Raw GPU metrics saved to results_precision_batch/amd_train_gpt2_fp16_bs64_e1_r1_raw_metrics.csv
