Running on device: Radeon RX 7900 XT
--- Training PyTorch Model: gpt2 | Precision: fp32 | Batch: 48 ---
Epoch 1/1
Epoch 1 time: 70.663s | Last loss: 10.8945

--- Benchmark Complete ---
timestamp: 2025-10-18T10:31:41.327384
gpu_vendor: amd
gpu_name: Radeon RX 7900 XT
model: gpt2
precision: fp32
batch_size: 48
epochs: 1
total_time_sec: 70.6635
avg_throughput_samples_per_sec: 67.9276
final_loss: 10.8945
nan_inf_count: 0
skipped_steps: 0
peak_memory_mb: 15073.8438
avg_utilization_percent: 87.6875
avg_power_watts: 242.0625
Results saved to results_precision_batch/amd_train_gpt2_fp32_bs48_e1_r1.csv
Raw GPU metrics saved to results_precision_batch/amd_train_gpt2_fp32_bs48_e1_r1_raw_metrics.csv
