Running on device: Radeon RX 7900 XT
--- Training PyTorch Model: bert-large | Precision: fp32 | Batch: 32 ---
Epoch 1/1
Epoch 1 time: 125.857s | Last loss: 0.7211

--- Benchmark Complete ---
timestamp: 2025-10-18T10:00:48.115490
gpu_vendor: amd
gpu_name: Radeon RX 7900 XT
model: bert-large
precision: fp32
batch_size: 32
epochs: 1
total_time_sec: 125.8580
avg_throughput_samples_per_sec: 25.4255
final_loss: 0.7211
nan_inf_count: 0
skipped_steps: 0
peak_memory_mb: 12058.7344
avg_utilization_percent: 91.7132
avg_power_watts: 253.8088
Results saved to results_precision_batch/amd_train_bert-large_fp32_bs32_e1_r1.csv
Raw GPU metrics saved to results_precision_batch/amd_train_bert-large_fp32_bs32_e1_r1_raw_metrics.csv
