Running on device: Radeon RX 7900 XT
--- Training PyTorch Model: resnet50 | Precision: bf16 | Batch: 64 ---
Epoch 1/1
Epoch 1 time: 75.903s | Last loss: 2.3047

--- Benchmark Complete ---
timestamp: 2025-10-18T09:43:22.703186
gpu_vendor: amd
gpu_name: Radeon RX 7900 XT
model: resnet50
precision: bf16
batch_size: 64
epochs: 1
total_time_sec: 75.9030
avg_throughput_samples_per_sec: 84.3182
final_loss: 2.3047
nan_inf_count: 0
skipped_steps: 0
peak_memory_mb: 3859.2617
avg_utilization_percent: 97.1818
avg_power_watts: 237.9221
Results saved to results_precision_batch/amd_train_resnet50_bf16_bs64_e1_r1.csv
Raw GPU metrics saved to results_precision_batch/amd_train_resnet50_bf16_bs64_e1_r1_raw_metrics.csv
