Running on device: Radeon RX 7900 XT
--- Training PyTorch Model: bert-large | Precision: fp32 | Batch: 2 ---
Epoch 1/1
Epoch 1 time: 12.028s | Last loss: 0.8030

--- Benchmark Complete ---
timestamp: 2025-10-18T10:07:23.031379
gpu_vendor: amd
gpu_name: Radeon RX 7900 XT
model: bert-large
precision: fp32
batch_size: 2
epochs: 1
total_time_sec: 12.0285
avg_throughput_samples_per_sec: 16.6272
final_loss: 0.8030
nan_inf_count: 0
skipped_steps: 0
peak_memory_mb: 6991.8750
avg_utilization_percent: 52.6667
avg_power_watts: 153.1429
Results saved to results_precision_batch/amd_train_bert-large_fp32_bs2_e1_r1.csv
Raw GPU metrics saved to results_precision_batch/amd_train_bert-large_fp32_bs2_e1_r1_raw_metrics.csv
