Running on device: Radeon RX 7900 XT
--- Training PyTorch Model: gpt2 | Precision: fp16 | Batch: 16 ---
Epoch 1/1
Epoch 1 time: 7.980s | Last loss: 10.9164

--- Benchmark Complete ---
timestamp: 2025-10-18T10:41:26.375426
gpu_vendor: amd
gpu_name: Radeon RX 7900 XT
model: gpt2
precision: fp16
batch_size: 16
epochs: 1
total_time_sec: 7.9800
avg_throughput_samples_per_sec: 200.5015
final_loss: 10.9164
nan_inf_count: 0
skipped_steps: 0
peak_memory_mb: 5571.0234
avg_utilization_percent: 49.6000
avg_power_watts: 148.0667
Results saved to results_precision_batch/amd_train_gpt2_fp16_bs16_e1_r1.csv
Raw GPU metrics saved to results_precision_batch/amd_train_gpt2_fp16_bs16_e1_r1_raw_metrics.csv
