Running on device: Radeon RX 7900 XT
--- Training PyTorch Model: gpt2 | Precision: bf16 | Batch: 4 ---
Epoch 1/1
Epoch 1 time: 4.380s | Last loss: 10.9579

--- Benchmark Complete ---
timestamp: 2025-10-18T10:49:08.077244
gpu_vendor: amd
gpu_name: Radeon RX 7900 XT
model: gpt2
precision: bf16
batch_size: 4
epochs: 1
total_time_sec: 4.3800
avg_throughput_samples_per_sec: 91.3248
final_loss: 10.9579
nan_inf_count: 0
skipped_steps: 0
peak_memory_mb: 3192.7578
avg_utilization_percent: 28.5000
avg_power_watts: 88.9167
Results saved to results_precision_batch/amd_train_gpt2_bf16_bs4_e1_r1.csv
Raw GPU metrics saved to results_precision_batch/amd_train_gpt2_bf16_bs4_e1_r1_raw_metrics.csv
