Running on device: Radeon RX 7900 XT
--- Training PyTorch Model: bert-large | Precision: bf16 | Batch: 32 ---
Epoch 1/1
Epoch 1 time: 23.178s | Last loss: 0.6857

--- Benchmark Complete ---
timestamp: 2025-10-18T10:22:43.595677
gpu_vendor: amd
gpu_name: Radeon RX 7900 XT
model: bert-large
precision: bf16
batch_size: 32
epochs: 1
total_time_sec: 23.1784
avg_throughput_samples_per_sec: 138.0594
final_loss: 0.6857
nan_inf_count: 0
skipped_steps: 0
peak_memory_mb: 9231.5078
avg_utilization_percent: 68.5938
avg_power_watts: 194.7812
Results saved to results_precision_batch/amd_train_bert-large_bf16_bs32_e1_r1.csv
Raw GPU metrics saved to results_precision_batch/amd_train_bert-large_bf16_bs32_e1_r1_raw_metrics.csv
