Running on device: Radeon RX 7900 XT
--- Training PyTorch Model: resnet50 | Precision: fp16 | Batch: 4 ---
Epoch 1/1
Epoch 1 time: 9.043s | Last loss: 1.8811

--- Benchmark Complete ---
timestamp: 2025-10-18T09:19:24.652849
gpu_vendor: amd
gpu_name: Radeon RX 7900 XT
model: resnet50
precision: fp16
batch_size: 4
epochs: 1
total_time_sec: 9.0436
avg_throughput_samples_per_sec: 44.2301
final_loss: 1.8811
nan_inf_count: 0
skipped_steps: 0
peak_memory_mb: 996.8945
avg_utilization_percent: 54.6000
avg_power_watts: 124.3000
Results saved to results_precision_batch/amd_train_resnet50_fp16_bs4_e1_r1.csv
Raw GPU metrics saved to results_precision_batch/amd_train_resnet50_fp16_bs4_e1_r1_raw_metrics.csv
