Running on device: Radeon RX 7900 XT
--- Training PyTorch Model: bert-large | Precision: bf16 | Batch: 96 ---
Epoch 1/1
Epoch 1 time: 58.499s | Last loss: 0.7229

--- Benchmark Complete ---
timestamp: 2025-10-18T10:20:12.785824
gpu_vendor: amd
gpu_name: Radeon RX 7900 XT
model: bert-large
precision: bf16
batch_size: 96
epochs: 1
total_time_sec: 58.4995
avg_throughput_samples_per_sec: 164.1040
final_loss: 0.7229
nan_inf_count: 0
skipped_steps: 0
peak_memory_mb: 17539.5664
avg_utilization_percent: 87.2273
avg_power_watts: 240.5455
Results saved to results_precision_batch/amd_train_bert-large_bf16_bs96_e1_r1.csv
Raw GPU metrics saved to results_precision_batch/amd_train_bert-large_bf16_bs96_e1_r1_raw_metrics.csv
