Running on device: Radeon RX 7900 XT
--- Training PyTorch Model: bert-large | Precision: fp32 | Batch: 8 ---
Epoch 1/1
Epoch 1 time: 34.892s | Last loss: 0.7706

--- Benchmark Complete ---
timestamp: 2025-10-18T10:06:17.344247
gpu_vendor: amd
gpu_name: Radeon RX 7900 XT
model: bert-large
precision: fp32
batch_size: 8
epochs: 1
total_time_sec: 34.8924
avg_throughput_samples_per_sec: 22.9276
final_loss: 0.7706
nan_inf_count: 0
skipped_steps: 0
peak_memory_mb: 6835.8828
avg_utilization_percent: 77.3864
avg_power_watts: 216.4091
Results saved to results_precision_batch/amd_train_bert-large_fp32_bs8_e1_r1.csv
Raw GPU metrics saved to results_precision_batch/amd_train_bert-large_fp32_bs8_e1_r1_raw_metrics.csv
