Running on device: Radeon RX 7900 XT
--- Training PyTorch Model: gpt2 | Precision: fp16 | Batch: 4 ---
Epoch 1/1
Epoch 1 time: 4.522s | Last loss: 10.9539

--- Benchmark Complete ---
timestamp: 2025-10-18T10:42:33.366671
gpu_vendor: amd
gpu_name: Radeon RX 7900 XT
model: gpt2
precision: fp16
batch_size: 4
epochs: 1
total_time_sec: 4.5228
avg_throughput_samples_per_sec: 88.4412
final_loss: 10.9539
nan_inf_count: 0
skipped_steps: 0
peak_memory_mb: 3184.2695
avg_utilization_percent: 32.5455
avg_power_watts: 103.2727
Results saved to results_precision_batch/amd_train_gpt2_fp16_bs4_e1_r1.csv
Raw GPU metrics saved to results_precision_batch/amd_train_gpt2_fp16_bs4_e1_r1_raw_metrics.csv
