Running on device: Radeon RX 7900 XT
--- Training PyTorch Model: resnet50 | Precision: fp16 | Batch: 32 ---
Epoch 1/1
Epoch 1 time: 38.248s | Last loss: 2.3359

--- Benchmark Complete ---
timestamp: 2025-10-18T09:17:08.424923
gpu_vendor: amd
gpu_name: Radeon RX 7900 XT
model: resnet50
precision: fp16
batch_size: 32
epochs: 1
total_time_sec: 38.2485
avg_throughput_samples_per_sec: 83.6635
final_loss: 2.3359
nan_inf_count: 0
skipped_steps: 0
peak_memory_mb: 2370.9141
avg_utilization_percent: 88.7179
avg_power_watts: 212.3590
Results saved to results_precision_batch/amd_train_resnet50_fp16_bs32_e1_r1.csv
Raw GPU metrics saved to results_precision_batch/amd_train_resnet50_fp16_bs32_e1_r1_raw_metrics.csv
