Running on device: Radeon RX 7900 XT
--- Training PyTorch Model: bert-large | Precision: fp32 | Batch: 64 ---
Epoch 1/1
Epoch 1 time: 246.669s | Last loss: 0.7172

--- Benchmark Complete ---
timestamp: 2025-10-18T09:54:53.091171
gpu_vendor: amd
gpu_name: Radeon RX 7900 XT
model: bert-large
precision: fp32
batch_size: 64
epochs: 1
total_time_sec: 246.6701
avg_throughput_samples_per_sec: 25.9456
final_loss: 0.7172
nan_inf_count: 0
skipped_steps: 0
peak_memory_mb: 18037.1914
avg_utilization_percent: 96.2549
avg_power_watts: 264.9804
Results saved to results_precision_batch/amd_train_bert-large_fp32_bs64_e1_r1.csv
Raw GPU metrics saved to results_precision_batch/amd_train_bert-large_fp32_bs64_e1_r1_raw_metrics.csv
