Running on device: Radeon RX 7900 XT
--- Training PyTorch Model: gpt2 | Precision: bf16 | Batch: 64 ---
Epoch 1/1
Epoch 1 time: 24.980s | Last loss: 10.8961

--- Benchmark Complete ---
timestamp: 2025-10-18T10:46:03.818775
gpu_vendor: amd
gpu_name: Radeon RX 7900 XT
model: gpt2
precision: bf16
batch_size: 64
epochs: 1
total_time_sec: 24.9808
avg_throughput_samples_per_sec: 256.1969
final_loss: 10.8961
nan_inf_count: 0
skipped_steps: 0
peak_memory_mb: 16484.5859
avg_utilization_percent: 75.8438
avg_power_watts: 212.1250
Results saved to results_precision_batch/amd_train_gpt2_bf16_bs64_e1_r1.csv
Raw GPU metrics saved to results_precision_batch/amd_train_gpt2_bf16_bs64_e1_r1_raw_metrics.csv
