Running on device: Radeon RX 7900 XT
--- Training PyTorch Model: resnet50 | Precision: fp32 | Batch: 1 ---
Epoch 1/1
Epoch 1 time: 6.058s | Last loss: 2.4641

--- Benchmark Complete ---
timestamp: 2025-10-18T08:52:32.483846
gpu_vendor: amd
gpu_name: Radeon RX 7900 XT
model: resnet50
precision: fp32
batch_size: 1
epochs: 1
total_time_sec: 6.0581
avg_throughput_samples_per_sec: 16.5068
final_loss: 2.4641
nan_inf_count: 0
skipped_steps: 0
peak_memory_mb: 960.0547
avg_utilization_percent: 37.2857
avg_power_watts: 93.1429
Results saved to results_precision_batch/amd_train_resnet50_fp32_bs1_e1_r1.csv
Raw GPU metrics saved to results_precision_batch/amd_train_resnet50_fp32_bs1_e1_r1_raw_metrics.csv
