Running on device: Radeon RX 7900 XT
--- Training PyTorch Model: resnet50 | Precision: fp16 | Batch: 16 ---
Epoch 1/1
Epoch 1 time: 20.958s | Last loss: 2.2338

--- Benchmark Complete ---
timestamp: 2025-10-18T09:18:17.618315
gpu_vendor: amd
gpu_name: Radeon RX 7900 XT
model: resnet50
precision: fp16
batch_size: 16
epochs: 1
total_time_sec: 20.9584
avg_throughput_samples_per_sec: 76.3416
final_loss: 2.2338
nan_inf_count: 0
skipped_steps: 0
peak_memory_mb: 1542.8867
avg_utilization_percent: 80.2273
avg_power_watts: 191.2727
Results saved to results_precision_batch/amd_train_resnet50_fp16_bs16_e1_r1.csv
Raw GPU metrics saved to results_precision_batch/amd_train_resnet50_fp16_bs16_e1_r1_raw_metrics.csv
