Running on device: Radeon RX 7900 XT
--- Training PyTorch Model: bert-large | Precision: fp32 | Batch: 4 ---
Epoch 1/1
Epoch 1 time: 17.863s | Last loss: 0.8168

--- Benchmark Complete ---
timestamp: 2025-10-18T10:06:52.215135
gpu_vendor: amd
gpu_name: Radeon RX 7900 XT
model: bert-large
precision: fp32
batch_size: 4
epochs: 1
total_time_sec: 17.8636
avg_throughput_samples_per_sec: 22.3919
final_loss: 0.8168
nan_inf_count: 0
skipped_steps: 0
peak_memory_mb: 6809.8867
avg_utilization_percent: 66.4615
avg_power_watts: 186.6154
Results saved to results_precision_batch/amd_train_bert-large_fp32_bs4_e1_r1.csv
Raw GPU metrics saved to results_precision_batch/amd_train_bert-large_fp32_bs4_e1_r1_raw_metrics.csv
