Running on device: Radeon RX 7900 XT
--- Training PyTorch Model: bert-large | Precision: bf16 | Batch: 8 ---
Epoch 1/1
Epoch 1 time: 10.550s | Last loss: 0.6880

--- Benchmark Complete ---
timestamp: 2025-10-18T10:24:50.491676
gpu_vendor: amd
gpu_name: Radeon RX 7900 XT
model: bert-large
precision: bf16
batch_size: 8
epochs: 1
total_time_sec: 10.5504
avg_throughput_samples_per_sec: 75.8264
final_loss: 0.6880
nan_inf_count: 0
skipped_steps: 0
peak_memory_mb: 7046.6602
avg_utilization_percent: 50.9000
avg_power_watts: 151.6500
Results saved to results_precision_batch/amd_train_bert-large_bf16_bs8_e1_r1.csv
Raw GPU metrics saved to results_precision_batch/amd_train_bert-large_bf16_bs8_e1_r1_raw_metrics.csv
