Running on device: Radeon RX 7900 XT
--- Training PyTorch Model: resnet50 | Precision: fp16 | Batch: 8 ---
Epoch 1/1
Epoch 1 time: 12.845s | Last loss: 2.4006

--- Benchmark Complete ---
timestamp: 2025-10-18T09:19:05.779637
gpu_vendor: amd
gpu_name: Radeon RX 7900 XT
model: resnet50
precision: fp16
batch_size: 8
epochs: 1
total_time_sec: 12.8449
avg_throughput_samples_per_sec: 62.2814
final_loss: 2.4006
nan_inf_count: 0
skipped_steps: 0
peak_memory_mb: 1162.8828
avg_utilization_percent: 68
avg_power_watts: 158.4286
Results saved to results_precision_batch/amd_train_resnet50_fp16_bs8_e1_r1.csv
Raw GPU metrics saved to results_precision_batch/amd_train_resnet50_fp16_bs8_e1_r1_raw_metrics.csv
