Running on device: Radeon RX 7900 XT
--- Training PyTorch Model: bert-large | Precision: bf16 | Batch: 64 ---
Epoch 1/1
Epoch 1 time: 40.251s | Last loss: 0.7869

--- Benchmark Complete ---
timestamp: 2025-10-18T10:21:13.992423
gpu_vendor: amd
gpu_name: Radeon RX 7900 XT
model: bert-large
precision: bf16
batch_size: 64
epochs: 1
total_time_sec: 40.2514
avg_throughput_samples_per_sec: 159.0006
final_loss: 0.7869
nan_inf_count: 0
skipped_steps: 0
peak_memory_mb: 13569.9375
avg_utilization_percent: 78.2600
avg_power_watts: 219.2600
Results saved to results_precision_batch/amd_train_bert-large_bf16_bs64_e1_r1.csv
Raw GPU metrics saved to results_precision_batch/amd_train_bert-large_bf16_bs64_e1_r1_raw_metrics.csv
